[GC (Allocation Failure) [ParNew: 64512K->8000K(72512K), 0.0097009 secs] 64512K->8772K(233664K), 0.0097674 secs] [Times: user=0.01 sys=0.01, real=0.01 secs] 
[GC (Allocation Failure) [ParNew: 72512K->7541K(72512K), 0.0498377 secs] 73284K->11681K(233664K), 0.0498799 secs] [Times: user=0.11 sys=0.00, real=0.05 secs] 
[GC (Allocation Failure) [ParNew: 72053K->4908K(72512K), 0.0179770 secs] 76193K->10291K(233664K), 0.0180198 secs] [Times: user=0.06 sys=0.00, real=0.02 secs] 
[GC (CMS Initial Mark) [1 CMS-initial-mark: 5383K(161152K)] 10291K(233664K), 0.0008944 secs] [Times: user=0.00 sys=0.00, real=0.00 secs] 
[CMS-concurrent-mark-start]
[CMS-concurrent-mark: 0.011/0.011 secs] [Times: user=0.03 sys=0.00, real=0.02 secs] 
[CMS-concurrent-preclean-start]
[CMS-concurrent-preclean: 0.001/0.001 secs] [Times: user=0.00 sys=0.00, real=0.00 secs] 
[GC (CMS Final Remark) [YG occupancy: 6168 K (72512 K)][Rescan (parallel) , 0.0048153 secs][weak refs processing, 0.0000246 secs][class unloading, 0.0029363 secs][scrub symbol table, 0.0018775 secs][scrub string table, 0.0003450 secs][1 CMS-remark: 5383K(161152K)] 11552K(233664K), 0.0104664 secs] [Times: user=0.03 sys=0.00, real=0.01 secs] 
[CMS-concurrent-sweep-start]
[CMS-concurrent-sweep: 0.003/0.003 secs] [Times: user=0.01 sys=0.00, real=0.00 secs] 
[CMS-concurrent-reset-start]
[CMS-concurrent-reset: 0.006/0.006 secs] [Times: user=0.01 sys=0.01, real=0.01 secs] 
[GC (Allocation Failure) [ParNew: 69420K->6336K(72512K), 0.0060983 secs] 74027K->11779K(233664K), 0.0061416 secs] [Times: user=0.02 sys=0.00, real=0.00 secs] 
[GC (Allocation Failure) [ParNew: 70848K->7330K(72512K), 0.0249317 secs] 76291K->14007K(233664K), 0.0249779 secs] [Times: user=0.09 sys=0.00, real=0.03 secs] 
[GC (Allocation Failure) [ParNew: 71842K->4709K(72512K), 0.0274428 secs] 78519K->14106K(233664K), 0.0274910 secs] [Times: user=0.05 sys=0.01, real=0.02 secs] 
[GC (CMS Initial Mark) [1 CMS-initial-mark: 9396K(161152K)] 15385K(233664K), 0.0009532 secs] [Times: user=0.00 sys=0.00, real=0.00 secs] 
[CMS-concurrent-mark-start]
[CMS-concurrent-mark: 0.012/0.013 secs] [Times: user=0.04 sys=0.00, real=0.02 secs] 
[CMS-concurrent-preclean-start]
[CMS-concurrent-preclean: 0.001/0.001 secs] [Times: user=0.00 sys=0.00, real=0.00 secs] 
[CMS-concurrent-abortable-preclean-start]
[CMS-concurrent-abortable-preclean: 0.048/0.164 secs] [Times: user=0.51 sys=0.01, real=0.16 secs] 
[GC (CMS Final Remark) [YG occupancy: 38051 K (72512 K)][Rescan (parallel) , 0.0159705 secs][weak refs processing, 0.0000741 secs][class unloading, 0.0070999 secs][scrub symbol table, 0.0069575 secs][scrub string table, 0.0008087 secs][1 CMS-remark: 9396K(161152K)] 47447K(233664K), 0.0314001 secs] [Times: user=0.08 sys=0.00, real=0.04 secs] 
[CMS-concurrent-sweep-start]
[CMS-concurrent-sweep: 0.006/0.006 secs] [Times: user=0.02 sys=0.00, real=0.00 secs] 
[CMS-concurrent-reset-start]
[CMS-concurrent-reset: 0.001/0.001 secs] [Times: user=0.00 sys=0.00, real=0.00 secs] 
[GC (Allocation Failure) [ParNew: 69221K->5350K(72512K), 0.0043226 secs] 78485K->14615K(233664K), 0.0043688 secs] [Times: user=0.01 sys=0.00, real=0.01 secs] 
[GC (Allocation Failure) [ParNew: 69862K->6191K(72512K), 0.0122466 secs] 79127K->17291K(233664K), 0.0123049 secs] [Times: user=0.05 sys=0.00, real=0.01 secs] 
[GC (Allocation Failure) [ParNew: 70703K->8000K(72512K), 0.0203623 secs] 81803K->37036K(233664K), 0.0204280 secs] [Times: user=0.04 sys=0.00, real=0.02 secs] 
[GC (Allocation Failure) [ParNew: 72512K->8000K(72512K), 0.0098598 secs] 101548K->45218K(233664K), 0.0099034 secs] [Times: user=0.02 sys=0.00, real=0.00 secs] 
[GC (Allocation Failure) [ParNew: 72512K->5246K(72512K), 0.0075727 secs] 109730K->43289K(233664K), 0.0076240 secs] [Times: user=0.02 sys=0.00, real=0.01 secs] 
[GC (Allocation Failure) [ParNew: 69758K->5629K(72512K), 0.0098142 secs] 107801K->44416K(233664K), 0.0098741 secs] [Times: user=0.03 sys=0.00, real=0.00 secs] 
[GC (Allocation Failure) [ParNew: 70141K->8000K(72512K), 0.0177011 secs] 108928K->48421K(233664K), 0.0177624 secs] [Times: user=0.03 sys=0.00, real=0.02 secs] 
[GC (CMS Initial Mark) [1 CMS-initial-mark: 40421K(161152K)] 49538K(233664K), 0.0031734 secs] [Times: user=0.01 sys=0.00, real=0.00 secs] 
[CMS-concurrent-mark-start]
[CMS-concurrent-mark: 0.025/0.025 secs] [Times: user=0.07 sys=0.00, real=0.03 secs] 
[CMS-concurrent-preclean-start]
[CMS-concurrent-preclean: 0.001/0.001 secs] [Times: user=0.00 sys=0.00, real=0.00 secs] 
[CMS-concurrent-abortable-preclean-start]
[CMS-concurrent-abortable-preclean: 0.137/0.223 secs] [Times: user=0.56 sys=0.01, real=0.22 secs] 
[GC (CMS Final Remark) [YG occupancy: 47938 K (72512 K)][Rescan (parallel) , 0.0063594 secs][weak refs processing, 0.0001004 secs][class unloading, 0.0090377 secs][scrub symbol table, 0.0116262 secs][scrub string table, 0.0006883 secs][1 CMS-remark: 40421K(161152K)] 88360K(233664K), 0.0282055 secs] [Times: user=0.05 sys=0.00, real=0.03 secs] 
[CMS-concurrent-sweep-start]
[CMS-concurrent-sweep: 0.010/0.013 secs] [Times: user=0.04 sys=0.00, real=0.01 secs] 
[CMS-concurrent-reset-start]
[CMS-concurrent-reset: 0.001/0.001 secs] [Times: user=0.00 sys=0.00, real=0.01 secs] 
[GC (Allocation Failure) [ParNew: 72512K->3417K(72512K), 0.0176461 secs] 109487K->42747K(233664K), 0.0176902 secs] [Times: user=0.05 sys=0.00, real=0.01 secs] 
[GC (Allocation Failure) [ParNew: 67929K->3687K(72512K), 0.0043544 secs] 107259K->43018K(233664K), 0.0044110 secs] [Times: user=0.01 sys=0.01, real=0.00 secs] 
[GC (Allocation Failure) [ParNew: 68199K->5752K(72512K), 0.0052403 secs] 107530K->45083K(233664K), 0.0052948 secs] [Times: user=0.02 sys=0.00, real=0.01 secs] 
[GC (Allocation Failure) [ParNew: 70264K->7999K(72512K), 0.0166854 secs] 109595K->50749K(233664K), 0.0167502 secs] [Times: user=0.05 sys=0.01, real=0.02 secs] 
[GC (Allocation Failure) [ParNew: 72511K->7999K(72512K), 0.0264331 secs] 115261K->58840K(233664K), 0.0265025 secs] [Times: user=0.05 sys=0.00, real=0.02 secs] 
[GC (Allocation Failure) [ParNew: 72511K->7491K(72512K), 0.0117490 secs] 123352K->58332K(233664K), 0.0118061 secs] [Times: user=0.03 sys=0.00, real=0.01 secs] 
[GC (Allocation Failure) [ParNew: 72003K->6900K(72512K), 0.0374369 secs] 122844K->61071K(233664K), 0.0375065 secs] [Times: user=0.15 sys=0.00, real=0.03 secs] 
============================= use V2 Table
[GC (Allocation Failure) [ParNew: 71412K->6088K(72512K), 0.0122346 secs] 125583K->61594K(233664K), 0.0122870 secs] [Times: user=0.03 sys=0.00, real=0.01 secs] 
========== init snapshot for new table!!!
========= table_name: s3://mob-emr-test/dataplatform/DataWareHouse/offline/xihe/test1/, partition_info: -5
========== init snapshot for new table!!!
========= table_name: s3://mob-emr-test/dataplatform/DataWareHouse/offline/xihe/test1/, partition_info: -5
=========== first commit and get snapshot table info!!!
========= table_name: s3://mob-emr-test/dataplatform/DataWareHouse/offline/xihe/test1/
======== data schema: range_col,hash_col,col0
======== merged schema: range_col,hash_col,col0
******************* table info: 
=============== table_name: s3://mob-emr-test/dataplatform/DataWareHouse/offline/xihe/test1/
=============== range_column: range_col
[GC (Allocation Failure) [ParNew: 70600K->4531K(72512K), 0.0080750 secs] 126106K->61101K(233664K), 0.0081375 secs] [Times: user=0.02 sys=0.00, real=0.01 secs] 
=================*************************====================
=================************************* data schema: range_col,hash_col,col0
=================************************* output schema: {range_col#10},{hash_col#11},{col0#12}
[GC (Allocation Failure) [ParNew: 69043K->6429K(72512K), 0.0266265 secs] 125613K->64104K(233664K), 0.0267113 secs] [Times: user=0.11 sys=0.00, real=0.03 secs] 
[GC (Allocation Failure) [ParNew: 70941K->4886K(72512K), 0.0171378 secs] 128616K->64642K(233664K), 0.0172077 secs] [Times: user=0.03 sys=0.00, real=0.02 secs] 
[GC (Allocation Failure) [ParNew: 68373K->4948K(72512K), 0.0153561 secs] 128130K->64705K(233664K), 0.0154392 secs] [Times: user=0.05 sys=0.00, real=0.01 secs] 
[GC (Allocation Failure) [ParNew: 69458K->8000K(72512K), 0.0303730 secs] 129214K->87599K(233664K), 0.0304362 secs] [Times: user=0.07 sys=0.01, real=0.03 secs] 
java.lang.Thread.getStackTrace(Thread.java:1559)
org.apache.spark.sql.engineplus.Transaction.$anonfun$commit$1(TransactionCommit.scala:170)
scala.runtime.java8.JFunction0$mcV$sp.apply(JFunction0$mcV$sp.java:23)
org.apache.spark.sql.engineplus.SnapshotManagement.lockInterruptibly(SnapshotManagement.scala:163)
org.apache.spark.sql.engineplus.Transaction.commit(TransactionCommit.scala:166)
org.apache.spark.sql.engineplus.Transaction.commit$(TransactionCommit.scala:164)
org.apache.spark.sql.engineplus.TransactionCommit.commit(TransactionCommit.scala:19)
org.apache.spark.sql.engineplus.commands.WriteIntoTable.$anonfun$run$1(WriteIntoTable.scala:67)
org.apache.spark.sql.engineplus.commands.WriteIntoTable.$anonfun$run$1$adapted(WriteIntoTable.scala:64)
org.apache.spark.sql.engineplus.SnapshotManagement.withNewTransaction(SnapshotManagement.scala:105)
org.apache.spark.sql.engineplus.commands.WriteIntoTable.run(WriteIntoTable.scala:64)
org.apache.spark.sql.engineplus.sources.EnginePlusDataSource.createRelation(EnginePlusDataSource.scala:54)
org.apache.spark.sql.execution.datasources.SaveIntoDataSourceCommand.run(SaveIntoDataSourceCommand.scala:46)
org.apache.spark.sql.execution.command.ExecutedCommandExec.sideEffectResult$lzycompute(commands.scala:70)
org.apache.spark.sql.execution.command.ExecutedCommandExec.sideEffectResult(commands.scala:68)
org.apache.spark.sql.execution.command.ExecutedCommandExec.doExecute(commands.scala:90)
org.apache.spark.sql.execution.SparkPlan.$anonfun$execute$1(SparkPlan.scala:175)
org.apache.spark.sql.execution.SparkPlan.$anonfun$executeQuery$1(SparkPlan.scala:213)
org.apache.spark.rdd.RDDOperationScope$.withScope(RDDOperationScope.scala:151)
org.apache.spark.sql.execution.SparkPlan.executeQuery(SparkPlan.scala:210)
org.apache.spark.sql.execution.SparkPlan.execute(SparkPlan.scala:171)
org.apache.spark.sql.execution.QueryExecution.toRdd$lzycompute(QueryExecution.scala:109)
org.apache.spark.sql.execution.QueryExecution.toRdd(QueryExecution.scala:108)
org.apache.spark.sql.DataFrameWriter.$anonfun$runCommand$1(DataFrameWriter.scala:944)
org.apache.spark.sql.execution.SQLExecution$.$anonfun$withNewExecutionId$5(SQLExecution.scala:103)
org.apache.spark.sql.execution.SQLExecution$.withSQLConfPropagated(SQLExecution.scala:163)
org.apache.spark.sql.execution.SQLExecution$.$anonfun$withNewExecutionId$1(SQLExecution.scala:90)
org.apache.spark.sql.SparkSession.withActive(SparkSession.scala:764)
org.apache.spark.sql.execution.SQLExecution$.withNewExecutionId(SQLExecution.scala:64)
org.apache.spark.sql.DataFrameWriter.runCommand(DataFrameWriter.scala:944)
org.apache.spark.sql.DataFrameWriter.saveToV1Source(DataFrameWriter.scala:396)
org.apache.spark.sql.DataFrameWriter.save(DataFrameWriter.scala:327)
org.apache.spark.sql.DataFrameWriter.save(DataFrameWriter.scala:269)
com.mobvista.dataplatform.test.ConcurrentTest$.first_commit(ConcurrentTest.scala:81)
com.mobvista.dataplatform.test.ConcurrentTest$.main(ConcurrentTest.scala:30)
com.mobvista.dataplatform.test.ConcurrentTest.main(ConcurrentTest.scala)
sun.reflect.NativeMethodAccessorImpl.invoke0(Native Method)
sun.reflect.NativeMethodAccessorImpl.invoke(NativeMethodAccessorImpl.java:62)
sun.reflect.DelegatingMethodAccessorImpl.invoke(DelegatingMethodAccessorImpl.java:43)
java.lang.reflect.Method.invoke(Method.java:498)
org.apache.spark.deploy.JavaMainApplication.start(SparkApplication.scala:52)
org.apache.spark.deploy.SparkSubmit.org$apache$spark$deploy$SparkSubmit$$runMain(SparkSubmit.scala:934)
org.apache.spark.deploy.SparkSubmit.doRunMain$1(SparkSubmit.scala:180)
org.apache.spark.deploy.SparkSubmit.submit(SparkSubmit.scala:203)
org.apache.spark.deploy.SparkSubmit.doSubmit(SparkSubmit.scala:90)
org.apache.spark.deploy.SparkSubmit$$anon$2.doSubmit(SparkSubmit.scala:1013)
org.apache.spark.deploy.SparkSubmit$.main(SparkSubmit.scala:1022)
org.apache.spark.deploy.SparkSubmit.main(SparkSubmit.scala)
=========== configuration before create: Map()
=========**** depend_partitions ****========: Set(range_col=0)
=========**** depend_partitions cycle range_key ****========: range_col=0
=========**** final partitions ****========: range_col=0
=========== configuration before commit: Map()
{{{{{{commit: d2bc7431-15e1-4bd8-8580-00293c5915bd begin!!!}}}}}}
===================add commit undo log ~~~~~
===================add partition undo log ~~~~~
===================add file undo log ~~~~~
+++++++++++++++++add new file: s3://mob-emr-test/dataplatform/DataWareHouse/offline/xihe/test1/range_col=0/part-00000-782e1566-0d65-418a-a551-96b9f12ebbe9.c000.snappy.parquet ++++++++++++++++
=====!!!!!!===== batch delete addFile undo log for id=d2bc7431-15e1-4bd8-8580-00293c5915bd
=====!!!!!!===== batch delete expireFile undo log for id=d2bc7431-15e1-4bd8-8580-00293c5915bd
=====!!!!!!===== batch delete partition undo log for id=d2bc7431-15e1-4bd8-8580-00293c5915bd
=====!!!!!!===== batch delete commit undo log for id=d2bc7431-15e1-4bd8-8580-00293c5915bd
{{{{{{commit: d2bc7431-15e1-4bd8-8580-00293c5915bd success!!!}}}}}}
========***** file partition map *****=======: Map()
+++++++++++++++ create EnginePlusTable ~~~
+++++++++++++++ create EnginePlusTable ~~~
========== create snapshot for exists table!!!
========== create snapshot for exists table!!!
=====***** setting ****======= : Map()
=====***** setting ****======= : Map()
========= table_name: s3://mob-emr-test/dataplatform/DataWareHouse/offline/xihe/test1/, partition_info: range_col=0
========= table_name: s3://mob-emr-test/dataplatform/DataWareHouse/offline/xihe/test1/, partition_info: range_col=0
============================= use V2 Table
[GC (Allocation Failure) [ParNew: 72512K->5789K(72512K), 0.0128290 secs] 217647K->153305K(233664K), 0.0128882 secs] [Times: user=0.03 sys=0.00, real=0.01 secs] 
[GC (CMS Initial Mark) [1 CMS-initial-mark: 147516K(161152K)] 153546K(233664K), 0.0026636 secs] [Times: user=0.01 sys=0.00, real=0.01 secs] 
[CMS-concurrent-mark-start]
============================= use V2 Table
========== create snapshot for exists table!!!
=====***** setting ****======= : Map()
========= table_name: s3://mob-emr-test/dataplatform/DataWareHouse/offline/xihe/test1/, partition_info: range_col=0
========== create snapshot for exists table!!!
=====***** setting ****======= : Map()
========= table_name: s3://mob-emr-test/dataplatform/DataWareHouse/offline/xihe/test1/, partition_info: range_col=0
=========== not first commit and get snapshot table info!!!
========= table_name: s3://mob-emr-test/dataplatform/DataWareHouse/offline/xihe/test1/
======== data schema: range_col,hash_col,col1
======== merged schema: range_col,hash_col,col0,col1
New merged schema: root
 |-- range_col: string (nullable = true)
 |-- hash_col: string (nullable = true)
 |-- col0: string (nullable = true)
 |-- col1: string (nullable = true)

******************* table info: 
=============== table_name: s3://mob-emr-test/dataplatform/DataWareHouse/offline/xihe/test1/
=============== range_column: range_col
=================*************************====================
=================************************* data schema: range_col,hash_col,col1
=================************************* output schema: {range_col#49},{hash_col#50},{col1#51}
[CMS-concurrent-mark: 0.069/0.079 secs] [Times: user=0.33 sys=0.00, real=0.08 secs] 
[CMS-concurrent-preclean-start]
[CMS-concurrent-preclean: 0.003/0.003 secs] [Times: user=0.02 sys=0.00, real=0.00 secs] 
[CMS-concurrent-abortable-preclean-start]
============================= use V2 Table
========== create snapshot for exists table!!!
=====***** setting ****======= : Map()
========= table_name: s3://mob-emr-test/dataplatform/DataWareHouse/offline/xihe/test1/, partition_info: range_col=0
========== create snapshot for exists table!!!
=====***** setting ****======= : Map()
========= table_name: s3://mob-emr-test/dataplatform/DataWareHouse/offline/xihe/test1/, partition_info: range_col=0
=========== not first commit and get snapshot table info!!!
========= table_name: s3://mob-emr-test/dataplatform/DataWareHouse/offline/xihe/test1/
======== data schema: range_col,hash_col,col2
======== merged schema: range_col,hash_col,col0,col2
New merged schema: root
 |-- range_col: string (nullable = true)
 |-- hash_col: string (nullable = true)
 |-- col0: string (nullable = true)
 |-- col2: string (nullable = true)

******************* table info: 
=============== table_name: s3://mob-emr-test/dataplatform/DataWareHouse/offline/xihe/test1/
=============== range_column: range_col
=================*************************====================
=================************************* data schema: range_col,hash_col,col2
=================************************* output schema: {range_col#61},{hash_col#62},{col2#63}
========== create snapshot for exists table!!!
=====***** setting ****======= : Map()
========= table_name: s3://mob-emr-test/dataplatform/DataWareHouse/offline/xihe/test1/, partition_info: range_col=0
========== create snapshot for exists table!!!
=====***** setting ****======= : Map()
========= table_name: s3://mob-emr-test/dataplatform/DataWareHouse/offline/xihe/test1/, partition_info: range_col=0
=========== not first commit and get snapshot table info!!!
========= table_name: s3://mob-emr-test/dataplatform/DataWareHouse/offline/xihe/test1/
======== data schema: range_col,hash_col,col3
======== merged schema: range_col,hash_col,col0,col3
New merged schema: root
 |-- range_col: string (nullable = true)
 |-- hash_col: string (nullable = true)
 |-- col0: string (nullable = true)
 |-- col3: string (nullable = true)

******************* table info: 
=============== table_name: s3://mob-emr-test/dataplatform/DataWareHouse/offline/xihe/test1/
=============== range_column: range_col
=================*************************====================
=================************************* data schema: range_col,hash_col,col3
=================************************* output schema: {range_col#77},{hash_col#78},{col3#79}
[GC (Allocation Failure) [ParNew: 70301K->4619K(72512K), 0.0334195 secs] 217817K->152785K(233664K), 0.0334944 secs] [Times: user=0.15 sys=0.00, real=0.04 secs] 
============================= use V2 Table
============================= use V2 Table
========== create snapshot for exists table!!!
========== create snapshot for exists table!!!
=====***** setting ****======= : Map()
=====***** setting ****======= : Map()
========= table_name: s3://mob-emr-test/dataplatform/DataWareHouse/offline/xihe/test1/, partition_info: range_col=0
========***** file partition map *****=======: Map(range_col -> 0)
========= table_name: s3://mob-emr-test/dataplatform/DataWareHouse/offline/xihe/test1/, partition_info: range_col=0
========***** file partition map *****=======: Map(range_col -> 0)
[CMS-concurrent-abortable-preclean: 0.337/0.455 secs] [Times: user=1.84 sys=0.04, real=0.45 secs] 
[GC (CMS Final Remark) [YG occupancy: 38486 K (72512 K)][Rescan (parallel) , 0.0142158 secs][weak refs processing, 0.0001770 secs][class unloading, 0.0180338 secs][scrub symbol table, 0.0190790 secs][scrub string table, 0.0009822 secs][1 CMS-remark: 148165K(161152K)] 186651K(233664K), 0.0530231 secs] [Times: user=0.09 sys=0.00, real=0.05 secs] 
[CMS-concurrent-sweep-start]
============================= use V2 Table
============================= use V2 Table
========== create snapshot for exists table!!!
[CMS-concurrent-sweep: 0.019/0.020 secs] [Times: user=0.08 sys=0.00, real=0.02 secs] 
[CMS-concurrent-reset-start]
[CMS-concurrent-reset: 0.001/0.001 secs] [Times: user=0.01 sys=0.00, real=0.00 secs] 
=====***** setting ****======= : Map()
========= table_name: s3://mob-emr-test/dataplatform/DataWareHouse/offline/xihe/test1/, partition_info: range_col=0
========***** file partition map *****=======: Map(range_col -> 0)
========== create snapshot for exists table!!!
=====***** setting ****======= : Map()
========= table_name: s3://mob-emr-test/dataplatform/DataWareHouse/offline/xihe/test1/, partition_info: range_col=0
========***** file partition map *****=======: Map(range_col -> 0)
==========********===========  use EnginePlusAnalysis DeleteFromTable ~~~
============***********======= catalog.toString: 
Relation[hash_col#107,col0#108,range_col#109] parquet

java.lang.Thread.getStackTrace(Thread.java:1559)
org.apache.spark.sql.engineplus.EnginePlusAnalysis$$anonfun$apply$1.applyOrElse(EnginePlusAnalysis.scala:112)
org.apache.spark.sql.engineplus.EnginePlusAnalysis$$anonfun$apply$1.applyOrElse(EnginePlusAnalysis.scala:43)
org.apache.spark.sql.catalyst.plans.logical.AnalysisHelper.$anonfun$resolveOperatorsDown$2(AnalysisHelper.scala:108)
org.apache.spark.sql.catalyst.trees.CurrentOrigin$.withOrigin(TreeNode.scala:72)
org.apache.spark.sql.catalyst.plans.logical.AnalysisHelper.$anonfun$resolveOperatorsDown$1(AnalysisHelper.scala:108)
org.apache.spark.sql.catalyst.plans.logical.AnalysisHelper$.allowInvokingTransformsInAnalyzer(AnalysisHelper.scala:194)
org.apache.spark.sql.catalyst.plans.logical.AnalysisHelper.resolveOperatorsDown(AnalysisHelper.scala:106)
org.apache.spark.sql.catalyst.plans.logical.AnalysisHelper.resolveOperatorsDown$(AnalysisHelper.scala:104)
org.apache.spark.sql.catalyst.plans.logical.LogicalPlan.resolveOperatorsDown(LogicalPlan.scala:29)
org.apache.spark.sql.engineplus.EnginePlusAnalysis.apply(EnginePlusAnalysis.scala:43)
org.apache.spark.sql.engineplus.EnginePlusAnalysis.apply(EnginePlusAnalysis.scala:38)
org.apache.spark.sql.catalyst.rules.RuleExecutor.$anonfun$execute$2(RuleExecutor.scala:149)
scala.collection.LinearSeqOptimized.foldLeft(LinearSeqOptimized.scala:126)
scala.collection.LinearSeqOptimized.foldLeft$(LinearSeqOptimized.scala:122)
scala.collection.immutable.List.foldLeft(List.scala:89)
org.apache.spark.sql.catalyst.rules.RuleExecutor.$anonfun$execute$1(RuleExecutor.scala:146)
org.apache.spark.sql.catalyst.rules.RuleExecutor.$anonfun$execute$1$adapted(RuleExecutor.scala:138)
scala.collection.immutable.List.foreach(List.scala:392)
org.apache.spark.sql.catalyst.rules.RuleExecutor.execute(RuleExecutor.scala:138)
org.apache.spark.sql.catalyst.analysis.Analyzer.org$apache$spark$sql$catalyst$analysis$Analyzer$$executeSameContext(Analyzer.scala:176)
org.apache.spark.sql.catalyst.analysis.Analyzer.execute(Analyzer.scala:170)
org.apache.spark.sql.catalyst.analysis.Analyzer.execute(Analyzer.scala:130)
org.apache.spark.sql.catalyst.rules.RuleExecutor.$anonfun$executeAndTrack$1(RuleExecutor.scala:116)
org.apache.spark.sql.catalyst.QueryPlanningTracker$.withTracker(QueryPlanningTracker.scala:88)
org.apache.spark.sql.catalyst.rules.RuleExecutor.executeAndTrack(RuleExecutor.scala:116)
org.apache.spark.sql.catalyst.analysis.Analyzer.$anonfun$executeAndCheck$1(Analyzer.scala:154)
org.apache.spark.sql.catalyst.plans.logical.AnalysisHelper$.markInAnalyzer(AnalysisHelper.scala:201)
org.apache.spark.sql.catalyst.analysis.Analyzer.executeAndCheck(Analyzer.scala:153)
org.apache.spark.sql.execution.QueryExecution.$anonfun$analyzed$1(QueryExecution.scala:68)
org.apache.spark.sql.catalyst.QueryPlanningTracker.measurePhase(QueryPlanningTracker.scala:111)
org.apache.spark.sql.execution.QueryExecution.$anonfun$executePhase$1(QueryExecution.scala:120)
org.apache.spark.sql.SparkSession.withActive(SparkSession.scala:764)
org.apache.spark.sql.execution.QueryExecution.executePhase(QueryExecution.scala:120)
org.apache.spark.sql.execution.QueryExecution.analyzed$lzycompute(QueryExecution.scala:68)
org.apache.spark.sql.execution.QueryExecution.analyzed(QueryExecution.scala:66)
org.apache.spark.sql.execution.QueryExecution.assertAnalyzed(QueryExecution.scala:58)
org.apache.spark.sql.Dataset$.$anonfun$ofRows$1(Dataset.scala:91)
org.apache.spark.sql.SparkSession.withActive(SparkSession.scala:764)
org.apache.spark.sql.Dataset$.ofRows(Dataset.scala:89)
org.apache.spark.sql.engineplus.utils.AnalysisHelper.toDataset(AnalysisHelper.scala:28)
org.apache.spark.sql.engineplus.utils.AnalysisHelper.toDataset$(AnalysisHelper.scala:27)
io.engineplus.tables.EnginePlusTable.toDataset(EnginePlusTable.scala:15)
io.engineplus.tables.execution.EnginePlusTableOperations.executeDelete(EnginePlusTableOperations.scala:43)
io.engineplus.tables.execution.EnginePlusTableOperations.executeDelete$(EnginePlusTableOperations.scala:28)
io.engineplus.tables.EnginePlusTable.executeDelete(EnginePlusTable.scala:15)
io.engineplus.tables.EnginePlusTable.delete(EnginePlusTable.scala:77)
io.engineplus.tables.EnginePlusTable.delete(EnginePlusTable.scala:63)
com.mobvista.dataplatform.test.ConcurrentTest$.commit_merge(ConcurrentTest.scala:115)
com.mobvista.dataplatform.test.ConcurrentTest$.commit(ConcurrentTest.scala:86)
com.mobvista.dataplatform.test.ConcurrentTest$$anon$1.run(ConcurrentTest.scala:45)
java.util.concurrent.ThreadPoolExecutor.runWorker(ThreadPoolExecutor.java:1142)
java.util.concurrent.ThreadPoolExecutor$Worker.run(ThreadPoolExecutor.java:617)
java.lang.Thread.run(Thread.java:748)
java.lang.Thread.getStackTrace(Thread.java:1559)
org.apache.spark.sql.engineplus.Transaction.$anonfun$commit$1(TransactionCommit.scala:170)
scala.runtime.java8.JFunction0$mcV$sp.apply(JFunction0$mcV$sp.java:23)
org.apache.spark.sql.engineplus.SnapshotManagement.lockInterruptibly(SnapshotManagement.scala:163)
org.apache.spark.sql.engineplus.Transaction.commit(TransactionCommit.scala:166)
org.apache.spark.sql.engineplus.Transaction.commit$(TransactionCommit.scala:164)
org.apache.spark.sql.engineplus.TransactionCommit.commit(TransactionCommit.scala:19)
org.apache.spark.sql.engineplus.commands.WriteIntoTable.$anonfun$run$1(WriteIntoTable.scala:67)
org.apache.spark.sql.engineplus.commands.WriteIntoTable.$anonfun$run$1$adapted(WriteIntoTable.scala:64)
org.apache.spark.sql.engineplus.SnapshotManagement.withNewTransaction(SnapshotManagement.scala:105)
org.apache.spark.sql.engineplus.commands.WriteIntoTable.run(WriteIntoTable.scala:64)
org.apache.spark.sql.engineplus.sources.EnginePlusDataSource.createRelation(EnginePlusDataSource.scala:54)
org.apache.spark.sql.execution.datasources.SaveIntoDataSourceCommand.run(SaveIntoDataSourceCommand.scala:46)
org.apache.spark.sql.execution.command.ExecutedCommandExec.sideEffectResult$lzycompute(commands.scala:70)
org.apache.spark.sql.execution.command.ExecutedCommandExec.sideEffectResult(commands.scala:68)
org.apache.spark.sql.execution.command.ExecutedCommandExec.doExecute(commands.scala:90)
org.apache.spark.sql.execution.SparkPlan.$anonfun$execute$1(SparkPlan.scala:175)
org.apache.spark.sql.execution.SparkPlan.$anonfun$executeQuery$1(SparkPlan.scala:213)
org.apache.spark.rdd.RDDOperationScope$.withScope(RDDOperationScope.scala:151)
org.apache.spark.sql.execution.SparkPlan.executeQuery(SparkPlan.scala:210)
org.apache.spark.sql.execution.SparkPlan.execute(SparkPlan.scala:171)
org.apache.spark.sql.execution.QueryExecution.toRdd$lzycompute(QueryExecution.scala:109)
org.apache.spark.sql.execution.QueryExecution.toRdd(QueryExecution.scala:108)
org.apache.spark.sql.DataFrameWriter.$anonfun$runCommand$1(DataFrameWriter.scala:944)
org.apache.spark.sql.execution.SQLExecution$.$anonfun$withNewExecutionId$5(SQLExecution.scala:103)
org.apache.spark.sql.execution.SQLExecution$.withSQLConfPropagated(SQLExecution.scala:163)
org.apache.spark.sql.execution.SQLExecution$.$anonfun$withNewExecutionId$1(SQLExecution.scala:90)
org.apache.spark.sql.SparkSession.withActive(SparkSession.scala:764)
org.apache.spark.sql.execution.SQLExecution$.withNewExecutionId(SQLExecution.scala:64)
org.apache.spark.sql.DataFrameWriter.runCommand(DataFrameWriter.scala:944)
org.apache.spark.sql.DataFrameWriter.saveToV1Source(DataFrameWriter.scala:396)
org.apache.spark.sql.DataFrameWriter.save(DataFrameWriter.scala:327)
org.apache.spark.sql.DataFrameWriter.save(DataFrameWriter.scala:269)
com.mobvista.dataplatform.test.ConcurrentTest$.commit_merge(ConcurrentTest.scala:111)
com.mobvista.dataplatform.test.ConcurrentTest$.commit(ConcurrentTest.scala:86)
com.mobvista.dataplatform.test.ConcurrentTest$$anon$1.run(ConcurrentTest.scala:45)
java.util.concurrent.ThreadPoolExecutor.runWorker(ThreadPoolExecutor.java:1142)
java.util.concurrent.ThreadPoolExecutor$Worker.run(ThreadPoolExecutor.java:617)
java.lang.Thread.run(Thread.java:748)
=========**** depend_partitions ****========: Set(range_col=0)
=========**** depend_partitions cycle range_key ****========: range_col=0
=========**** final partitions ****========: range_col=0
=========== configuration before commit: Map()
{{{{{{commit: a2e03a63-54a4-47c3-baa0-20cc7153dd02 begin!!!}}}}}}
===================add commit undo log ~~~~~
==========********===========  use EnginePlusAnalysis DeleteFromTable ~~~
============***********======= catalog.toString: 
Relation[hash_col#104,col0#105,range_col#106] parquet

java.lang.Thread.getStackTrace(Thread.java:1559)
org.apache.spark.sql.engineplus.EnginePlusAnalysis$$anonfun$apply$1.applyOrElse(EnginePlusAnalysis.scala:112)
org.apache.spark.sql.engineplus.EnginePlusAnalysis$$anonfun$apply$1.applyOrElse(EnginePlusAnalysis.scala:43)
org.apache.spark.sql.catalyst.plans.logical.AnalysisHelper.$anonfun$resolveOperatorsDown$2(AnalysisHelper.scala:108)
org.apache.spark.sql.catalyst.trees.CurrentOrigin$.withOrigin(TreeNode.scala:72)
org.apache.spark.sql.catalyst.plans.logical.AnalysisHelper.$anonfun$resolveOperatorsDown$1(AnalysisHelper.scala:108)
org.apache.spark.sql.catalyst.plans.logical.AnalysisHelper$.allowInvokingTransformsInAnalyzer(AnalysisHelper.scala:194)
org.apache.spark.sql.catalyst.plans.logical.AnalysisHelper.resolveOperatorsDown(AnalysisHelper.scala:106)
org.apache.spark.sql.catalyst.plans.logical.AnalysisHelper.resolveOperatorsDown$(AnalysisHelper.scala:104)
org.apache.spark.sql.catalyst.plans.logical.LogicalPlan.resolveOperatorsDown(LogicalPlan.scala:29)
org.apache.spark.sql.engineplus.EnginePlusAnalysis.apply(EnginePlusAnalysis.scala:43)
org.apache.spark.sql.engineplus.EnginePlusAnalysis.apply(EnginePlusAnalysis.scala:38)
org.apache.spark.sql.catalyst.rules.RuleExecutor.$anonfun$execute$2(RuleExecutor.scala:149)
scala.collection.LinearSeqOptimized.foldLeft(LinearSeqOptimized.scala:126)
scala.collection.LinearSeqOptimized.foldLeft$(LinearSeqOptimized.scala:122)
scala.collection.immutable.List.foldLeft(List.scala:89)
org.apache.spark.sql.catalyst.rules.RuleExecutor.$anonfun$execute$1(RuleExecutor.scala:146)
org.apache.spark.sql.catalyst.rules.RuleExecutor.$anonfun$execute$1$adapted(RuleExecutor.scala:138)
scala.collection.immutable.List.foreach(List.scala:392)
org.apache.spark.sql.catalyst.rules.RuleExecutor.execute(RuleExecutor.scala:138)
org.apache.spark.sql.catalyst.analysis.Analyzer.org$apache$spark$sql$catalyst$analysis$Analyzer$$executeSameContext(Analyzer.scala:176)
org.apache.spark.sql.catalyst.analysis.Analyzer.execute(Analyzer.scala:170)
org.apache.spark.sql.catalyst.analysis.Analyzer.execute(Analyzer.scala:130)
org.apache.spark.sql.catalyst.rules.RuleExecutor.$anonfun$executeAndTrack$1(RuleExecutor.scala:116)
org.apache.spark.sql.catalyst.QueryPlanningTracker$.withTracker(QueryPlanningTracker.scala:88)
org.apache.spark.sql.catalyst.rules.RuleExecutor.executeAndTrack(RuleExecutor.scala:116)
org.apache.spark.sql.catalyst.analysis.Analyzer.$anonfun$executeAndCheck$1(Analyzer.scala:154)
org.apache.spark.sql.catalyst.plans.logical.AnalysisHelper$.markInAnalyzer(AnalysisHelper.scala:201)
org.apache.spark.sql.catalyst.analysis.Analyzer.executeAndCheck(Analyzer.scala:153)
org.apache.spark.sql.execution.QueryExecution.$anonfun$analyzed$1(QueryExecution.scala:68)
org.apache.spark.sql.catalyst.QueryPlanningTracker.measurePhase(QueryPlanningTracker.scala:111)
org.apache.spark.sql.execution.QueryExecution.$anonfun$executePhase$1(QueryExecution.scala:120)
org.apache.spark.sql.SparkSession.withActive(SparkSession.scala:764)
org.apache.spark.sql.execution.QueryExecution.executePhase(QueryExecution.scala:120)
org.apache.spark.sql.execution.QueryExecution.analyzed$lzycompute(QueryExecution.scala:68)
org.apache.spark.sql.execution.QueryExecution.analyzed(QueryExecution.scala:66)
org.apache.spark.sql.execution.QueryExecution.assertAnalyzed(QueryExecution.scala:58)
org.apache.spark.sql.Dataset$.$anonfun$ofRows$1(Dataset.scala:91)
org.apache.spark.sql.SparkSession.withActive(SparkSession.scala:764)
org.apache.spark.sql.Dataset$.ofRows(Dataset.scala:89)
org.apache.spark.sql.engineplus.utils.AnalysisHelper.toDataset(AnalysisHelper.scala:28)
org.apache.spark.sql.engineplus.utils.AnalysisHelper.toDataset$(AnalysisHelper.scala:27)
io.engineplus.tables.EnginePlusTable.toDataset(EnginePlusTable.scala:15)
io.engineplus.tables.execution.EnginePlusTableOperations.executeDelete(EnginePlusTableOperations.scala:43)
io.engineplus.tables.execution.EnginePlusTableOperations.executeDelete$(EnginePlusTableOperations.scala:28)
io.engineplus.tables.EnginePlusTable.executeDelete(EnginePlusTable.scala:15)
io.engineplus.tables.EnginePlusTable.delete(EnginePlusTable.scala:77)
io.engineplus.tables.EnginePlusTable.delete(EnginePlusTable.scala:63)
com.mobvista.dataplatform.test.ConcurrentTest$.commit_merge(ConcurrentTest.scala:115)
com.mobvista.dataplatform.test.ConcurrentTest$.commit(ConcurrentTest.scala:86)
com.mobvista.dataplatform.test.ConcurrentTest$$anon$1.run(ConcurrentTest.scala:45)
java.util.concurrent.ThreadPoolExecutor.runWorker(ThreadPoolExecutor.java:1142)
java.util.concurrent.ThreadPoolExecutor$Worker.run(ThreadPoolExecutor.java:617)
java.lang.Thread.run(Thread.java:748)
===================add partition undo log ~~~~~
===================add schema undo log ~~~~~
===================add file undo log ~~~~~
==============*********** IS_APPEND_ONLY *********==============
==============*********** false *********==============
========== create snapshot for exists table!!!
=====!!!!!!===== batch delete schema undo log for id=a2e03a63-54a4-47c3-baa0-20cc7153dd02
+++++++++++++++++add new file: s3://mob-emr-test/dataplatform/DataWareHouse/offline/xihe/test1/range_col=0/part-00000-99f0e17f-657b-46ad-9aaa-74f4b505e9b4.c000.snappy.parquet ++++++++++++++++
=====***** setting ****======= : Map()
========= table_name: s3://mob-emr-test/dataplatform/DataWareHouse/offline/xihe/test1/, partition_info: range_col=0
=========== not first commit and get snapshot table info!!!
========= table_name: s3://mob-emr-test/dataplatform/DataWareHouse/offline/xihe/test1/
=====!!!!!!===== batch delete addFile undo log for id=a2e03a63-54a4-47c3-baa0-20cc7153dd02
=====!!!!!!===== batch delete expireFile undo log for id=a2e03a63-54a4-47c3-baa0-20cc7153dd02
=====!!!!!!===== batch delete partition undo log for id=a2e03a63-54a4-47c3-baa0-20cc7153dd02
========***** file partition map *****=======: Map(range_col -> 0)
=====!!!!!!===== batch delete commit undo log for id=a2e03a63-54a4-47c3-baa0-20cc7153dd02
{{{{{{commit: a2e03a63-54a4-47c3-baa0-20cc7153dd02 success!!!}}}}}}
========***** file partition map *****=======: Map(range_col -> 0)
+++++++++++++++ create EnginePlusTable ~~~
========== create snapshot for exists table!!!
==============*********** IS_APPEND_ONLY *********==============
==============*********** false *********==============
=====***** setting ****======= : Map()
========= table_name: s3://mob-emr-test/dataplatform/DataWareHouse/offline/xihe/test1/, partition_info: range_col=0
========== create snapshot for exists table!!!
============================= use V2 Table
=====***** setting ****======= : Map()
========== create snapshot for exists table!!!
========= table_name: s3://mob-emr-test/dataplatform/DataWareHouse/offline/xihe/test1/, partition_info: range_col=0
=========== not first commit and get snapshot table info!!!
========= table_name: s3://mob-emr-test/dataplatform/DataWareHouse/offline/xihe/test1/
=====***** setting ****======= : Map()
========= table_name: s3://mob-emr-test/dataplatform/DataWareHouse/offline/xihe/test1/, partition_info: range_col=0
========***** file partition map *****=======: Map(range_col -> 0)
========***** file partition map *****=======: Map(range_col -> 0)
============================= use V2 Table
========== create snapshot for exists table!!!
=====***** setting ****======= : Map()
========= table_name: s3://mob-emr-test/dataplatform/DataWareHouse/offline/xihe/test1/, partition_info: range_col=0
========***** file partition map *****=======: Map(range_col -> 0)
[GC (Allocation Failure) [ParNew: 69131K->7163K(72512K), 0.0160721 secs] 210064K->148096K(233664K), 0.0161343 secs] [Times: user=0.07 sys=0.00, real=0.02 secs] 
[GC (CMS Initial Mark) [1 CMS-initial-mark: 140933K(161152K)] 148260K(233664K), 0.0040104 secs] [Times: user=0.02 sys=0.00, real=0.00 secs] 
[CMS-concurrent-mark-start]
==========********===========  use EnginePlusAnalysis DeleteFromTable ~~~
============***********======= catalog.toString: 
Relation[hash_col#128,col0#129,col1#130,range_col#131] parquet

java.lang.Thread.getStackTrace(Thread.java:1559)
org.apache.spark.sql.engineplus.EnginePlusAnalysis$$anonfun$apply$1.applyOrElse(EnginePlusAnalysis.scala:112)
org.apache.spark.sql.engineplus.EnginePlusAnalysis$$anonfun$apply$1.applyOrElse(EnginePlusAnalysis.scala:43)
org.apache.spark.sql.catalyst.plans.logical.AnalysisHelper.$anonfun$resolveOperatorsDown$2(AnalysisHelper.scala:108)
org.apache.spark.sql.catalyst.trees.CurrentOrigin$.withOrigin(TreeNode.scala:72)
org.apache.spark.sql.catalyst.plans.logical.AnalysisHelper.$anonfun$resolveOperatorsDown$1(AnalysisHelper.scala:108)
org.apache.spark.sql.catalyst.plans.logical.AnalysisHelper$.allowInvokingTransformsInAnalyzer(AnalysisHelper.scala:194)
org.apache.spark.sql.catalyst.plans.logical.AnalysisHelper.resolveOperatorsDown(AnalysisHelper.scala:106)
org.apache.spark.sql.catalyst.plans.logical.AnalysisHelper.resolveOperatorsDown$(AnalysisHelper.scala:104)
org.apache.spark.sql.catalyst.plans.logical.LogicalPlan.resolveOperatorsDown(LogicalPlan.scala:29)
org.apache.spark.sql.engineplus.EnginePlusAnalysis.apply(EnginePlusAnalysis.scala:43)
org.apache.spark.sql.engineplus.EnginePlusAnalysis.apply(EnginePlusAnalysis.scala:38)
org.apache.spark.sql.catalyst.rules.RuleExecutor.$anonfun$execute$2(RuleExecutor.scala:149)
scala.collection.LinearSeqOptimized.foldLeft(LinearSeqOptimized.scala:126)
scala.collection.LinearSeqOptimized.foldLeft$(LinearSeqOptimized.scala:122)
scala.collection.immutable.List.foldLeft(List.scala:89)
org.apache.spark.sql.catalyst.rules.RuleExecutor.$anonfun$execute$1(RuleExecutor.scala:146)
org.apache.spark.sql.catalyst.rules.RuleExecutor.$anonfun$execute$1$adapted(RuleExecutor.scala:138)
scala.collection.immutable.List.foreach(List.scala:392)
org.apache.spark.sql.catalyst.rules.RuleExecutor.execute(RuleExecutor.scala:138)
org.apache.spark.sql.catalyst.analysis.Analyzer.org$apache$spark$sql$catalyst$analysis$Analyzer$$executeSameContext(Analyzer.scala:176)
org.apache.spark.sql.catalyst.analysis.Analyzer.execute(Analyzer.scala:170)
org.apache.spark.sql.catalyst.analysis.Analyzer.execute(Analyzer.scala:130)
org.apache.spark.sql.catalyst.rules.RuleExecutor.$anonfun$executeAndTrack$1(RuleExecutor.scala:116)
org.apache.spark.sql.catalyst.QueryPlanningTracker$.withTracker(QueryPlanningTracker.scala:88)
org.apache.spark.sql.catalyst.rules.RuleExecutor.executeAndTrack(RuleExecutor.scala:116)
org.apache.spark.sql.catalyst.analysis.Analyzer.$anonfun$executeAndCheck$1(Analyzer.scala:154)
org.apache.spark.sql.catalyst.plans.logical.AnalysisHelper$.markInAnalyzer(AnalysisHelper.scala:201)
org.apache.spark.sql.catalyst.analysis.Analyzer.executeAndCheck(Analyzer.scala:153)
org.apache.spark.sql.execution.QueryExecution.$anonfun$analyzed$1(QueryExecution.scala:68)
org.apache.spark.sql.catalyst.QueryPlanningTracker.measurePhase(QueryPlanningTracker.scala:111)
org.apache.spark.sql.execution.QueryExecution.$anonfun$executePhase$1(QueryExecution.scala:120)
org.apache.spark.sql.SparkSession.withActive(SparkSession.scala:764)
org.apache.spark.sql.execution.QueryExecution.executePhase(QueryExecution.scala:120)
org.apache.spark.sql.execution.QueryExecution.analyzed$lzycompute(QueryExecution.scala:68)
org.apache.spark.sql.execution.QueryExecution.analyzed(QueryExecution.scala:66)
org.apache.spark.sql.execution.QueryExecution.assertAnalyzed(QueryExecution.scala:58)
org.apache.spark.sql.Dataset$.$anonfun$ofRows$1(Dataset.scala:91)
org.apache.spark.sql.SparkSession.withActive(SparkSession.scala:764)
org.apache.spark.sql.Dataset$.ofRows(Dataset.scala:89)
org.apache.spark.sql.engineplus.utils.AnalysisHelper.toDataset(AnalysisHelper.scala:28)
org.apache.spark.sql.engineplus.utils.AnalysisHelper.toDataset$(AnalysisHelper.scala:27)
io.engineplus.tables.EnginePlusTable.toDataset(EnginePlusTable.scala:15)
io.engineplus.tables.execution.EnginePlusTableOperations.executeDelete(EnginePlusTableOperations.scala:43)
io.engineplus.tables.execution.EnginePlusTableOperations.executeDelete$(EnginePlusTableOperations.scala:28)
io.engineplus.tables.EnginePlusTable.executeDelete(EnginePlusTable.scala:15)
io.engineplus.tables.EnginePlusTable.delete(EnginePlusTable.scala:77)
io.engineplus.tables.EnginePlusTable.delete(EnginePlusTable.scala:63)
com.mobvista.dataplatform.test.ConcurrentTest$.commit_merge(ConcurrentTest.scala:115)
com.mobvista.dataplatform.test.ConcurrentTest$.commit(ConcurrentTest.scala:86)
com.mobvista.dataplatform.test.ConcurrentTest$$anon$1.run(ConcurrentTest.scala:45)
java.util.concurrent.ThreadPoolExecutor.runWorker(ThreadPoolExecutor.java:1142)
java.util.concurrent.ThreadPoolExecutor$Worker.run(ThreadPoolExecutor.java:617)
java.lang.Thread.run(Thread.java:748)
==============*********** IS_APPEND_ONLY *********==============
==============*********** false *********==============
========== create snapshot for exists table!!!
=====***** setting ****======= : Map()
========= table_name: s3://mob-emr-test/dataplatform/DataWareHouse/offline/xihe/test1/, partition_info: range_col=0
=========== not first commit and get snapshot table info!!!
========= table_name: s3://mob-emr-test/dataplatform/DataWareHouse/offline/xihe/test1/
========***** file partition map *****=======: Map(range_col -> 0)
[CMS-concurrent-mark: 0.082/0.086 secs] [Times: user=0.40 sys=0.00, real=0.08 secs] 
[CMS-concurrent-preclean-start]
[CMS-concurrent-preclean: 0.003/0.003 secs] [Times: user=0.01 sys=0.00, real=0.01 secs] 
[CMS-concurrent-abortable-preclean-start]
[GC (Allocation Failure) [ParNew: 19767K->5652K(72512K), 0.0407723 secs][CMS[CMS-concurrent-abortable-preclean: 0.102/0.146 secs] [Times: user=0.60 sys=0.00, real=0.14 secs] 
 (concurrent mode failure): 143192K->79077K(161152K), 0.1828193 secs] 160700K->79077K(233664K), [Metaspace: 130094K->130094K(1171456K)], 0.2237920 secs] [Times: user=0.36 sys=0.00, real=0.22 secs] 
java.lang.Thread.getStackTrace(Thread.java:1559)
org.apache.spark.sql.engineplus.Transaction.$anonfun$commit$1(TransactionCommit.scala:170)
scala.runtime.java8.JFunction0$mcV$sp.apply(JFunction0$mcV$sp.java:23)
org.apache.spark.sql.engineplus.SnapshotManagement.lockInterruptibly(SnapshotManagement.scala:163)
org.apache.spark.sql.engineplus.Transaction.commit(TransactionCommit.scala:166)
org.apache.spark.sql.engineplus.Transaction.commit$(TransactionCommit.scala:164)
org.apache.spark.sql.engineplus.TransactionCommit.commit(TransactionCommit.scala:19)
org.apache.spark.sql.engineplus.commands.WriteIntoTable.$anonfun$run$1(WriteIntoTable.scala:67)
org.apache.spark.sql.engineplus.commands.WriteIntoTable.$anonfun$run$1$adapted(WriteIntoTable.scala:64)
org.apache.spark.sql.engineplus.SnapshotManagement.withNewTransaction(SnapshotManagement.scala:105)
org.apache.spark.sql.engineplus.commands.WriteIntoTable.run(WriteIntoTable.scala:64)
org.apache.spark.sql.engineplus.sources.EnginePlusDataSource.createRelation(EnginePlusDataSource.scala:54)
org.apache.spark.sql.execution.datasources.SaveIntoDataSourceCommand.run(SaveIntoDataSourceCommand.scala:46)
org.apache.spark.sql.execution.command.ExecutedCommandExec.sideEffectResult$lzycompute(commands.scala:70)
org.apache.spark.sql.execution.command.ExecutedCommandExec.sideEffectResult(commands.scala:68)
org.apache.spark.sql.execution.command.ExecutedCommandExec.doExecute(commands.scala:90)
org.apache.spark.sql.execution.SparkPlan.$anonfun$execute$1(SparkPlan.scala:175)
org.apache.spark.sql.execution.SparkPlan.$anonfun$executeQuery$1(SparkPlan.scala:213)
org.apache.spark.rdd.RDDOperationScope$.withScope(RDDOperationScope.scala:151)
org.apache.spark.sql.execution.SparkPlan.executeQuery(SparkPlan.scala:210)
org.apache.spark.sql.execution.SparkPlan.execute(SparkPlan.scala:171)
org.apache.spark.sql.execution.QueryExecution.toRdd$lzycompute(QueryExecution.scala:109)
org.apache.spark.sql.execution.QueryExecution.toRdd(QueryExecution.scala:108)
org.apache.spark.sql.DataFrameWriter.$anonfun$runCommand$1(DataFrameWriter.scala:944)
org.apache.spark.sql.execution.SQLExecution$.$anonfun$withNewExecutionId$5(SQLExecution.scala:103)
org.apache.spark.sql.execution.SQLExecution$.withSQLConfPropagated(SQLExecution.scala:163)
org.apache.spark.sql.execution.SQLExecution$.$anonfun$withNewExecutionId$1(SQLExecution.scala:90)
org.apache.spark.sql.SparkSession.withActive(SparkSession.scala:764)
org.apache.spark.sql.execution.SQLExecution$.withNewExecutionId(SQLExecution.scala:64)
org.apache.spark.sql.DataFrameWriter.runCommand(DataFrameWriter.scala:944)
org.apache.spark.sql.DataFrameWriter.saveToV1Source(DataFrameWriter.scala:396)
org.apache.spark.sql.DataFrameWriter.save(DataFrameWriter.scala:327)
org.apache.spark.sql.DataFrameWriter.save(DataFrameWriter.scala:269)
com.mobvista.dataplatform.test.ConcurrentTest$.commit_merge(ConcurrentTest.scala:111)
com.mobvista.dataplatform.test.ConcurrentTest$.commit(ConcurrentTest.scala:86)
com.mobvista.dataplatform.test.ConcurrentTest$$anon$1.run(ConcurrentTest.scala:45)
java.util.concurrent.ThreadPoolExecutor.runWorker(ThreadPoolExecutor.java:1142)
java.util.concurrent.ThreadPoolExecutor$Worker.run(ThreadPoolExecutor.java:617)
java.lang.Thread.run(Thread.java:748)
=========**** depend_partitions ****========: Set(range_col=1)
=========**** depend_partitions cycle range_key ****========: range_col=1
=========**** final partitions ****========: range_col=1
=========== configuration before commit: Map()
{{{{{{commit: 4f895afd-af90-4c06-a70e-1d582b8bf61d begin!!!}}}}}}
===================add commit undo log ~~~~~
===================add partition undo log ~~~~~
===================add schema undo log ~~~~~
============commit failed, commit id=4f895afd-af90-4c06-a70e-1d582b8bf61d
=====!!!!!!===== batch delete schema undo log for id=4f895afd-af90-4c06-a70e-1d582b8bf61d
=====!!!!!!===== batch delete addFile undo log for id=4f895afd-af90-4c06-a70e-1d582b8bf61d
=====!!!!!!===== batch delete expireFile undo log for id=4f895afd-af90-4c06-a70e-1d582b8bf61d
=====!!!!!!===== batch delete partition undo log for id=4f895afd-af90-4c06-a70e-1d582b8bf61d
=====!!!!!!===== batch delete commit undo log for id=4f895afd-af90-4c06-a70e-1d582b8bf61d
!!!!!!!err commit id: 4f895afd-af90-4c06-a70e-1d582b8bf61d
============================= use V2 Table
========== create snapshot for exists table!!!
=====***** setting ****======= : Map()
========= table_name: s3://mob-emr-test/dataplatform/DataWareHouse/offline/xihe/test1/, partition_info: range_col=0,range_col=1
========== create snapshot for exists table!!!
=====***** setting ****======= : Map()
========= table_name: s3://mob-emr-test/dataplatform/DataWareHouse/offline/xihe/test1/, partition_info: range_col=0,range_col=1
=========== not first commit and get snapshot table info!!!
========= table_name: s3://mob-emr-test/dataplatform/DataWareHouse/offline/xihe/test1/
======== data schema: range_col,hash_col,col3
======== merged schema: range_col,hash_col,col0,col1,col3
New merged schema: root
 |-- range_col: string (nullable = true)
 |-- hash_col: string (nullable = true)
 |-- col0: string (nullable = true)
 |-- col1: string (nullable = true)
 |-- col3: string (nullable = true)

******************* table info: 
=============== table_name: s3://mob-emr-test/dataplatform/DataWareHouse/offline/xihe/test1/
=============== range_column: range_col
=================*************************====================
=================************************* data schema: range_col,hash_col,col3
=================************************* output schema: {range_col#230},{hash_col#231},{col3#232}
[GC (Allocation Failure) [ParNew: 39663K->1840K(72704K), 0.0137529 secs][CMS: 144613K->79683K(161152K), 0.1750336 secs] 184277K->79683K(233856K), [Metaspace: 130575K->130575K(1173504K)], 0.1889287 secs] [Times: user=0.24 sys=0.00, real=0.18 secs] 
[GC (CMS Initial Mark) [1 CMS-initial-mark: 145219K(161152K)] 145219K(233856K), 0.0024583 secs] [Times: user=0.01 sys=0.00, real=0.00 secs] 
[CMS-concurrent-mark-start]
java.lang.Thread.getStackTrace(Thread.java:1559)
org.apache.spark.sql.engineplus.Transaction.$anonfun$commit$1(TransactionCommit.scala:170)
scala.runtime.java8.JFunction0$mcV$sp.apply(JFunction0$mcV$sp.java:23)
org.apache.spark.sql.engineplus.SnapshotManagement.lockInterruptibly(SnapshotManagement.scala:163)
org.apache.spark.sql.engineplus.Transaction.commit(TransactionCommit.scala:166)
org.apache.spark.sql.engineplus.Transaction.commit$(TransactionCommit.scala:164)
org.apache.spark.sql.engineplus.TransactionCommit.commit(TransactionCommit.scala:19)
org.apache.spark.sql.engineplus.commands.WriteIntoTable.$anonfun$run$1(WriteIntoTable.scala:67)
org.apache.spark.sql.engineplus.commands.WriteIntoTable.$anonfun$run$1$adapted(WriteIntoTable.scala:64)
org.apache.spark.sql.engineplus.SnapshotManagement.withNewTransaction(SnapshotManagement.scala:105)
org.apache.spark.sql.engineplus.commands.WriteIntoTable.run(WriteIntoTable.scala:64)
org.apache.spark.sql.engineplus.sources.EnginePlusDataSource.createRelation(EnginePlusDataSource.scala:54)
org.apache.spark.sql.execution.datasources.SaveIntoDataSourceCommand.run(SaveIntoDataSourceCommand.scala:46)
org.apache.spark.sql.execution.command.ExecutedCommandExec.sideEffectResult$lzycompute(commands.scala:70)
org.apache.spark.sql.execution.command.ExecutedCommandExec.sideEffectResult(commands.scala:68)
org.apache.spark.sql.execution.command.ExecutedCommandExec.doExecute(commands.scala:90)
org.apache.spark.sql.execution.SparkPlan.$anonfun$execute$1(SparkPlan.scala:175)
org.apache.spark.sql.execution.SparkPlan.$anonfun$executeQuery$1(SparkPlan.scala:213)
org.apache.spark.rdd.RDDOperationScope$.withScope(RDDOperationScope.scala:151)
org.apache.spark.sql.execution.SparkPlan.executeQuery(SparkPlan.scala:210)
org.apache.spark.sql.execution.SparkPlan.execute(SparkPlan.scala:171)
org.apache.spark.sql.execution.QueryExecution.toRdd$lzycompute(QueryExecution.scala:109)
org.apache.spark.sql.execution.QueryExecution.toRdd(QueryExecution.scala:108)
org.apache.spark.sql.DataFrameWriter.$anonfun$runCommand$1(DataFrameWriter.scala:944)
org.apache.spark.sql.execution.SQLExecution$.$anonfun$withNewExecutionId$5(SQLExecution.scala:103)
org.apache.spark.sql.execution.SQLExecution$.withSQLConfPropagated(SQLExecution.scala:163)
org.apache.spark.sql.execution.SQLExecution$.$anonfun$withNewExecutionId$1(SQLExecution.scala:90)
org.apache.spark.sql.SparkSession.withActive(SparkSession.scala:764)
org.apache.spark.sql.execution.SQLExecution$.withNewExecutionId(SQLExecution.scala:64)
org.apache.spark.sql.DataFrameWriter.runCommand(DataFrameWriter.scala:944)
org.apache.spark.sql.DataFrameWriter.saveToV1Source(DataFrameWriter.scala:396)
org.apache.spark.sql.DataFrameWriter.save(DataFrameWriter.scala:327)
org.apache.spark.sql.DataFrameWriter.save(DataFrameWriter.scala:269)
com.mobvista.dataplatform.test.ConcurrentTest$.commit_merge(ConcurrentTest.scala:111)
com.mobvista.dataplatform.test.ConcurrentTest$.commit(ConcurrentTest.scala:86)
com.mobvista.dataplatform.test.ConcurrentTest$$anon$1.run(ConcurrentTest.scala:45)
java.util.concurrent.ThreadPoolExecutor.runWorker(ThreadPoolExecutor.java:1142)
java.util.concurrent.ThreadPoolExecutor$Worker.run(ThreadPoolExecutor.java:617)
java.lang.Thread.run(Thread.java:748)
=========**** depend_partitions ****========: Set(range_col=1)
=========**** depend_partitions cycle range_key ****========: range_col=1
=========**** final partitions ****========: range_col=1
=========== configuration before commit: Map()
{{{{{{commit: 950074db-d078-4773-aadd-492f564d31d5 begin!!!}}}}}}
===================add commit undo log ~~~~~
===================add partition undo log ~~~~~
===================add schema undo log ~~~~~
============commit failed, commit id=950074db-d078-4773-aadd-492f564d31d5
=====!!!!!!===== batch delete schema undo log for id=950074db-d078-4773-aadd-492f564d31d5
=====!!!!!!===== batch delete addFile undo log for id=950074db-d078-4773-aadd-492f564d31d5
=====!!!!!!===== batch delete expireFile undo log for id=950074db-d078-4773-aadd-492f564d31d5
=====!!!!!!===== batch delete partition undo log for id=950074db-d078-4773-aadd-492f564d31d5
=====!!!!!!===== batch delete commit undo log for id=950074db-d078-4773-aadd-492f564d31d5
!!!!!!!err commit id: 950074db-d078-4773-aadd-492f564d31d5
+++++++++++++++ create EnginePlusTable ~~~
========== create snapshot for exists table!!!
=====***** setting ****======= : Map()
========= table_name: s3://mob-emr-test/dataplatform/DataWareHouse/offline/xihe/test1/, partition_info: range_col=0,range_col=1
[CMS-concurrent-mark: 0.099/0.128 secs] [Times: user=0.52 sys=0.03, real=0.13 secs] 
[CMS-concurrent-preclean-start]
[CMS-concurrent-preclean: 0.004/0.004 secs] [Times: user=0.02 sys=0.00, real=0.01 secs] 
[CMS-concurrent-abortable-preclean-start]
============================= use V2 Table
========== create snapshot for exists table!!!
=====***** setting ****======= : Map()
========= table_name: s3://mob-emr-test/dataplatform/DataWareHouse/offline/xihe/test1/, partition_info: range_col=0,range_col=1
========***** file partition map *****=======: Map(range_col -> 0)
========***** file partition map *****=======: Map(range_col -> 1)
============================= use V2 Table
========== create snapshot for exists table!!!
=====***** setting ****======= : Map()
========= table_name: s3://mob-emr-test/dataplatform/DataWareHouse/offline/xihe/test1/, partition_info: range_col=0,range_col=1
========***** file partition map *****=======: Map(range_col -> 0)
========***** file partition map *****=======: Map(range_col -> 1)
[GC (Allocation Failure) [ParNew: 64640K->2891K(72704K), 0.0061475 secs] 209859K->148110K(233856K), 0.0062411 secs] [Times: user=0.02 sys=0.00, real=0.00 secs] 
==========********===========  use EnginePlusAnalysis UpdateTable ~~~
============***********======= catalog.toString: 
Relation[hash_col#305,col0#306,col1#307,range_col#308] parquet

java.lang.Thread.getStackTrace(Thread.java:1559)
org.apache.spark.sql.engineplus.EnginePlusAnalysis$$anonfun$apply$1.applyOrElse(EnginePlusAnalysis.scala:140)
org.apache.spark.sql.engineplus.EnginePlusAnalysis$$anonfun$apply$1.applyOrElse(EnginePlusAnalysis.scala:43)
org.apache.spark.sql.catalyst.plans.logical.AnalysisHelper.$anonfun$resolveOperatorsDown$2(AnalysisHelper.scala:108)
org.apache.spark.sql.catalyst.trees.CurrentOrigin$.withOrigin(TreeNode.scala:72)
org.apache.spark.sql.catalyst.plans.logical.AnalysisHelper.$anonfun$resolveOperatorsDown$1(AnalysisHelper.scala:108)
org.apache.spark.sql.catalyst.plans.logical.AnalysisHelper$.allowInvokingTransformsInAnalyzer(AnalysisHelper.scala:194)
org.apache.spark.sql.catalyst.plans.logical.AnalysisHelper.resolveOperatorsDown(AnalysisHelper.scala:106)
org.apache.spark.sql.catalyst.plans.logical.AnalysisHelper.resolveOperatorsDown$(AnalysisHelper.scala:104)
org.apache.spark.sql.catalyst.plans.logical.LogicalPlan.resolveOperatorsDown(LogicalPlan.scala:29)
org.apache.spark.sql.engineplus.EnginePlusAnalysis.apply(EnginePlusAnalysis.scala:43)
org.apache.spark.sql.engineplus.EnginePlusAnalysis.apply(EnginePlusAnalysis.scala:38)
org.apache.spark.sql.catalyst.rules.RuleExecutor.$anonfun$execute$2(RuleExecutor.scala:149)
scala.collection.LinearSeqOptimized.foldLeft(LinearSeqOptimized.scala:126)
scala.collection.LinearSeqOptimized.foldLeft$(LinearSeqOptimized.scala:122)
scala.collection.immutable.List.foldLeft(List.scala:89)
org.apache.spark.sql.catalyst.rules.RuleExecutor.$anonfun$execute$1(RuleExecutor.scala:146)
org.apache.spark.sql.catalyst.rules.RuleExecutor.$anonfun$execute$1$adapted(RuleExecutor.scala:138)
scala.collection.immutable.List.foreach(List.scala:392)
org.apache.spark.sql.catalyst.rules.RuleExecutor.execute(RuleExecutor.scala:138)
org.apache.spark.sql.catalyst.analysis.Analyzer.org$apache$spark$sql$catalyst$analysis$Analyzer$$executeSameContext(Analyzer.scala:176)
org.apache.spark.sql.catalyst.analysis.Analyzer.execute(Analyzer.scala:170)
org.apache.spark.sql.catalyst.analysis.Analyzer.execute(Analyzer.scala:130)
org.apache.spark.sql.catalyst.rules.RuleExecutor.$anonfun$executeAndTrack$1(RuleExecutor.scala:116)
org.apache.spark.sql.catalyst.QueryPlanningTracker$.withTracker(QueryPlanningTracker.scala:88)
org.apache.spark.sql.catalyst.rules.RuleExecutor.executeAndTrack(RuleExecutor.scala:116)
org.apache.spark.sql.catalyst.analysis.Analyzer.$anonfun$executeAndCheck$1(Analyzer.scala:154)
org.apache.spark.sql.catalyst.plans.logical.AnalysisHelper$.markInAnalyzer(AnalysisHelper.scala:201)
org.apache.spark.sql.catalyst.analysis.Analyzer.executeAndCheck(Analyzer.scala:153)
org.apache.spark.sql.execution.QueryExecution.$anonfun$analyzed$1(QueryExecution.scala:68)
org.apache.spark.sql.catalyst.QueryPlanningTracker.measurePhase(QueryPlanningTracker.scala:111)
org.apache.spark.sql.execution.QueryExecution.$anonfun$executePhase$1(QueryExecution.scala:120)
org.apache.spark.sql.SparkSession.withActive(SparkSession.scala:764)
org.apache.spark.sql.execution.QueryExecution.executePhase(QueryExecution.scala:120)
org.apache.spark.sql.execution.QueryExecution.analyzed$lzycompute(QueryExecution.scala:68)
org.apache.spark.sql.execution.QueryExecution.analyzed(QueryExecution.scala:66)
org.apache.spark.sql.execution.QueryExecution.assertAnalyzed(QueryExecution.scala:58)
org.apache.spark.sql.Dataset$.$anonfun$ofRows$1(Dataset.scala:91)
org.apache.spark.sql.SparkSession.withActive(SparkSession.scala:764)
org.apache.spark.sql.Dataset$.ofRows(Dataset.scala:89)
org.apache.spark.sql.engineplus.utils.AnalysisHelper.toDataset(AnalysisHelper.scala:28)
org.apache.spark.sql.engineplus.utils.AnalysisHelper.toDataset$(AnalysisHelper.scala:27)
io.engineplus.tables.EnginePlusTable.toDataset(EnginePlusTable.scala:15)
io.engineplus.tables.execution.EnginePlusTableOperations.executeUpdate(EnginePlusTableOperations.scala:80)
io.engineplus.tables.execution.EnginePlusTableOperations.executeUpdate$(EnginePlusTableOperations.scala:61)
io.engineplus.tables.EnginePlusTable.executeUpdate(EnginePlusTable.scala:15)
io.engineplus.tables.EnginePlusTable.update(EnginePlusTable.scala:162)
com.mobvista.dataplatform.test.ConcurrentTest$.commit_merge(ConcurrentTest.scala:119)
com.mobvista.dataplatform.test.ConcurrentTest$.commit(ConcurrentTest.scala:86)
com.mobvista.dataplatform.test.ConcurrentTest$$anon$1.run(ConcurrentTest.scala:45)
java.util.concurrent.ThreadPoolExecutor.runWorker(ThreadPoolExecutor.java:1142)
java.util.concurrent.ThreadPoolExecutor$Worker.run(ThreadPoolExecutor.java:617)
java.lang.Thread.run(Thread.java:748)
==============*********** IS_APPEND_ONLY *********==============
==============*********** false *********==============
========== create snapshot for exists table!!!
=====***** setting ****======= : Map()
========= table_name: s3://mob-emr-test/dataplatform/DataWareHouse/offline/xihe/test1/, partition_info: range_col=0,range_col=1
=========== not first commit and get snapshot table info!!!
========= table_name: s3://mob-emr-test/dataplatform/DataWareHouse/offline/xihe/test1/
========***** file partition map *****=======: Map(range_col -> 0)
========***** file partition map *****=======: Map(range_col -> 1)
[GC (Allocation Failure) [ParNew: 58887K->3221K(72704K), 0.0042906 secs][CMS[CMS-concurrent-abortable-preclean: 0.111/0.384 secs] [Times: user=1.25 sys=0.02, real=0.38 secs] 
 (concurrent mode failure): 145219K->80921K(161152K), 0.2732635 secs] 204106K->80921K(233856K), [Metaspace: 131756K->131756K(1173504K)], 0.2777303 secs] [Times: user=0.19 sys=0.00, real=0.28 secs] 
java.lang.Thread.getStackTrace(Thread.java:1559)
org.apache.spark.sql.engineplus.Transaction.$anonfun$commit$1(TransactionCommit.scala:170)
scala.runtime.java8.JFunction0$mcV$sp.apply(JFunction0$mcV$sp.java:23)
org.apache.spark.sql.engineplus.SnapshotManagement.lockInterruptibly(SnapshotManagement.scala:163)
org.apache.spark.sql.engineplus.Transaction.commit(TransactionCommit.scala:166)
org.apache.spark.sql.engineplus.Transaction.commit$(TransactionCommit.scala:164)
org.apache.spark.sql.engineplus.TransactionCommit.commit(TransactionCommit.scala:19)
org.apache.spark.sql.engineplus.commands.WriteIntoTable.$anonfun$run$1(WriteIntoTable.scala:67)
org.apache.spark.sql.engineplus.commands.WriteIntoTable.$anonfun$run$1$adapted(WriteIntoTable.scala:64)
org.apache.spark.sql.engineplus.SnapshotManagement.withNewTransaction(SnapshotManagement.scala:105)
org.apache.spark.sql.engineplus.commands.WriteIntoTable.run(WriteIntoTable.scala:64)
org.apache.spark.sql.engineplus.sources.EnginePlusDataSource.createRelation(EnginePlusDataSource.scala:54)
org.apache.spark.sql.execution.datasources.SaveIntoDataSourceCommand.run(SaveIntoDataSourceCommand.scala:46)
org.apache.spark.sql.execution.command.ExecutedCommandExec.sideEffectResult$lzycompute(commands.scala:70)
org.apache.spark.sql.execution.command.ExecutedCommandExec.sideEffectResult(commands.scala:68)
org.apache.spark.sql.execution.command.ExecutedCommandExec.doExecute(commands.scala:90)
org.apache.spark.sql.execution.SparkPlan.$anonfun$execute$1(SparkPlan.scala:175)
org.apache.spark.sql.execution.SparkPlan.$anonfun$executeQuery$1(SparkPlan.scala:213)
org.apache.spark.rdd.RDDOperationScope$.withScope(RDDOperationScope.scala:151)
org.apache.spark.sql.execution.SparkPlan.executeQuery(SparkPlan.scala:210)
org.apache.spark.sql.execution.SparkPlan.execute(SparkPlan.scala:171)
org.apache.spark.sql.execution.QueryExecution.toRdd$lzycompute(QueryExecution.scala:109)
org.apache.spark.sql.execution.QueryExecution.toRdd(QueryExecution.scala:108)
org.apache.spark.sql.DataFrameWriter.$anonfun$runCommand$1(DataFrameWriter.scala:944)
org.apache.spark.sql.execution.SQLExecution$.$anonfun$withNewExecutionId$5(SQLExecution.scala:103)
org.apache.spark.sql.execution.SQLExecution$.withSQLConfPropagated(SQLExecution.scala:163)
org.apache.spark.sql.execution.SQLExecution$.$anonfun$withNewExecutionId$1(SQLExecution.scala:90)
org.apache.spark.sql.SparkSession.withActive(SparkSession.scala:764)
org.apache.spark.sql.execution.SQLExecution$.withNewExecutionId(SQLExecution.scala:64)
org.apache.spark.sql.DataFrameWriter.runCommand(DataFrameWriter.scala:944)
org.apache.spark.sql.DataFrameWriter.saveToV1Source(DataFrameWriter.scala:396)
org.apache.spark.sql.DataFrameWriter.save(DataFrameWriter.scala:327)
org.apache.spark.sql.DataFrameWriter.save(DataFrameWriter.scala:269)
com.mobvista.dataplatform.test.ConcurrentTest$.commit_merge(ConcurrentTest.scala:111)
com.mobvista.dataplatform.test.ConcurrentTest$.commit(ConcurrentTest.scala:86)
com.mobvista.dataplatform.test.ConcurrentTest$$anon$1.run(ConcurrentTest.scala:45)
java.util.concurrent.ThreadPoolExecutor.runWorker(ThreadPoolExecutor.java:1142)
java.util.concurrent.ThreadPoolExecutor$Worker.run(ThreadPoolExecutor.java:617)
java.lang.Thread.run(Thread.java:748)
=========**** depend_partitions ****========: Set(range_col=2)
=========**** depend_partitions cycle range_key ****========: range_col=2
=========**** final partitions ****========: range_col=2
=========== configuration before commit: Map()
{{{{{{commit: 85f845d0-3add-4334-9a56-10243977d89d begin!!!}}}}}}
===================add commit undo log ~~~~~
===================add partition undo log ~~~~~
===================add schema undo log ~~~~~
===================add file undo log ~~~~~
=====!!!!!!===== batch delete schema undo log for id=85f845d0-3add-4334-9a56-10243977d89d
+++++++++++++++++add new file: s3://mob-emr-test/dataplatform/DataWareHouse/offline/xihe/test1/range_col=2/part-00000-05ff2b9b-1178-40ad-bd0a-38a21a429214.c000.snappy.parquet ++++++++++++++++
=====!!!!!!===== batch delete addFile undo log for id=85f845d0-3add-4334-9a56-10243977d89d
=====!!!!!!===== batch delete expireFile undo log for id=85f845d0-3add-4334-9a56-10243977d89d
=====!!!!!!===== batch delete partition undo log for id=85f845d0-3add-4334-9a56-10243977d89d
=====!!!!!!===== batch delete commit undo log for id=85f845d0-3add-4334-9a56-10243977d89d
{{{{{{commit: 85f845d0-3add-4334-9a56-10243977d89d success!!!}}}}}}
========***** file partition map *****=======: Map(range_col -> 0)
========***** file partition map *****=======: Map(range_col -> 1)
+++++++++++++++ create EnginePlusTable ~~~
========== create snapshot for exists table!!!
=====***** setting ****======= : Map()
========= table_name: s3://mob-emr-test/dataplatform/DataWareHouse/offline/xihe/test1/, partition_info: range_col=0,range_col=1,range_col=2
============================= use V2 Table
========== create snapshot for exists table!!!
=====***** setting ****======= : Map()
========= table_name: s3://mob-emr-test/dataplatform/DataWareHouse/offline/xihe/test1/, partition_info: range_col=0,range_col=1,range_col=2
========***** file partition map *****=======: Map(range_col -> 0)
========***** file partition map *****=======: Map(range_col -> 1)
========***** file partition map *****=======: Map(range_col -> 2)
============================= use V2 Table
========== create snapshot for exists table!!!
=====***** setting ****======= : Map()
========= table_name: s3://mob-emr-test/dataplatform/DataWareHouse/offline/xihe/test1/, partition_info: range_col=0,range_col=1,range_col=2
========***** file partition map *****=======: Map(range_col -> 0)
========***** file partition map *****=======: Map(range_col -> 1)
========***** file partition map *****=======: Map(range_col -> 2)
==========********===========  use EnginePlusAnalysis UpdateTable ~~~
============***********======= catalog.toString: 
Relation[hash_col#366,col0#367,col1#368,col3#369,range_col#370] parquet

java.lang.Thread.getStackTrace(Thread.java:1559)
org.apache.spark.sql.engineplus.EnginePlusAnalysis$$anonfun$apply$1.applyOrElse(EnginePlusAnalysis.scala:140)
org.apache.spark.sql.engineplus.EnginePlusAnalysis$$anonfun$apply$1.applyOrElse(EnginePlusAnalysis.scala:43)
org.apache.spark.sql.catalyst.plans.logical.AnalysisHelper.$anonfun$resolveOperatorsDown$2(AnalysisHelper.scala:108)
org.apache.spark.sql.catalyst.trees.CurrentOrigin$.withOrigin(TreeNode.scala:72)
org.apache.spark.sql.catalyst.plans.logical.AnalysisHelper.$anonfun$resolveOperatorsDown$1(AnalysisHelper.scala:108)
org.apache.spark.sql.catalyst.plans.logical.AnalysisHelper$.allowInvokingTransformsInAnalyzer(AnalysisHelper.scala:194)
org.apache.spark.sql.catalyst.plans.logical.AnalysisHelper.resolveOperatorsDown(AnalysisHelper.scala:106)
org.apache.spark.sql.catalyst.plans.logical.AnalysisHelper.resolveOperatorsDown$(AnalysisHelper.scala:104)
org.apache.spark.sql.catalyst.plans.logical.LogicalPlan.resolveOperatorsDown(LogicalPlan.scala:29)
org.apache.spark.sql.engineplus.EnginePlusAnalysis.apply(EnginePlusAnalysis.scala:43)
org.apache.spark.sql.engineplus.EnginePlusAnalysis.apply(EnginePlusAnalysis.scala:38)
org.apache.spark.sql.catalyst.rules.RuleExecutor.$anonfun$execute$2(RuleExecutor.scala:149)
scala.collection.LinearSeqOptimized.foldLeft(LinearSeqOptimized.scala:126)
scala.collection.LinearSeqOptimized.foldLeft$(LinearSeqOptimized.scala:122)
scala.collection.immutable.List.foldLeft(List.scala:89)
org.apache.spark.sql.catalyst.rules.RuleExecutor.$anonfun$execute$1(RuleExecutor.scala:146)
org.apache.spark.sql.catalyst.rules.RuleExecutor.$anonfun$execute$1$adapted(RuleExecutor.scala:138)
scala.collection.immutable.List.foreach(List.scala:392)
org.apache.spark.sql.catalyst.rules.RuleExecutor.execute(RuleExecutor.scala:138)
org.apache.spark.sql.catalyst.analysis.Analyzer.org$apache$spark$sql$catalyst$analysis$Analyzer$$executeSameContext(Analyzer.scala:176)
org.apache.spark.sql.catalyst.analysis.Analyzer.execute(Analyzer.scala:170)
org.apache.spark.sql.catalyst.analysis.Analyzer.execute(Analyzer.scala:130)
org.apache.spark.sql.catalyst.rules.RuleExecutor.$anonfun$executeAndTrack$1(RuleExecutor.scala:116)
org.apache.spark.sql.catalyst.QueryPlanningTracker$.withTracker(QueryPlanningTracker.scala:88)
org.apache.spark.sql.catalyst.rules.RuleExecutor.executeAndTrack(RuleExecutor.scala:116)
org.apache.spark.sql.catalyst.analysis.Analyzer.$anonfun$executeAndCheck$1(Analyzer.scala:154)
org.apache.spark.sql.catalyst.plans.logical.AnalysisHelper$.markInAnalyzer(AnalysisHelper.scala:201)
org.apache.spark.sql.catalyst.analysis.Analyzer.executeAndCheck(Analyzer.scala:153)
org.apache.spark.sql.execution.QueryExecution.$anonfun$analyzed$1(QueryExecution.scala:68)
org.apache.spark.sql.catalyst.QueryPlanningTracker.measurePhase(QueryPlanningTracker.scala:111)
org.apache.spark.sql.execution.QueryExecution.$anonfun$executePhase$1(QueryExecution.scala:120)
org.apache.spark.sql.SparkSession.withActive(SparkSession.scala:764)
org.apache.spark.sql.execution.QueryExecution.executePhase(QueryExecution.scala:120)
org.apache.spark.sql.execution.QueryExecution.analyzed$lzycompute(QueryExecution.scala:68)
org.apache.spark.sql.execution.QueryExecution.analyzed(QueryExecution.scala:66)
org.apache.spark.sql.execution.QueryExecution.assertAnalyzed(QueryExecution.scala:58)
org.apache.spark.sql.Dataset$.$anonfun$ofRows$1(Dataset.scala:91)
org.apache.spark.sql.SparkSession.withActive(SparkSession.scala:764)
org.apache.spark.sql.Dataset$.ofRows(Dataset.scala:89)
org.apache.spark.sql.engineplus.utils.AnalysisHelper.toDataset(AnalysisHelper.scala:28)
org.apache.spark.sql.engineplus.utils.AnalysisHelper.toDataset$(AnalysisHelper.scala:27)
io.engineplus.tables.EnginePlusTable.toDataset(EnginePlusTable.scala:15)
io.engineplus.tables.execution.EnginePlusTableOperations.executeUpdate(EnginePlusTableOperations.scala:80)
io.engineplus.tables.execution.EnginePlusTableOperations.executeUpdate$(EnginePlusTableOperations.scala:61)
io.engineplus.tables.EnginePlusTable.executeUpdate(EnginePlusTable.scala:15)
io.engineplus.tables.EnginePlusTable.update(EnginePlusTable.scala:162)
com.mobvista.dataplatform.test.ConcurrentTest$.commit_merge(ConcurrentTest.scala:119)
com.mobvista.dataplatform.test.ConcurrentTest$.commit(ConcurrentTest.scala:86)
com.mobvista.dataplatform.test.ConcurrentTest$$anon$1.run(ConcurrentTest.scala:45)
java.util.concurrent.ThreadPoolExecutor.runWorker(ThreadPoolExecutor.java:1142)
java.util.concurrent.ThreadPoolExecutor$Worker.run(ThreadPoolExecutor.java:617)
java.lang.Thread.run(Thread.java:748)
==============*********** IS_APPEND_ONLY *********==============
==============*********** false *********==============
========== create snapshot for exists table!!!
=====***** setting ****======= : Map()
========= table_name: s3://mob-emr-test/dataplatform/DataWareHouse/offline/xihe/test1/, partition_info: range_col=0,range_col=1,range_col=2
=========== not first commit and get snapshot table info!!!
========= table_name: s3://mob-emr-test/dataplatform/DataWareHouse/offline/xihe/test1/
========***** file partition map *****=======: Map(range_col -> 0)
========***** file partition map *****=======: Map(range_col -> 1)
========***** file partition map *****=======: Map(range_col -> 2)
[GC (Allocation Failure) [ParNew: 60425K->1733K(72704K), 0.0051944 secs][CMS: 146457K->65195K(161152K), 0.2176104 secs] 206882K->65195K(233856K), [Metaspace: 132502K->132502K(1175552K)], 0.2229822 secs] [Times: user=0.48 sys=0.00, real=0.22 secs] 
[GC (CMS Initial Mark) [1 CMS-initial-mark: 130731K(161152K)] 131099K(233856K), 0.0041776 secs] [Times: user=0.01 sys=0.00, real=0.00 secs] 
[CMS-concurrent-mark-start]
[GC (Allocation Failure) [ParNew: 4480K->428K(72704K), 0.0049413 secs][CMS[CMS-concurrent-mark: 0.061/0.067 secs] [Times: user=0.27 sys=0.00, real=0.07 secs] 
 (concurrent mode failure): 130731K->64894K(161152K), 0.2348700 secs] 135212K->64894K(233856K), [Metaspace: 132625K->132625K(1175552K)], 0.2399710 secs] [Times: user=0.37 sys=0.00, real=0.24 secs] 
[GC (Allocation Failure) [ParNew: 5702K->422K(72704K), 0.0034961 secs][CMS: 130430K->64934K(161152K), 0.1608597 secs] 136133K->64934K(233856K), [Metaspace: 132707K->132707K(1175552K)], 0.1645170 secs] [Times: user=0.17 sys=0.00, real=0.17 secs] 
[GC (CMS Initial Mark) [1 CMS-initial-mark: 130470K(161152K)] 130470K(233856K), 0.0025408 secs] [Times: user=0.00 sys=0.00, real=0.01 secs] 
[CMS-concurrent-mark-start]
[GC (Allocation Failure) [ParNew: 10515K->570K(72704K), 0.0035641 secs][CMS[CMS-concurrent-mark: 0.067/0.086 secs] [Times: user=0.29 sys=0.00, real=0.08 secs] 
 (concurrent mode failure): 130470K->64440K(161152K), 0.2475723 secs] 140985K->64440K(233856K), [Metaspace: 132808K->132808K(1175552K)], 0.2513215 secs] [Times: user=0.28 sys=0.00, real=0.25 secs] 
--------------- scan all files cost: 1730ms ---------------
[GC (Allocation Failure) [ParNew: 52262K->731K(72704K), 0.0068893 secs][CMS: 129976K->64686K(161152K), 0.1674101 secs] 182238K->64686K(233856K), [Metaspace: 133010K->133010K(1175552K)], 0.1744787 secs] [Times: user=0.18 sys=0.00, real=0.18 secs] 
[GC (CMS Initial Mark) [1 CMS-initial-mark: 130222K(161152K)] 130222K(233856K), 0.0028961 secs] [Times: user=0.00 sys=0.00, real=0.01 secs] 
[CMS-concurrent-mark-start]
--------------- scan all files cost: 1425ms ---------------
[CMS-concurrent-mark: 0.080/0.081 secs] [Times: user=0.40 sys=0.00, real=0.08 secs] 
[CMS-concurrent-preclean-start]
[CMS-concurrent-preclean: 0.003/0.004 secs] [Times: user=0.02 sys=0.00, real=0.00 secs] 
[CMS-concurrent-abortable-preclean-start]
[GC (Allocation Failure) [ParNew: 64640K->1944K(72704K), 0.0068265 secs] 194862K->132166K(233856K), 0.0068972 secs] [Times: user=0.01 sys=0.00, real=0.01 secs] 
[CMS-concurrent-abortable-preclean: 0.154/0.340 secs] [Times: user=1.50 sys=0.01, real=0.34 secs] 
[GC (CMS Final Remark) [YG occupancy: 42311 K (72704 K)][Rescan (parallel) , 0.0110169 secs][weak refs processing, 0.0002537 secs][class unloading, 0.0204540 secs][scrub symbol table, 0.0197973 secs][scrub string table, 0.0014379 secs][1 CMS-remark: 130222K(161152K)] 172533K(233856K), 0.0531644 secs] [Times: user=0.09 sys=0.00, real=0.05 secs] 
[CMS-concurrent-sweep-start]
[CMS-concurrent-sweep: 0.020/0.020 secs] [Times: user=0.08 sys=0.01, real=0.02 secs] 
[CMS-concurrent-reset-start]
[CMS-concurrent-reset: 0.001/0.001 secs] [Times: user=0.00 sys=0.00, real=0.00 secs] 
[GC (Allocation Failure) [ParNew: 66584K->3942K(72704K), 0.0072339 secs] 196684K->134043K(289540K), 0.0073285 secs] [Times: user=0.03 sys=0.00, real=0.00 secs] 
[GC (Allocation Failure) [ParNew: 68582K->4834K(72704K), 0.0266178 secs] 198683K->134934K(289540K), 0.0267115 secs] [Times: user=0.08 sys=0.00, real=0.02 secs] 
[GC (Allocation Failure) [ParNew: 69474K->6038K(72704K), 0.0060828 secs] 199574K->136138K(289540K), 0.0061764 secs] [Times: user=0.04 sys=0.00, real=0.01 secs] 
[GC (Allocation Failure) [ParNew: 70678K->8064K(72704K), 0.0260809 secs] 266314K->204928K(289540K), 0.0261709 secs] [Times: user=0.08 sys=0.00, real=0.02 secs] 
[GC (CMS Initial Mark) [1 CMS-initial-mark: 196864K(216836K)] 206085K(289540K), 0.0046411 secs] [Times: user=0.01 sys=0.00, real=0.00 secs] 
[CMS-concurrent-mark-start]
[CMS-concurrent-mark: 0.049/0.051 secs] [Times: user=0.13 sys=0.00, real=0.05 secs] 
[CMS-concurrent-preclean-start]
[CMS-concurrent-preclean: 0.003/0.003 secs] [Times: user=0.01 sys=0.00, real=0.00 secs] 
[GC (CMS Final Remark) [YG occupancy: 9579 K (72704 K)][Rescan (parallel) , 0.0046131 secs][weak refs processing, 0.0001831 secs][class unloading, 0.0223963 secs][scrub symbol table, 0.0206444 secs][scrub string table, 0.0011220 secs][1 CMS-remark: 196864K(216836K)] 206444K(289540K), 0.0492007 secs] [Times: user=0.06 sys=0.00, real=0.06 secs] 
[CMS-concurrent-sweep-start]
[CMS-concurrent-sweep: 0.023/0.023 secs] [Times: user=0.06 sys=0.00, real=0.02 secs] 
[CMS-concurrent-reset-start]
[CMS-concurrent-reset: 0.001/0.001 secs] [Times: user=0.00 sys=0.00, real=0.00 secs] 
[GC (Allocation Failure) [ParNew: 46587K->5562K(72704K), 0.0177758 secs][CMS: 198382K->69248K(216836K), 0.2452538 secs] 242923K->69248K(289540K), [Metaspace: 139053K->139053K(1183744K)], 0.2636983 secs] [Times: user=0.31 sys=0.00, real=0.26 secs] 
[GC (Allocation Failure) [ParNew: 71985K->1506K(97792K), 0.0164603 secs] 141234K->136293K(314628K), 0.0165573 secs] [Times: user=0.07 sys=0.00, real=0.02 secs] 
[GC (CMS Initial Mark) [1 CMS-initial-mark: 134786K(216836K)] 203048K(314628K), 0.0031751 secs] [Times: user=0.01 sys=0.00, real=0.00 secs] 
[CMS-concurrent-mark-start]
[GC (Allocation Failure) [ParNew: 73407K->331K(97792K), 0.0033969 secs] 208194K->135118K(314628K), 0.0034743 secs] [Times: user=0.02 sys=0.00, real=0.01 secs] 
[GC (Allocation Failure) [ParNew: 67751K->287K(97792K), 0.0034071 secs] 202538K->135074K(314628K), 0.0034820 secs] [Times: user=0.02 sys=0.00, real=0.00 secs] 
[GC (Allocation Failure) [ParNew: 67757K->288K(97792K), 0.0032959 secs] 202544K->135075K(314628K), 0.0033691 secs] [Times: user=0.02 sys=0.00, real=0.00 secs] 
[CMS-concurrent-mark: 0.082/0.110 secs] [Times: user=0.48 sys=0.00, real=0.11 secs] 
[CMS-concurrent-preclean-start]
[CMS-concurrent-preclean: 0.004/0.004 secs] [Times: user=0.02 sys=0.00, real=0.01 secs] 
[CMS-concurrent-abortable-preclean-start]
[GC (Allocation Failure) [ParNew: 67889K->295K(97792K), 0.0079724 secs] 202676K->135082K(314628K), 0.0080400 secs] [Times: user=0.04 sys=0.00, real=0.01 secs] 
[CMS-concurrent-abortable-preclean: 0.004/0.021 secs] [Times: user=0.10 sys=0.00, real=0.02 secs] 
[GC (CMS Final Remark) [YG occupancy: 66475 K (97792 K)][Rescan (parallel) , 0.0066625 secs][weak refs processing, 0.0002132 secs][class unloading, 0.0178866 secs][scrub symbol table, 0.0215123 secs][scrub string table, 0.0010982 secs][1 CMS-remark: 134786K(216836K)] 201262K(314628K), 0.0475157 secs] [Times: user=0.11 sys=0.00, real=0.05 secs] 
[CMS-concurrent-sweep-start]
[GC (Allocation Failure) [ParNew: 69025K->288K(97792K), 0.0045762 secs] 203812K->135075K(314628K), 0.0046510 secs] [Times: user=0.02 sys=0.00, real=0.01 secs] 
[CMS-concurrent-sweep: 0.025/0.038 secs] [Times: user=0.16 sys=0.00, real=0.03 secs] 
[CMS-concurrent-reset-start]
[CMS-concurrent-reset: 0.001/0.001 secs] [Times: user=0.00 sys=0.00, real=0.01 secs] 
[GC (Allocation Failure) [ParNew: 68080K->280K(97792K), 0.0036858 secs] 136622K->68841K(314628K), 0.0037537 secs] [Times: user=0.02 sys=0.00, real=0.00 secs] 
[GC (Allocation Failure) [ParNew: 68327K->127K(97792K), 0.0035798 secs] 136887K->68843K(314628K), 0.0036875 secs] [Times: user=0.01 sys=0.00, real=0.01 secs] 
[GC (Allocation Failure) [ParNew: 67601K->133K(97792K), 0.0035088 secs] 136317K->68856K(314628K), 0.0036076 secs] [Times: user=0.02 sys=0.00, real=0.00 secs] 
[GC (Allocation Failure) [ParNew: 69538K->133K(97792K), 0.0034498 secs] 138261K->68861K(314628K), 0.0035542 secs] [Times: user=0.01 sys=0.00, real=0.00 secs] 
[GC (Allocation Failure) [ParNew: 67294K->173K(97792K), 0.0047281 secs] 136022K->68909K(314628K), 0.0048336 secs] [Times: user=0.02 sys=0.00, real=0.00 secs] 
[GC (Allocation Failure) [ParNew: 68027K->184K(97792K), 0.0037160 secs] 136763K->68926K(314628K), 0.0038098 secs] [Times: user=0.02 sys=0.00, real=0.01 secs] 
[GC (Allocation Failure) [ParNew: 68437K->194K(97792K), 0.0033073 secs] 137179K->68943K(314628K), 0.0033929 secs] [Times: user=0.02 sys=0.00, real=0.00 secs] 
[GC (Allocation Failure) [ParNew: 68749K->184K(97792K), 0.0035295 secs] 137498K->68938K(314628K), 0.0036074 secs] [Times: user=0.01 sys=0.00, real=0.00 secs] 
[GC (Allocation Failure) [ParNew: 67472K->239K(97792K), 0.0043445 secs] 136226K->69003K(314628K), 0.0044219 secs] [Times: user=0.02 sys=0.00, real=0.00 secs] 
[GC (Allocation Failure) [ParNew: 67788K->179K(97792K), 0.0044744 secs] 136552K->69006K(314628K), 0.0045778 secs] [Times: user=0.01 sys=0.00, real=0.01 secs] 
[GC (Allocation Failure) [ParNew: 67551K->187K(97792K), 0.0030890 secs] 136378K->69021K(314628K), 0.0031751 secs] [Times: user=0.01 sys=0.00, real=0.00 secs] 
[GC (Allocation Failure) [ParNew: 67688K->179K(97792K), 0.0034613 secs] 136522K->69022K(314628K), 0.0035360 secs] [Times: user=0.02 sys=0.00, real=0.01 secs] 
[GC (Allocation Failure) [ParNew: 67617K->175K(97792K), 0.0031992 secs] 136460K->69025K(314628K), 0.0032731 secs] [Times: user=0.02 sys=0.00, real=0.01 secs] 
[GC (Allocation Failure) [ParNew: 67777K->184K(97792K), 0.0185206 secs] 136627K->69038K(314628K), 0.0186131 secs] [Times: user=0.09 sys=0.00, real=0.02 secs] 
[GC (Allocation Failure) [ParNew: 67666K->101K(97792K), 0.0043485 secs] 136520K->69025K(314628K), 0.0044349 secs] [Times: user=0.02 sys=0.00, real=0.00 secs] 
[GC (Allocation Failure) [ParNew: 67638K->107K(97792K), 0.0030175 secs] 136561K->69036K(314628K), 0.0031142 secs] [Times: user=0.01 sys=0.00, real=0.00 secs] 
[GC (Allocation Failure) [ParNew: 67582K->108K(97792K), 0.0040671 secs] 136511K->69042K(314628K), 0.0041409 secs] [Times: user=0.01 sys=0.00, real=0.01 secs] 
[GC (Allocation Failure) [ParNew: 67682K->108K(97792K), 0.0036878 secs] 136616K->69048K(314628K), 0.0037910 secs] [Times: user=0.02 sys=0.00, real=0.00 secs] 
[GC (Allocation Failure) [ParNew: 67595K->110K(97792K), 0.0042542 secs] 136535K->69054K(314628K), 0.0043397 secs] [Times: user=0.01 sys=0.00, real=0.01 secs] 
[GC (Allocation Failure) [ParNew: 67627K->108K(97792K), 0.0043459 secs] 136571K->69058K(314628K), 0.0044642 secs] [Times: user=0.01 sys=0.00, real=0.00 secs] 
[GC (Allocation Failure) [ParNew: 67590K->110K(97792K), 0.0033983 secs] 136540K->69065K(314628K), 0.0034987 secs] [Times: user=0.02 sys=0.00, real=0.00 secs] 
[GC (Allocation Failure) [ParNew: 67655K->106K(97792K), 0.0046960 secs] 136610K->69067K(314628K), 0.0047813 secs] [Times: user=0.01 sys=0.00, real=0.00 secs] 
[GC (Allocation Failure) [ParNew: 67603K->111K(97792K), 0.0033555 secs] 136564K->69077K(314628K), 0.0034416 secs] [Times: user=0.01 sys=0.00, real=0.01 secs] 
[GC (Allocation Failure) [ParNew: 67613K->112K(97792K), 0.0033308 secs] 136580K->69084K(314628K), 0.0034271 secs] [Times: user=0.01 sys=0.00, real=0.01 secs] 
[GC (Allocation Failure) [ParNew: 67654K->179K(97792K), 0.0034616 secs] 136626K->69156K(314628K), 0.0035330 secs] [Times: user=0.01 sys=0.00, real=0.00 secs] 
[GC (Allocation Failure) [ParNew: 67660K->174K(97792K), 0.0043554 secs] 136638K->69156K(314628K), 0.0044321 secs] [Times: user=0.02 sys=0.00, real=0.00 secs] 
[GC (Allocation Failure) [ParNew: 67698K->173K(97792K), 0.0033733 secs] 136681K->69162K(314628K), 0.0034459 secs] [Times: user=0.01 sys=0.00, real=0.00 secs] 
[GC (Allocation Failure) [ParNew: 67659K->173K(97792K), 0.0094087 secs] 136647K->69168K(314628K), 0.0094956 secs] [Times: user=0.03 sys=0.00, real=0.00 secs] 
[GC (Allocation Failure) [ParNew: 67672K->172K(97792K), 0.0033669 secs] 136667K->69173K(314628K), 0.0034381 secs] [Times: user=0.01 sys=0.00, real=0.01 secs] 
[GC (Allocation Failure) [ParNew: 67656K->172K(97792K), 0.0042666 secs] 136657K->69178K(314628K), 0.0043361 secs] [Times: user=0.01 sys=0.00, real=0.01 secs] 
[GC (Allocation Failure) [ParNew: 67686K->109K(97792K), 0.0034080 secs] 136692K->69184K(314628K), 0.0034773 secs] [Times: user=0.01 sys=0.00, real=0.00 secs] 
[GC (Allocation Failure) [ParNew: 67594K->108K(97792K), 0.0031654 secs] 136669K->69189K(314628K), 0.0032359 secs] [Times: user=0.01 sys=0.00, real=0.00 secs] 
[GC (Allocation Failure) [ParNew: 67591K->107K(97792K), 0.0039489 secs] 136672K->69193K(314628K), 0.0040185 secs] [Times: user=0.00 sys=0.00, real=0.01 secs] 
[GC (Allocation Failure) [ParNew: 67599K->108K(97792K), 0.0031760 secs] 136685K->69200K(314628K), 0.0032714 secs] [Times: user=0.02 sys=0.00, real=0.01 secs] 
[GC (Allocation Failure) [ParNew: 67588K->115K(97792K), 0.0038519 secs] 136680K->69212K(314628K), 0.0039420 secs] [Times: user=0.01 sys=0.00, real=0.01 secs] 
[GC (Allocation Failure) [ParNew: 67622K->108K(97792K), 0.0044699 secs] 136719K->69211K(314628K), 0.0045390 secs] [Times: user=0.01 sys=0.00, real=0.01 secs] 
[GC (Allocation Failure) [ParNew: 67633K->123K(97792K), 0.0031242 secs] 136736K->69231K(314628K), 0.0031932 secs] [Times: user=0.01 sys=0.01, real=0.00 secs] 
[GC (Allocation Failure) [ParNew: 67614K->120K(97792K), 0.0033914 secs] 136722K->69234K(314628K), 0.0034851 secs] [Times: user=0.01 sys=0.00, real=0.00 secs] 
[GC (Allocation Failure) [ParNew: 67611K->115K(97792K), 0.0046030 secs] 136724K->69234K(314628K), 0.0046966 secs] [Times: user=0.01 sys=0.00, real=0.00 secs] 
[GC (Allocation Failure) [ParNew: 67660K->182K(97792K), 0.0032477 secs] 136779K->69306K(314628K), 0.0033407 secs] [Times: user=0.01 sys=0.00, real=0.00 secs] 
[GC (Allocation Failure) [ParNew: 67685K->194K(97792K), 0.0033310 secs] 136809K->69324K(314628K), 0.0034208 secs] [Times: user=0.02 sys=0.00, real=0.00 secs] 
[GC (Allocation Failure) [ParNew: 67678K->191K(97792K), 0.0031829 secs] 136808K->69326K(314628K), 0.0032755 secs] [Times: user=0.01 sys=0.00, real=0.01 secs] 
[GC (Allocation Failure) [ParNew: 67671K->170K(97792K), 0.0046767 secs] 136807K->69317K(314628K), 0.0047705 secs] [Times: user=0.02 sys=0.00, real=0.01 secs] 
[GC (Allocation Failure) [ParNew: 69391K->230K(97792K), 0.0047697 secs] 138538K->69383K(314628K), 0.0048607 secs] [Times: user=0.02 sys=0.00, real=0.01 secs] 
[GC (Allocation Failure) [ParNew: 70161K->249K(97792K), 0.0031733 secs] 139314K->69408K(314628K), 0.0032665 secs] [Times: user=0.02 sys=0.00, real=0.01 secs] 
[GC (Allocation Failure) [ParNew: 68739K->187K(97792K), 0.0031548 secs] 137898K->69415K(314628K), 0.0032516 secs] [Times: user=0.02 sys=0.00, real=0.01 secs] 
[GC (Allocation Failure) [ParNew: 68142K->177K(97792K), 0.0034545 secs] 137370K->69411K(314628K), 0.0035521 secs] [Times: user=0.02 sys=0.01, real=0.00 secs] 
[GC (Allocation Failure) [ParNew: 67798K->164K(97792K), 0.0044022 secs] 137032K->69404K(314628K), 0.0044974 secs] [Times: user=0.01 sys=0.00, real=0.01 secs] 
[GC (Allocation Failure) [ParNew: 67404K->162K(97792K), 0.0080331 secs] 136644K->69407K(314628K), 0.0081260 secs] [Times: user=0.03 sys=0.00, real=0.01 secs] 
[GC (Allocation Failure) [ParNew: 67309K->119K(97792K), 0.0033016 secs] 136554K->69426K(314628K), 0.0033743 secs] [Times: user=0.02 sys=0.00, real=0.01 secs] 
[GC (Allocation Failure) [ParNew: 67406K->107K(97792K), 0.0041137 secs] 136712K->69421K(314628K), 0.0041892 secs] [Times: user=0.01 sys=0.00, real=0.01 secs] 
[GC (Allocation Failure) [ParNew: 67453K->102K(97792K), 0.0033902 secs] 136767K->69421K(314628K), 0.0034598 secs] [Times: user=0.01 sys=0.00, real=0.01 secs] 
[GC (Allocation Failure) [ParNew: 67491K->108K(97792K), 0.0044273 secs] 136810K->69433K(314628K), 0.0044960 secs] [Times: user=0.01 sys=0.00, real=0.01 secs] 
[GC (Allocation Failure) [ParNew: 67551K->115K(97792K), 0.0031588 secs] 136875K->69445K(314628K), 0.0032532 secs] [Times: user=0.01 sys=0.00, real=0.01 secs] 
[GC (Allocation Failure) [ParNew: 67560K->130K(97792K), 0.0158584 secs] 136890K->69471K(314628K), 0.0159295 secs] [Times: user=0.05 sys=0.00, real=0.02 secs] 
[GC (Allocation Failure) [ParNew: 67673K->183K(97792K), 0.0080969 secs] 137015K->69529K(314628K), 0.0081692 secs] [Times: user=0.04 sys=0.00, real=0.01 secs] 
[GC (Allocation Failure) [ParNew: 67652K->180K(97792K), 0.0056790 secs] 136998K->69532K(314628K), 0.0057478 secs] [Times: user=0.03 sys=0.00, real=0.01 secs] 
[GC (Allocation Failure) [ParNew: 67663K->174K(97792K), 0.0031266 secs] 137015K->69531K(314628K), 0.0031975 secs] [Times: user=0.02 sys=0.00, real=0.01 secs] 
[GC (Allocation Failure) [ParNew: 69004K->174K(97792K), 0.0049608 secs] 138362K->69537K(314628K), 0.0050504 secs] [Times: user=0.02 sys=0.00, real=0.01 secs] 
[GC (Allocation Failure) [ParNew: 67579K->235K(97792K), 0.0111096 secs] 136942K->69603K(314628K), 0.0112069 secs] [Times: user=0.05 sys=0.00, real=0.01 secs] 
[GC (Allocation Failure) [ParNew: 68396K->228K(97792K), 0.0035142 secs] 137764K->69604K(314628K), 0.0036089 secs] [Times: user=0.01 sys=0.00, real=0.00 secs] 
[GC (Allocation Failure) [ParNew: 67531K->172K(97792K), 0.0033173 secs] 136907K->69616K(314628K), 0.0033861 secs] [Times: user=0.01 sys=0.00, real=0.00 secs] 
[GC (Allocation Failure) [ParNew: 67373K->176K(97792K), 0.0032412 secs] 136818K->69626K(314628K), 0.0033112 secs] [Times: user=0.02 sys=0.00, real=0.01 secs] 
[GC (Allocation Failure) [ParNew: 67470K->182K(97792K), 0.0030773 secs] 136920K->69637K(314628K), 0.0031459 secs] [Times: user=0.01 sys=0.00, real=0.00 secs] 
[GC (Allocation Failure) [ParNew: 67541K->115K(97792K), 0.0055888 secs] 136996K->69632K(314628K), 0.0056565 secs] [Times: user=0.02 sys=0.00, real=0.01 secs] 
[GC (Allocation Failure) [ParNew: 67539K->115K(97792K), 0.0034023 secs] 137057K->69638K(314628K), 0.0034951 secs] [Times: user=0.02 sys=0.00, real=0.00 secs] 
[GC (Allocation Failure) [ParNew: 67546K->114K(97792K), 0.0033203 secs] 137069K->69643K(314628K), 0.0033904 secs] [Times: user=0.02 sys=0.00, real=0.00 secs] 
[GC (Allocation Failure) [ParNew: 67575K->121K(97792K), 0.0031603 secs] 137104K->69655K(314628K), 0.0032564 secs] [Times: user=0.02 sys=0.00, real=0.01 secs] 
[GC (Allocation Failure) [ParNew: 67657K->168K(97792K), 0.0031497 secs] 137191K->69711K(314628K), 0.0032192 secs] [Times: user=0.01 sys=0.00, real=0.01 secs] 
[GC (Allocation Failure) [ParNew: 67635K->173K(97792K), 0.0030717 secs] 137178K->69722K(314628K), 0.0031395 secs] [Times: user=0.02 sys=0.00, real=0.01 secs] 
[GC (Allocation Failure) [ParNew: 67668K->173K(97792K), 0.0032801 secs] 137217K->69727K(314628K), 0.0033488 secs] [Times: user=0.01 sys=0.00, real=0.00 secs] 
[GC (Allocation Failure) [ParNew: 69390K->181K(97792K), 0.0031137 secs] 138944K->69740K(314628K), 0.0031826 secs] [Times: user=0.01 sys=0.00, real=0.00 secs] 
[GC (Allocation Failure) [ParNew: 67313K->232K(97792K), 0.0030893 secs] 136872K->69797K(314628K), 0.0031584 secs] [Times: user=0.01 sys=0.00, real=0.00 secs] 
[GC (Allocation Failure) [ParNew: 68651K->236K(97792K), 0.0033071 secs] 138216K->69806K(314628K), 0.0033775 secs] [Times: user=0.02 sys=0.00, real=0.00 secs] 
[GC (Allocation Failure) [ParNew: 69190K->165K(97792K), 0.0042691 secs] 138760K->69805K(314628K), 0.0043421 secs] [Times: user=0.00 sys=0.00, real=0.00 secs] 
[GC (Allocation Failure) [ParNew: 68394K->167K(97792K), 0.0032577 secs] 138034K->69813K(314628K), 0.0033502 secs] [Times: user=0.01 sys=0.00, real=0.00 secs] 
[GC (Allocation Failure) [ParNew: 68605K->179K(97792K), 0.0031057 secs] 138251K->69830K(314628K), 0.0031964 secs] [Times: user=0.01 sys=0.00, real=0.00 secs] 
[GC (Allocation Failure) [ParNew: 67406K->112K(97792K), 0.0042621 secs] 137057K->69827K(314628K), 0.0043319 secs] [Times: user=0.01 sys=0.00, real=0.01 secs] 
[GC (Allocation Failure) [ParNew: 68972K->111K(97792K), 0.0033015 secs] 138687K->69832K(314628K), 0.0033706 secs] [Times: user=0.02 sys=0.00, real=0.00 secs] 
[GC (Allocation Failure) [ParNew: 68486K->117K(97792K), 0.0030935 secs] 138207K->69843K(314628K), 0.0031620 secs] [Times: user=0.01 sys=0.00, real=0.00 secs] 
[GC (Allocation Failure) [ParNew: 68203K->111K(97792K), 0.0032850 secs] 137930K->69843K(314628K), 0.0033529 secs] [Times: user=0.01 sys=0.00, real=0.00 secs] 
[GC (Allocation Failure) [ParNew: 70103K->132K(97792K), 0.0050679 secs] 139835K->69870K(314628K), 0.0051430 secs] [Times: user=0.01 sys=0.00, real=0.01 secs] 
[GC (Allocation Failure) [ParNew: 68870K->130K(97792K), 0.0033240 secs] 138608K->69874K(314628K), 0.0033883 secs] [Times: user=0.02 sys=0.00, real=0.00 secs] 
[GC (Allocation Failure) [ParNew: 67715K->121K(97792K), 0.0042370 secs] 137458K->69869K(314628K), 0.0043022 secs] [Times: user=0.01 sys=0.00, real=0.00 secs] 
[GC (Allocation Failure) [ParNew: 67414K->184K(97792K), 0.0043545 secs] 137162K->69938K(314628K), 0.0044510 secs] [Times: user=0.00 sys=0.00, real=0.00 secs] 
[GC (Allocation Failure) [ParNew: 67323K->191K(97792K), 0.0039110 secs] 137076K->69950K(314628K), 0.0040051 secs] [Times: user=0.01 sys=0.01, real=0.00 secs] 
[GC (Allocation Failure) [ParNew: 67454K->196K(97792K), 0.0035657 secs] 137212K->69959K(314628K), 0.0036753 secs] [Times: user=0.01 sys=0.00, real=0.00 secs] 
[GC (Allocation Failure) [ParNew: 67527K->178K(97792K), 0.0047924 secs] 137290K->69957K(314628K), 0.0048804 secs] [Times: user=0.01 sys=0.00, real=0.00 secs] 
[GC (Allocation Failure) [ParNew: 67567K->169K(97792K), 0.0042651 secs] 137345K->69955K(314628K), 0.0043484 secs] [Times: user=0.00 sys=0.00, real=0.00 secs] 
[GC (Allocation Failure) [ParNew: 67591K->181K(97792K), 0.0034148 secs] 137378K->69973K(314628K), 0.0034918 secs] [Times: user=0.01 sys=0.00, real=0.00 secs] 
[GC (Allocation Failure) [ParNew: 67623K->105K(97792K), 0.0033789 secs] 137415K->69966K(314628K), 0.0034428 secs] [Times: user=0.01 sys=0.00, real=0.00 secs] 
[GC (Allocation Failure) [ParNew: 67559K->118K(97792K), 0.0032899 secs] 137420K->69985K(314628K), 0.0033543 secs] [Times: user=0.01 sys=0.00, real=0.01 secs] 
[GC (Allocation Failure) [ParNew: 67581K->110K(97792K), 0.0063046 secs] 137448K->69982K(314628K), 0.0063688 secs] [Times: user=0.02 sys=0.00, real=0.01 secs] 
[GC (Allocation Failure) [ParNew: 67578K->110K(97792K), 0.0044125 secs] 137451K->69989K(314628K), 0.0044776 secs] [Times: user=0.01 sys=0.00, real=0.01 secs] 
[GC (Allocation Failure) [ParNew: 67589K->112K(97792K), 0.0085242 secs] 137468K->69997K(314628K), 0.0085909 secs] [Times: user=0.03 sys=0.00, real=0.01 secs] 
[GC (Allocation Failure) [ParNew: 67589K->117K(97792K), 0.0079277 secs] 137474K->70007K(314628K), 0.0079946 secs] [Times: user=0.03 sys=0.00, real=0.00 secs] 
[GC (Allocation Failure) [ParNew: 68996K->116K(97792K), 0.0033765 secs] 138886K->70012K(314628K), 0.0034540 secs] [Times: user=0.01 sys=0.00, real=0.00 secs] 
[GC (Allocation Failure) [ParNew: 68343K->174K(97792K), 0.0031397 secs] 138238K->70075K(314628K), 0.0032022 secs] [Times: user=0.01 sys=0.00, real=0.00 secs] 
[GC (Allocation Failure) [ParNew: 67298K->165K(97792K), 0.0035176 secs] 137199K->70071K(314628K), 0.0035832 secs] [Times: user=0.01 sys=0.00, real=0.01 secs] 
[GC (Allocation Failure) [ParNew: 68659K->234K(97792K), 0.0030896 secs] 138565K->70149K(314628K), 0.0031681 secs] [Times: user=0.02 sys=0.00, real=0.01 secs] 
[GC (Allocation Failure) [ParNew: 67456K->239K(97792K), 0.0102600 secs] 137370K->70158K(314628K), 0.0103386 secs] [Times: user=0.05 sys=0.00, real=0.01 secs] 
[GC (Allocation Failure) [ParNew: 67539K->237K(97792K), 0.0030999 secs] 137458K->70162K(314628K), 0.0031685 secs] [Times: user=0.01 sys=0.00, real=0.01 secs] 
[GC (Allocation Failure) [ParNew: 67603K->192K(97792K), 0.0122132 secs] 137528K->70179K(314628K), 0.0122769 secs] [Times: user=0.05 sys=0.00, real=0.02 secs] 
[GC (Allocation Failure) [ParNew: 67600K->181K(97792K), 0.0033424 secs] 137587K->70174K(314628K), 0.0034088 secs] [Times: user=0.01 sys=0.00, real=0.00 secs] 
[GC (Allocation Failure) [ParNew: 67616K->189K(97792K), 0.0030796 secs] 137609K->70187K(314628K), 0.0031584 secs] [Times: user=0.01 sys=0.00, real=0.00 secs] 
[GC (Allocation Failure) [ParNew: 67642K->117K(97792K), 0.0192143 secs] 137641K->70184K(314628K), 0.0192958 secs] [Times: user=0.10 sys=0.00, real=0.02 secs] 
[GC (Allocation Failure) [ParNew: 67576K->116K(97792K), 0.0033773 secs] 137644K->70189K(314628K), 0.0034424 secs] [Times: user=0.01 sys=0.00, real=0.00 secs] 
[GC (Allocation Failure) [ParNew: 67581K->117K(97792K), 0.0032177 secs] 137654K->70195K(314628K), 0.0032831 secs] [Times: user=0.01 sys=0.00, real=0.00 secs] 
[GC (Allocation Failure) [ParNew: 67588K->110K(97792K), 0.0076283 secs] 137667K->70194K(314628K), 0.0077090 secs] [Times: user=0.02 sys=0.00, real=0.01 secs] 
[GC (Allocation Failure) [ParNew: 67589K->125K(97792K), 0.0101329 secs] 137673K->70215K(314628K), 0.0102217 secs] [Times: user=0.04 sys=0.00, real=0.01 secs] 
[GC (Allocation Failure) [ParNew: 67602K->107K(97792K), 0.0054468 secs] 137691K->70202K(314628K), 0.0055351 secs] [Times: user=0.02 sys=0.00, real=0.00 secs] 
[GC (Allocation Failure) [ParNew: 68940K->111K(97792K), 0.0093390 secs] 139035K->70211K(314628K), 0.0094279 secs] [Times: user=0.04 sys=0.00, real=0.01 secs] 
[GC (Allocation Failure) [ParNew: 67517K->184K(97792K), 0.0043340 secs] 137617K->70291K(314628K), 0.0044030 secs] [Times: user=0.01 sys=0.00, real=0.01 secs] 
[GC (Allocation Failure) [ParNew: 68327K->173K(97792K), 0.0032365 secs] 138434K->70286K(314628K), 0.0033146 secs] [Times: user=0.01 sys=0.00, real=0.01 secs] 
[GC (Allocation Failure) [ParNew: 69029K->241K(97792K), 0.0034837 secs] 139142K->70358K(314628K), 0.0035484 secs] [Times: user=0.01 sys=0.00, real=0.01 secs] 
[GC (Allocation Failure) [ParNew: 67365K->243K(97792K), 0.0031015 secs] 137482K->70369K(314628K), 0.0031676 secs] [Times: user=0.01 sys=0.00, real=0.01 secs] 
[GC (Allocation Failure) [ParNew: 68663K->243K(97792K), 0.0033814 secs] 138788K->70374K(314628K), 0.0034562 secs] [Times: user=0.01 sys=0.00, real=0.00 secs] 
[GC (Allocation Failure) [ParNew: 68912K->185K(97792K), 0.0033408 secs] 139043K->70377K(314628K), 0.0034068 secs] [Times: user=0.02 sys=0.00, real=0.00 secs] 
[GC (Allocation Failure) [ParNew: 68429K->180K(97792K), 0.0030944 secs] 138621K->70380K(314628K), 0.0031587 secs] [Times: user=0.01 sys=0.00, real=0.00 secs] 
[GC (Allocation Failure) [ParNew: 67933K->175K(97792K), 0.0033463 secs] 138132K->70381K(314628K), 0.0034125 secs] [Times: user=0.01 sys=0.00, real=0.00 secs] 
[GC (Allocation Failure) [ParNew: 68672K->110K(97792K), 0.0071033 secs] 138877K->70386K(314628K), 0.0071697 secs] [Times: user=0.03 sys=0.00, real=0.00 secs] 
[GC (Allocation Failure) [ParNew: 68082K->123K(97792K), 0.0092400 secs] 138357K->70404K(314628K), 0.0093070 secs] [Times: user=0.04 sys=0.00, real=0.01 secs] 
[GC (Allocation Failure) [ParNew: 67706K->120K(97792K), 0.0033147 secs] 137986K->70406K(314628K), 0.0033912 secs] [Times: user=0.01 sys=0.00, real=0.00 secs] 
[GC (Allocation Failure) [ParNew: 68468K->124K(97792K), 0.0088644 secs] 138754K->70415K(314628K), 0.0089431 secs] [Times: user=0.04 sys=0.00, real=0.01 secs] 
[GC (Allocation Failure) [ParNew: 67450K->112K(97792K), 0.0030806 secs] 137742K->70409K(314628K), 0.0031462 secs] [Times: user=0.01 sys=0.00, real=0.01 secs] 
[GC (Allocation Failure) [ParNew: 68349K->118K(97792K), 0.0031501 secs] 138646K->70421K(314628K), 0.0032161 secs] [Times: user=0.01 sys=0.00, real=0.00 secs] 
[GC (Allocation Failure) [ParNew: 67659K->125K(97792K), 0.0030377 secs] 137962K->70433K(314628K), 0.0031036 secs] [Times: user=0.02 sys=0.00, real=0.00 secs] 
[GC (Allocation Failure) [ParNew: 69682K->103K(97792K), 0.0032151 secs] 139990K->70419K(314628K), 0.0032808 secs] [Times: user=0.00 sys=0.00, real=0.01 secs] 
[GC (Allocation Failure) [ParNew: 67637K->129K(97792K), 0.0057160 secs] 137953K->70450K(314628K), 0.0057824 secs] [Times: user=0.01 sys=0.00, real=0.01 secs] 
[GC (Allocation Failure) [ParNew: 67297K->137K(97792K), 0.0031548 secs] 137618K->70463K(314628K), 0.0032508 secs] [Times: user=0.01 sys=0.00, real=0.00 secs] 
[GC (Allocation Failure) [ParNew: 68655K->200K(97792K), 0.0054349 secs] 138981K->70532K(314628K), 0.0055414 secs] [Times: user=0.02 sys=0.00, real=0.00 secs] 
[GC (Allocation Failure) [ParNew: 67438K->214K(97792K), 0.0130550 secs] 137770K->70551K(314628K), 0.0131348 secs] [Times: user=0.06 sys=0.00, real=0.01 secs] 
[GC (Allocation Failure) [ParNew: 67529K->186K(97792K), 0.0034311 secs] 137866K->70528K(314628K), 0.0034959 secs] [Times: user=0.01 sys=0.00, real=0.00 secs] 
[GC (Allocation Failure) [ParNew: 67561K->190K(97792K), 0.0034023 secs] 137903K->70538K(314628K), 0.0034888 secs] [Times: user=0.01 sys=0.00, real=0.00 secs] 
[GC (Allocation Failure) [ParNew: 67602K->175K(97792K), 0.0051639 secs] 137949K->70542K(314628K), 0.0052478 secs] [Times: user=0.03 sys=0.00, real=0.01 secs] 
[GC (Allocation Failure) [ParNew: 67615K->180K(97792K), 0.0040830 secs] 137982K->70552K(314628K), 0.0041705 secs] [Times: user=0.02 sys=0.00, real=0.00 secs] 
[GC (Allocation Failure) [ParNew: 67633K->108K(97792K), 0.0034075 secs] 138005K->70550K(314628K), 0.0034728 secs] [Times: user=0.01 sys=0.00, real=0.01 secs] 
[GC (Allocation Failure) [ParNew: 67572K->119K(97792K), 0.0028832 secs] 138014K->70566K(314628K), 0.0029501 secs] [Times: user=0.01 sys=0.00, real=0.00 secs] 
[GC (Allocation Failure) [ParNew: 67588K->118K(97792K), 0.0031698 secs] 138035K->70570K(314628K), 0.0032350 secs] [Times: user=0.02 sys=0.00, real=0.00 secs] 
[GC (Allocation Failure) [ParNew: 67592K->111K(97792K), 0.0033487 secs] 138044K->70568K(314628K), 0.0034148 secs] [Times: user=0.01 sys=0.00, real=0.01 secs] 
[GC (Allocation Failure) [ParNew: 67585K->118K(97792K), 0.0030923 secs] 138042K->70581K(314628K), 0.0031577 secs] [Times: user=0.00 sys=0.01, real=0.00 secs] 
[GC (Allocation Failure) [ParNew: 67597K->111K(97792K), 0.0042416 secs] 138059K->70581K(314628K), 0.0043075 secs] [Times: user=0.01 sys=0.00, real=0.00 secs] 
[GC (Allocation Failure) [ParNew: 67588K->113K(97792K), 0.0032746 secs] 138059K->70589K(314628K), 0.0033410 secs] [Times: user=0.02 sys=0.00, real=0.00 secs] 
[GC (Allocation Failure) [ParNew: 67602K->123K(97792K), 0.0030970 secs] 138078K->70604K(314628K), 0.0031644 secs] [Times: user=0.01 sys=0.00, real=0.00 secs] 
[GC (Allocation Failure) [ParNew: 67601K->122K(97792K), 0.0030796 secs] 138082K->70609K(314628K), 0.0031396 secs] [Times: user=0.02 sys=0.00, real=0.01 secs] 
[GC (Allocation Failure) [ParNew: 67668K->180K(97792K), 0.0033684 secs] 138154K->70671K(314628K), 0.0034340 secs] [Times: user=0.01 sys=0.00, real=0.00 secs] 
[GC (Allocation Failure) [ParNew: 67658K->178K(97792K), 0.0031502 secs] 138149K->70675K(314628K), 0.0032152 secs] [Times: user=0.01 sys=0.00, real=0.01 secs] 
[GC (Allocation Failure) [ParNew: 67658K->179K(97792K), 0.0033211 secs] 138154K->70681K(314628K), 0.0033852 secs] [Times: user=0.01 sys=0.00, real=0.00 secs] 
[GC (Allocation Failure) [ParNew: 67661K->180K(97792K), 0.0030187 secs] 138163K->70687K(314628K), 0.0030842 secs] [Times: user=0.01 sys=0.00, real=0.00 secs] 
[GC (Allocation Failure) [ParNew: 67660K->171K(97792K), 0.0031902 secs] 138168K->70684K(314628K), 0.0032588 secs] [Times: user=0.02 sys=0.00, real=0.00 secs] 
[GC (Allocation Failure) [ParNew: 67653K->173K(97792K), 0.0042127 secs] 138166K->70691K(314628K), 0.0042789 secs] [Times: user=0.01 sys=0.00, real=0.00 secs] 
[GC (Allocation Failure) [ParNew: 67653K->113K(97792K), 0.0031626 secs] 138172K->70700K(314628K), 0.0032306 secs] [Times: user=0.00 sys=0.00, real=0.00 secs] 
[GC (Allocation Failure) [ParNew: 67592K->109K(97792K), 0.0040672 secs] 138179K->70702K(314628K), 0.0041332 secs] [Times: user=0.01 sys=0.00, real=0.01 secs] 
[GC (Allocation Failure) [ParNew: 67593K->108K(97792K), 0.0032728 secs] 138186K->70706K(314628K), 0.0033385 secs] [Times: user=0.00 sys=0.00, real=0.01 secs] 
[GC (Allocation Failure) [ParNew: 67586K->108K(97792K), 0.0034722 secs] 138184K->70711K(314628K), 0.0035406 secs] [Times: user=0.01 sys=0.00, real=0.01 secs] 
[GC (Allocation Failure) [ParNew: 67587K->111K(97792K), 0.0031112 secs] 138190K->70719K(314628K), 0.0031772 secs] [Times: user=0.01 sys=0.00, real=0.00 secs] 
[GC (Allocation Failure) [ParNew: 67589K->119K(97792K), 0.0033714 secs] 138198K->70733K(314628K), 0.0034360 secs] [Times: user=0.01 sys=0.00, real=0.01 secs] 
[GC (Allocation Failure) [ParNew: 67600K->109K(97792K), 0.0042184 secs] 138214K->70728K(314628K), 0.0042835 secs] [Times: user=0.01 sys=0.00, real=0.01 secs] 
[GC (Allocation Failure) [ParNew: 67590K->108K(97792K), 0.0066587 secs] 138209K->70733K(314628K), 0.0067233 secs] [Times: user=0.03 sys=0.00, real=0.01 secs] 
[GC (Allocation Failure) [ParNew: 67597K->109K(97792K), 0.0033237 secs] 138222K->70739K(314628K), 0.0033887 secs] [Times: user=0.01 sys=0.00, real=0.01 secs] 
[GC (Allocation Failure) [ParNew: 67590K->109K(97792K), 0.0034020 secs] 138220K->70744K(314628K), 0.0034745 secs] [Times: user=0.01 sys=0.00, real=0.00 secs] 
[GC (Allocation Failure) [ParNew: 67653K->173K(97792K), 0.0033413 secs] 138289K->70813K(314628K), 0.0034085 secs] [Times: user=0.02 sys=0.00, real=0.00 secs] 
[GC (Allocation Failure) [ParNew: 69034K->173K(97792K), 0.0033692 secs] 139675K->70819K(314628K), 0.0034352 secs] [Times: user=0.01 sys=0.00, real=0.00 secs] 
[GC (Allocation Failure) [ParNew: 67681K->228K(97792K), 0.0041842 secs] 138327K->70879K(314628K), 0.0042483 secs] [Times: user=0.01 sys=0.00, real=0.01 secs] 
[GC (Allocation Failure) [ParNew: 67418K->234K(97792K), 0.0125972 secs] 138069K->70892K(314628K), 0.0126778 secs] [Times: user=0.04 sys=0.00, real=0.01 secs] 
[GC (Allocation Failure) [ParNew: 67359K->242K(97792K), 0.0033351 secs] 138017K->70905K(314628K), 0.0034011 secs] [Times: user=0.01 sys=0.00, real=0.00 secs] 
[GC (Allocation Failure) [ParNew: 67493K->230K(97792K), 0.0042675 secs] 138156K->70899K(314628K), 0.0043330 secs] [Times: user=0.01 sys=0.00, real=0.00 secs] 
[GC (Allocation Failure) [ParNew: 67550K->167K(97792K), 0.0033355 secs] 138218K->70905K(314628K), 0.0034016 secs] [Times: user=0.01 sys=0.00, real=0.01 secs] 
[GC (Allocation Failure) [ParNew: 67544K->109K(97792K), 0.0033849 secs] 138281K->70909K(314628K), 0.0034501 secs] [Times: user=0.02 sys=0.00, real=0.00 secs] 
[GC (Allocation Failure) [ParNew: 67524K->113K(97792K), 0.0031202 secs] 138324K->70919K(314628K), 0.0031849 secs] [Times: user=0.01 sys=0.00, real=0.01 secs] 
[GC (Allocation Failure) [ParNew: 67549K->117K(97792K), 0.0033709 secs] 138355K->70928K(314628K), 0.0034351 secs] [Times: user=0.02 sys=0.00, real=0.00 secs] 
[GC (Allocation Failure) [ParNew: 67586K->124K(97792K), 0.0031269 secs] 138397K->70942K(314628K), 0.0031908 secs] [Times: user=0.01 sys=0.00, real=0.00 secs] 
[GC (Allocation Failure) [ParNew: 67590K->129K(97792K), 0.0034059 secs] 138408K->70952K(314628K), 0.0034715 secs] [Times: user=0.02 sys=0.00, real=0.00 secs] 
[GC (Allocation Failure) [ParNew: 67595K->129K(97792K), 0.0035195 secs] 138417K->70957K(314628K), 0.0035836 secs] [Times: user=0.01 sys=0.00, real=0.01 secs] 
[GC (Allocation Failure) [ParNew: 67609K->123K(97792K), 0.0042976 secs] 138437K->70957K(314628K), 0.0043642 secs] [Times: user=0.01 sys=0.00, real=0.00 secs] 
[GC (Allocation Failure) [ParNew: 67598K->131K(97792K), 0.0031565 secs] 138431K->70969K(314628K), 0.0032242 secs] [Times: user=0.01 sys=0.00, real=0.00 secs] 
[GC (Allocation Failure) [ParNew: 67670K->193K(97792K), 0.0034741 secs] 138509K->71037K(314628K), 0.0035413 secs] [Times: user=0.01 sys=0.00, real=0.01 secs] 
[GC (Allocation Failure) [ParNew: 69417K->179K(97792K), 0.0031648 secs] 140261K->71041K(314628K), 0.0032374 secs] [Times: user=0.01 sys=0.00, real=0.00 secs] 
[GC (Allocation Failure) [ParNew: 68788K->240K(97792K), 0.0031107 secs] 139650K->71110K(314628K), 0.0031779 secs] [Times: user=0.01 sys=0.00, real=0.00 secs] 
[GC (Allocation Failure) [ParNew: 67359K->238K(97792K), 0.0034783 secs] 138229K->71112K(314628K), 0.0035446 secs] [Times: user=0.01 sys=0.00, real=0.01 secs] 
[GC (Allocation Failure) [ParNew: 68672K->253K(97792K), 0.0033369 secs] 139546K->71136K(314628K), 0.0034223 secs] [Times: user=0.00 sys=0.01, real=0.00 secs] 
[GC (Allocation Failure) [ParNew: 67745K->244K(97792K), 0.0031640 secs] 138628K->71131K(314628K), 0.0032321 secs] [Times: user=0.00 sys=0.00, real=0.00 secs] 
[GC (Allocation Failure) [ParNew: 67418K->175K(97792K), 0.0033688 secs] 138306K->71132K(314628K), 0.0034348 secs] [Times: user=0.01 sys=0.00, real=0.00 secs] 
[GC (Allocation Failure) [ParNew: 68644K->133K(97792K), 0.0035191 secs] 139601K->71150K(314628K), 0.0035971 secs] [Times: user=0.01 sys=0.00, real=0.00 secs] 
[GC (Allocation Failure) [ParNew: 67376K->109K(97792K), 0.0031136 secs] 138394K->71139K(314628K), 0.0031791 secs] [Times: user=0.00 sys=0.00, real=0.00 secs] 
[GC (Allocation Failure) [ParNew: 68901K->117K(97792K), 0.0031872 secs] 139931K->71152K(314628K), 0.0032524 secs] [Times: user=0.02 sys=0.00, real=0.01 secs] 
[GC (Allocation Failure) [ParNew: 67755K->117K(97792K), 0.0035719 secs] 138791K->71157K(314628K), 0.0036533 secs] [Times: user=0.01 sys=0.00, real=0.01 secs] 
[GC (Allocation Failure) [ParNew: 67345K->114K(97792K), 0.0045456 secs] 138386K->71161K(314628K), 0.0046338 secs] [Times: user=0.01 sys=0.00, real=0.01 secs] 
[GC (Allocation Failure) [ParNew: 67263K->116K(97792K), 0.0033520 secs] 138310K->71168K(314628K), 0.0034405 secs] [Times: user=0.02 sys=0.00, real=0.01 secs] 
[GC (Allocation Failure) [ParNew: 67378K->110K(97792K), 0.0074002 secs] 138430K->71169K(314628K), 0.0074884 secs] [Times: user=0.03 sys=0.00, real=0.01 secs] 
[GC (Allocation Failure) [ParNew: 67525K->174K(97792K), 0.0031215 secs] 138584K->71240K(314628K), 0.0031881 secs] [Times: user=0.01 sys=0.00, real=0.01 secs] 
[GC (Allocation Failure) [ParNew: 67565K->174K(97792K), 0.0031521 secs] 138632K->71246K(314628K), 0.0032179 secs] [Times: user=0.01 sys=0.00, real=0.00 secs] 
[GC (Allocation Failure) [ParNew: 84730K->149K(97792K), 0.0053913 secs] 155802K->87610K(314628K), 0.0054615 secs] [Times: user=0.02 sys=0.00, real=0.01 secs] 
[GC (CMS Initial Mark) [1 CMS-initial-mark: 87461K(216836K)] 153148K(314628K), 0.0025730 secs] [Times: user=0.01 sys=0.00, real=0.01 secs] 
[CMS-concurrent-mark-start]
[GC (Allocation Failure) [ParNew: 67843K->221K(97792K), 0.0032230 secs] 155304K->87687K(314628K), 0.0032979 secs] [Times: user=0.01 sys=0.00, real=0.01 secs] 
[GC (Allocation Failure) [ParNew: 68938K->285K(97792K), 0.0031234 secs] 156404K->87756K(314628K), 0.0032040 secs] [Times: user=0.02 sys=0.00, real=0.00 secs] 
--------------- scan all files cost: 11302ms ---------------
[GC (Allocation Failure) [ParNew: 68278K->263K(97792K), 0.0032482 secs] 155749K->87740K(314628K), 0.0033153 secs] [Times: user=0.01 sys=0.00, real=0.01 secs] 
******************* table info: 
=============== table_name: s3://mob-emr-test/dataplatform/DataWareHouse/offline/xihe/test1/
=============== range_column: range_col
=================*************************====================
=================************************* data schema: hash_col,col0,col1,range_col
=================************************* output schema: {hash_col#128},{col0#129},{col1#130},{range_col#131}
[GC (Allocation Failure) [ParNew: 70170K->357K(97792K), 0.0030663 secs] 157646K->87840K(314628K), 0.0031296 secs] [Times: user=0.02 sys=0.00, real=0.00 secs] 
[GC (Allocation Failure) [ParNew: 71308K->481K(97792K), 0.0034005 secs] 158790K->87968K(314628K), 0.0034693 secs] [Times: user=0.01 sys=0.00, real=0.00 secs] 
[GC (Allocation Failure) [ParNew: 71197K->450K(97792K), 0.0047369 secs] 158685K->87958K(314628K), 0.0048040 secs] [Times: user=0.01 sys=0.00, real=0.01 secs] 
[CMS-concurrent-mark: 0.108/0.134 secs] [Times: user=0.55 sys=0.00, real=0.13 secs] 
[CMS-concurrent-preclean-start]
[CMS-concurrent-preclean: 0.006/0.006 secs] [Times: user=0.03 sys=0.00, real=0.01 secs] 
[CMS-concurrent-abortable-preclean-start]
[GC (Allocation Failure) [ParNew: 69706K->556K(97792K), 0.0037183 secs] 157215K->88130K(314628K), 0.0037851 secs] [Times: user=0.01 sys=0.00, real=0.00 secs] 
[CMS-concurrent-abortable-preclean: 0.014/0.019 secs] [Times: user=0.08 sys=0.00, real=0.02 secs] 
[GC (CMS Final Remark) [YG occupancy: 66921 K (97792 K)][Rescan (parallel) , 0.0046552 secs][weak refs processing, 0.0015531 secs][class unloading, 0.0258995 secs][scrub symbol table, 0.0205058 secs][scrub string table, 0.0011247 secs][1 CMS-remark: 87574K(216836K)] 154495K(314628K), 0.0539781 secs] [Times: user=0.06 sys=0.00, real=0.05 secs] 
[CMS-concurrent-sweep-start]
[GC (Allocation Failure) [ParNew: 69605K->749K(97792K), 0.0042818 secs] 157174K->88342K(314628K), 0.0043638 secs] [Times: user=0.02 sys=0.00, real=0.00 secs] 
[GC (Allocation Failure) [ParNew: 69216K->908K(97792K), 0.0056260 secs] 156720K->88465K(314628K), 0.0057127 secs] [Times: user=0.02 sys=0.00, real=0.00 secs] 
[GC (Allocation Failure) [ParNew: 68659K->664K(97792K), 0.0037073 secs] 154635K->86729K(314628K), 0.0037933 secs] [Times: user=0.01 sys=0.00, real=0.00 secs] 
[CMS-concurrent-sweep: 0.044/0.059 secs] [Times: user=0.19 sys=0.00, real=0.05 secs] 
[CMS-concurrent-reset-start]
[CMS-concurrent-reset: 0.001/0.001 secs] [Times: user=0.00 sys=0.00, real=0.01 secs] 
[GC (Allocation Failure) [ParNew: 70727K->879K(97792K), 0.0051338 secs] 156278K->86447K(314628K), 0.0052177 secs] [Times: user=0.01 sys=0.00, real=0.00 secs] 
[GC (Allocation Failure) [ParNew: 74391K->742K(97792K), 0.0052872 secs] 159959K->86324K(314628K), 0.0053727 secs] [Times: user=0.02 sys=0.00, real=0.00 secs] 
[GC (Allocation Failure) [ParNew: 68333K->463K(97792K), 0.0042525 secs] 153914K->86298K(314628K), 0.0043389 secs] [Times: user=0.01 sys=0.00, real=0.00 secs] 
[GC (Allocation Failure) [ParNew: 69634K->635K(97792K), 0.0120837 secs] 155469K->86487K(314628K), 0.0121733 secs] [Times: user=0.04 sys=0.00, real=0.01 secs] 
[GC (Allocation Failure) [ParNew: 69228K->386K(97792K), 0.0084878 secs] 155080K->86319K(314628K), 0.0085763 secs] [Times: user=0.02 sys=0.00, real=0.01 secs] 
[GC (Allocation Failure) [ParNew: 68607K->459K(97792K), 0.0204751 secs] 154540K->86497K(314628K), 0.0205482 secs] [Times: user=0.08 sys=0.00, real=0.02 secs] 
[GC (Allocation Failure) [ParNew: 69371K->282K(97792K), 0.0048048 secs] 155410K->86384K(314628K), 0.0048759 secs] [Times: user=0.02 sys=0.00, real=0.01 secs] 
[GC (Allocation Failure) [ParNew: 72288K->282K(97792K), 0.0031515 secs] 158390K->86425K(314628K), 0.0032523 secs] [Times: user=0.02 sys=0.00, real=0.00 secs] 
[GC (Allocation Failure) [ParNew: 69647K->288K(97792K), 0.0030528 secs] 155790K->86438K(314628K), 0.0031452 secs] [Times: user=0.01 sys=0.00, real=0.00 secs] 
[GC (Allocation Failure) [ParNew: 71346K->350K(97792K), 0.0049723 secs] 157496K->86506K(314628K), 0.0050665 secs] [Times: user=0.01 sys=0.00, real=0.01 secs] 
[GC (GCLocker Initiated GC) [ParNew: 68988K->356K(97792K), 0.0037965 secs] 220679K->152054K(314628K), 0.0038893 secs] [Times: user=0.01 sys=0.00, real=0.00 secs] 
[GC (Allocation Failure) [ParNew: 75535K->573K(97792K), 0.0034819 secs] 227232K->152276K(314628K), 0.0035532 secs] [Times: user=0.01 sys=0.00, real=0.00 secs] 
[GC (CMS Initial Mark) [1 CMS-initial-mark: 151702K(216836K)] 217812K(314628K), 0.0039481 secs] [Times: user=0.01 sys=0.00, real=0.00 secs] 
[CMS-concurrent-mark-start]
[GC (Allocation Failure) [ParNew: 68012K->449K(97792K), 0.0034969 secs] 219715K->152186K(314628K), 0.0035986 secs] [Times: user=0.01 sys=0.00, real=0.01 secs] 
[GC (Allocation Failure) [ParNew: 67891K->475K(97792K), 0.0044372 secs] 219629K->152220K(314628K), 0.0045290 secs] [Times: user=0.02 sys=0.00, real=0.00 secs] 
[GC (Allocation Failure) [ParNew: 69610K->400K(97792K), 0.0046583 secs] 221355K->152154K(314628K), 0.0047523 secs] [Times: user=0.02 sys=0.00, real=0.01 secs] 
[CMS-concurrent-mark: 0.085/0.099 secs] [Times: user=0.45 sys=0.01, real=0.10 secs] 
[CMS-concurrent-preclean-start]
[CMS-concurrent-preclean: 0.004/0.004 secs] [Times: user=0.02 sys=0.00, real=0.01 secs] 
[GC (Allocation Failure) [ParNew: 68559K->462K(97792K), 0.0031371 secs] 220313K->152244K(314628K), 0.0032066 secs] [Times: user=0.02 sys=0.00, real=0.00 secs] 
[CMS-concurrent-abortable-preclean-start]
[CMS-concurrent-abortable-preclean: 0.006/0.006 secs] [Times: user=0.03 sys=0.00, real=0.00 secs] 
[GC (CMS Final Remark) [YG occupancy: 65998 K (97792 K)][Rescan (parallel) , 0.0026841 secs][weak refs processing, 0.0003243 secs][class unloading, 0.0247335 secs][scrub symbol table, 0.0222246 secs][scrub string table, 0.0015648 secs][1 CMS-remark: 151781K(216836K)] 217780K(314628K), 0.0517227 secs] [Times: user=0.12 sys=0.00, real=0.05 secs] 
[CMS-concurrent-sweep-start]
[GC (Allocation Failure) [ParNew: 69720K->412K(97792K), 0.0047400 secs] 221354K->152084K(314628K), 0.0048343 secs] [Times: user=0.01 sys=0.00, real=0.01 secs] 
[GC (Allocation Failure) [ParNew: 70249K->228K(97792K), 0.0047842 secs] 217857K->148083K(314628K), 0.0048781 secs] [Times: user=0.02 sys=0.00, real=0.00 secs] 
[CMS-concurrent-sweep: 0.028/0.052 secs] [Times: user=0.22 sys=0.00, real=0.05 secs] 
[CMS-concurrent-reset-start]
[CMS-concurrent-reset: 0.001/0.001 secs] [Times: user=0.00 sys=0.00, real=0.00 secs] 
[GC (Allocation Failure) [ParNew: 68448K->208K(97792K), 0.0033696 secs] 133788K->65553K(314628K), 0.0034554 secs] [Times: user=0.02 sys=0.00, real=0.00 secs] 
[GC (Allocation Failure) [ParNew: 68603K->199K(97792K), 0.0147631 secs] 133948K->65550K(314628K), 0.0148601 secs] [Times: user=0.06 sys=0.00, real=0.01 secs] 
[GC (Allocation Failure) [ParNew: 67409K->146K(97792K), 0.0034297 secs] 132759K->65558K(314628K), 0.0035180 secs] [Times: user=0.01 sys=0.00, real=0.00 secs] 
[GC (Allocation Failure) [ParNew: 67441K->128K(97792K), 0.0046326 secs] 132852K->65546K(314628K), 0.0047299 secs] [Times: user=0.01 sys=0.00, real=0.01 secs] 
[GC (Allocation Failure) [ParNew: 67497K->122K(97792K), 0.0180241 secs] 132915K->65552K(314628K), 0.0181208 secs] [Times: user=0.07 sys=0.00, real=0.02 secs] 
[GC (Allocation Failure) [ParNew: 67523K->103K(97792K), 0.0050100 secs] 132953K->65551K(314628K), 0.0051063 secs] [Times: user=0.02 sys=0.00, real=0.00 secs] 
[GC (Allocation Failure) [ParNew: 67596K->172K(97792K), 0.0049025 secs] 133044K->65626K(314628K), 0.0049933 secs] [Times: user=0.03 sys=0.00, real=0.00 secs] 
[GC (Allocation Failure) [ParNew: 67619K->175K(97792K), 0.0033962 secs] 133073K->65634K(314628K), 0.0034877 secs] [Times: user=0.02 sys=0.00, real=0.00 secs] 
[GC (Allocation Failure) [ParNew: 67635K->186K(97792K), 0.0080525 secs] 133094K->65651K(314628K), 0.0081453 secs] [Times: user=0.03 sys=0.00, real=0.00 secs] 
[GC (Allocation Failure) [ParNew: 69190K->177K(97792K), 0.0046950 secs] 134654K->65647K(314628K), 0.0047836 secs] [Times: user=0.01 sys=0.01, real=0.00 secs] 
[GC (Allocation Failure) [ParNew: 68644K->235K(97792K), 0.0034344 secs] 134114K->65710K(314628K), 0.0035272 secs] [Times: user=0.02 sys=0.00, real=0.00 secs] 
[GC (Allocation Failure) [ParNew: 69593K->231K(97792K), 0.0043105 secs] 135069K->65711K(314628K), 0.0043991 secs] [Times: user=0.01 sys=0.00, real=0.01 secs] 
[GC (Allocation Failure) [ParNew: 68133K->180K(97792K), 0.0035264 secs] 133614K->65730K(314628K), 0.0036106 secs] [Times: user=0.01 sys=0.00, real=0.01 secs] 
[GC (Allocation Failure) [ParNew: 67660K->166K(97792K), 0.0048566 secs] 133209K->65721K(314628K), 0.0049675 secs] [Times: user=0.02 sys=0.00, real=0.00 secs] 
[GC (Allocation Failure) [ParNew: 67339K->175K(97792K), 0.0031222 secs] 132894K->65735K(314628K), 0.0032104 secs] [Times: user=0.01 sys=0.00, real=0.01 secs] 
[GC (Allocation Failure) [ParNew: 68687K->108K(97792K), 0.0035239 secs] 134248K->65730K(314628K), 0.0036162 secs] [Times: user=0.01 sys=0.00, real=0.01 secs] 
[GC (Allocation Failure) [ParNew: 68096K->114K(97792K), 0.0045210 secs] 133718K->65743K(314628K), 0.0046134 secs] [Times: user=0.02 sys=0.00, real=0.00 secs] 
[GC (Allocation Failure) [ParNew: 68183K->108K(97792K), 0.0032826 secs] 133812K->65743K(314628K), 0.0033659 secs] [Times: user=0.01 sys=0.00, real=0.00 secs] 
[GC (Allocation Failure) [ParNew: 68071K->142K(97792K), 0.0162074 secs] 133705K->65781K(314628K), 0.0162787 secs] [Times: user=0.08 sys=0.00, real=0.02 secs] 
[GC (Allocation Failure) [ParNew: 67616K->117K(97792K), 0.0037568 secs] 133256K->65761K(314628K), 0.0038403 secs] [Times: user=0.01 sys=0.00, real=0.00 secs] 
[GC (Allocation Failure) [ParNew: 67263K->122K(97792K), 0.0031208 secs] 132907K->65775K(314628K), 0.0031911 secs] [Times: user=0.01 sys=0.00, real=0.00 secs] 
[GC (Allocation Failure) [ParNew: 68558K->111K(97792K), 0.0041546 secs] 134211K->65769K(314628K), 0.0042246 secs] [Times: user=0.01 sys=0.00, real=0.00 secs] 
[GC (Allocation Failure) [ParNew: 67395K->182K(97792K), 0.0031739 secs] 133054K->65846K(314628K), 0.0032674 secs] [Times: user=0.02 sys=0.00, real=0.00 secs] 
[GC (Allocation Failure) [ParNew: 67484K->177K(97792K), 0.0042923 secs] 133148K->65847K(314628K), 0.0043664 secs] [Times: user=0.01 sys=0.00, real=0.00 secs] 
[GC (Allocation Failure) [ParNew: 67544K->173K(97792K), 0.0031031 secs] 133213K->65848K(314628K), 0.0031742 secs] [Times: user=0.02 sys=0.00, real=0.01 secs] 
[GC (Allocation Failure) [ParNew: 67578K->172K(97792K), 0.0034790 secs] 133253K->65852K(314628K), 0.0035493 secs] [Times: user=0.01 sys=0.00, real=0.01 secs] 
[GC (Allocation Failure) [ParNew: 67605K->171K(97792K), 0.0034468 secs] 133286K->65857K(314628K), 0.0035164 secs] [Times: user=0.02 sys=0.00, real=0.00 secs] 
[GC (Allocation Failure) [ParNew: 67619K->171K(97792K), 0.0031011 secs] 133306K->65862K(314628K), 0.0031701 secs] [Times: user=0.01 sys=0.00, real=0.01 secs] 
[GC (Allocation Failure) [ParNew: 68967K->107K(97792K), 0.0043241 secs] 134659K->65867K(314628K), 0.0043938 secs] [Times: user=0.01 sys=0.00, real=0.01 secs] 
[GC (Allocation Failure) [ParNew: 67508K->168K(97792K), 0.0041663 secs] 133268K->65933K(314628K), 0.0042365 secs] [Times: user=0.01 sys=0.00, real=0.00 secs] 
[GC (Allocation Failure) [ParNew: 68280K->173K(97792K), 0.0033911 secs] 134046K->65944K(314628K), 0.0034622 secs] [Times: user=0.01 sys=0.00, real=0.00 secs] 
[GC (Allocation Failure) [ParNew: 67470K->171K(97792K), 0.0042906 secs] 133241K->65947K(314628K), 0.0043609 secs] [Times: user=0.01 sys=0.00, real=0.01 secs] 
[GC (Allocation Failure) [ParNew: 67357K->172K(97792K), 0.0092826 secs] 133132K->65953K(314628K), 0.0093526 secs] [Times: user=0.04 sys=0.00, real=0.01 secs] 
[GC (Allocation Failure) [ParNew: 67460K->162K(97792K), 0.0035689 secs] 133241K->65949K(314628K), 0.0036520 secs] [Times: user=0.02 sys=0.00, real=0.01 secs] 
[GC (Allocation Failure) [ParNew: 67519K->113K(97792K), 0.0070058 secs] 133306K->65962K(314628K), 0.0070774 secs] [Times: user=0.02 sys=0.00, real=0.01 secs] 
[GC (Allocation Failure) [ParNew: 67521K->110K(97792K), 0.0031012 secs] 133370K->65965K(314628K), 0.0031719 secs] [Times: user=0.02 sys=0.00, real=0.01 secs] 
[GC (Allocation Failure) [ParNew: 67537K->120K(97792K), 0.0076881 secs] 133391K->65980K(314628K), 0.0077731 secs] [Times: user=0.02 sys=0.00, real=0.01 secs] 
[GC (Allocation Failure) [ParNew: 67632K->170K(97792K), 0.0042502 secs] 133492K->66036K(314628K), 0.0043253 secs] [Times: user=0.01 sys=0.00, real=0.00 secs] 
[GC (Allocation Failure) [ParNew: 67628K->177K(97792K), 0.0100381 secs] 133493K->66047K(314628K), 0.0101056 secs] [Times: user=0.03 sys=0.00, real=0.01 secs] 
[GC (Allocation Failure) [ParNew: 67644K->178K(97792K), 0.0030802 secs] 133514K->66054K(314628K), 0.0031496 secs] [Times: user=0.01 sys=0.00, real=0.00 secs] 
[GC (Allocation Failure) [ParNew: 67648K->169K(97792K), 0.0030719 secs] 133523K->66050K(314628K), 0.0031422 secs] [Times: user=0.01 sys=0.00, real=0.00 secs] 
[GC (Allocation Failure) [ParNew: 67642K->172K(97792K), 0.0040936 secs] 133523K->66058K(314628K), 0.0041635 secs] [Times: user=0.01 sys=0.00, real=0.01 secs] 
[GC (Allocation Failure) [ParNew: 67649K->173K(97792K), 0.0030976 secs] 133535K->66064K(314628K), 0.0031673 secs] [Times: user=0.00 sys=0.00, real=0.00 secs] 
[GC (Allocation Failure) [ParNew: 67648K->105K(97792K), 0.0071985 secs] 133539K->66065K(314628K), 0.0072665 secs] [Times: user=0.02 sys=0.00, real=0.00 secs] 
[GC (Allocation Failure) [ParNew: 67581K->109K(97792K), 0.0040704 secs] 133541K->66074K(314628K), 0.0041397 secs] [Times: user=0.01 sys=0.00, real=0.00 secs] 
[GC (Allocation Failure) [ParNew: 67591K->116K(97792K), 0.0057176 secs] 133556K->66086K(314628K), 0.0057898 secs] [Times: user=0.02 sys=0.00, real=0.00 secs] 
[GC (Allocation Failure) [ParNew: 67593K->108K(97792K), 0.0042856 secs] 133563K->66083K(314628K), 0.0043550 secs] [Times: user=0.01 sys=0.00, real=0.01 secs] 
[GC (Allocation Failure) [ParNew: 67584K->105K(97792K), 0.0082244 secs] 133560K->66086K(314628K), 0.0082940 secs] [Times: user=0.02 sys=0.00, real=0.01 secs] 
[GC (Allocation Failure) [ParNew: 67583K->109K(97792K), 0.0042249 secs] 133564K->66095K(314628K), 0.0042949 secs] [Times: user=0.00 sys=0.00, real=0.01 secs] 
[GC (Allocation Failure) [ParNew: 67588K->104K(97792K), 0.0047415 secs] 133574K->66095K(314628K), 0.0048122 secs] [Times: user=0.01 sys=0.01, real=0.01 secs] 
[GC (Allocation Failure) [ParNew: 67583K->109K(97792K), 0.0041642 secs] 133574K->66105K(314628K), 0.0042327 secs] [Times: user=0.00 sys=0.00, real=0.00 secs] 
[GC (Allocation Failure) [ParNew: 67597K->104K(97792K), 0.0035938 secs] 133594K->66106K(314628K), 0.0036637 secs] [Times: user=0.01 sys=0.00, real=0.01 secs] 
[GC (Allocation Failure) [ParNew: 67581K->116K(97792K), 0.0034680 secs] 133583K->66123K(314628K), 0.0035384 secs] [Times: user=0.02 sys=0.00, real=0.00 secs] 
[GC (Allocation Failure) [ParNew: 67658K->170K(97792K), 0.0035741 secs] 133665K->66182K(314628K), 0.0036721 secs] [Times: user=0.01 sys=0.00, real=0.00 secs] 
[GC (Allocation Failure) [ParNew: 67651K->178K(97792K), 0.0056483 secs] 133662K->66195K(314628K), 0.0057174 secs] [Times: user=0.02 sys=0.00, real=0.00 secs] 
[GC (Allocation Failure) [ParNew: 67656K->172K(97792K), 0.0034609 secs] 133673K->66194K(314628K), 0.0035318 secs] [Times: user=0.01 sys=0.00, real=0.00 secs] 
[GC (Allocation Failure) [ParNew: 67652K->177K(97792K), 0.0090386 secs] 133674K->66204K(314628K), 0.0091081 secs] [Times: user=0.03 sys=0.00, real=0.01 secs] 
[GC (Allocation Failure) [ParNew: 67655K->178K(97792K), 0.0070700 secs] 133682K->66211K(314628K), 0.0071423 secs] [Times: user=0.03 sys=0.00, real=0.01 secs] 
[GC (Allocation Failure) [ParNew: 67656K->172K(97792K), 0.0079196 secs] 133689K->66210K(314628K), 0.0079897 secs] [Times: user=0.03 sys=0.00, real=0.01 secs] 
[GC (Allocation Failure) [ParNew: 67659K->112K(97792K), 0.0034921 secs] 133697K->66219K(314628K), 0.0035614 secs] [Times: user=0.01 sys=0.00, real=0.00 secs] 
[GC (Allocation Failure) [ParNew: 67591K->120K(97792K), 0.0031017 secs] 133698K->66232K(314628K), 0.0031734 secs] [Times: user=0.01 sys=0.00, real=0.01 secs] 
[GC (Allocation Failure) [ParNew: 67598K->121K(97792K), 0.0125033 secs] 133710K->66239K(314628K), 0.0125747 secs] [Times: user=0.05 sys=0.00, real=0.01 secs] 
[GC (Allocation Failure) [ParNew: 67600K->122K(97792K), 0.0065045 secs] 133718K->66244K(314628K), 0.0065765 secs] [Times: user=0.03 sys=0.00, real=0.01 secs] 
[GC (Allocation Failure) [ParNew: 67598K->116K(97792K), 0.0076180 secs] 133721K->66244K(314628K), 0.0076894 secs] [Times: user=0.03 sys=0.00, real=0.01 secs] 
[GC (Allocation Failure) [ParNew: 67597K->118K(97792K), 0.0031097 secs] 133725K->66251K(314628K), 0.0031799 secs] [Times: user=0.02 sys=0.00, real=0.01 secs] 
[GC (Allocation Failure) [ParNew: 67596K->115K(97792K), 0.0040141 secs] 133729K->66258K(314628K), 0.0040849 secs] [Times: user=0.02 sys=0.00, real=0.00 secs] 
[GC (Allocation Failure) [ParNew: 67667K->181K(97792K), 0.0030849 secs] 133810K->66331K(314628K), 0.0031584 secs] [Times: user=0.02 sys=0.00, real=0.01 secs] 
[GC (Allocation Failure) [ParNew: 67662K->180K(97792K), 0.0031569 secs] 133811K->66335K(314628K), 0.0032553 secs] [Times: user=0.02 sys=0.00, real=0.00 secs] 
[GC (Allocation Failure) [ParNew: 67659K->188K(97792K), 0.0031517 secs] 133813K->66348K(314628K), 0.0032473 secs] [Times: user=0.01 sys=0.01, real=0.00 secs] 
[GC (Allocation Failure) [ParNew: 67668K->174K(97792K), 0.0031910 secs] 133828K->66339K(314628K), 0.0032598 secs] [Times: user=0.02 sys=0.00, real=0.00 secs] 
[GC (Allocation Failure) [ParNew: 67653K->173K(97792K), 0.0326456 secs] 133818K->66343K(314628K), 0.0327412 secs] [Times: user=0.15 sys=0.00, real=0.03 secs] 
[GC (Allocation Failure) [ParNew: 67653K->181K(97792K), 0.0105731 secs] 133823K->66357K(314628K), 0.0106672 secs] [Times: user=0.05 sys=0.00, real=0.02 secs] 
[GC (Allocation Failure) [ParNew: 67659K->102K(97792K), 0.0034228 secs] 133835K->66348K(314628K), 0.0035137 secs] [Times: user=0.01 sys=0.00, real=0.01 secs] 
[GC (Allocation Failure) [ParNew: 67581K->115K(97792K), 0.0088834 secs] 133828K->66367K(314628K), 0.0089706 secs] [Times: user=0.04 sys=0.00, real=0.01 secs] 
[GC (Allocation Failure) [ParNew: 67593K->107K(97792K), 0.0073835 secs] 133845K->66364K(314628K), 0.0074727 secs] [Times: user=0.03 sys=0.00, real=0.01 secs] 
[GC (Allocation Failure) [ParNew: 67584K->107K(97792K), 0.0031432 secs] 133842K->66369K(314628K), 0.0032312 secs] [Times: user=0.02 sys=0.00, real=0.01 secs] 
[GC (Allocation Failure) [ParNew: 67586K->108K(97792K), 0.0033298 secs] 133848K->66375K(314628K), 0.0034190 secs] [Times: user=0.01 sys=0.00, real=0.00 secs] 
[GC (Allocation Failure) [ParNew: 67584K->112K(97792K), 0.0039495 secs] 133852K->66385K(314628K), 0.0040371 secs] [Times: user=0.01 sys=0.00, real=0.00 secs] 
[GC (Allocation Failure) [ParNew: 67594K->107K(97792K), 0.0055781 secs] 133866K->66385K(314628K), 0.0056653 secs] [Times: user=0.03 sys=0.00, real=0.01 secs] 
[GC (Allocation Failure) [ParNew: 67584K->105K(97792K), 0.0040903 secs] 133862K->66388K(314628K), 0.0042063 secs] [Times: user=0.02 sys=0.01, real=0.01 secs] 
[GC (Allocation Failure) [ParNew: 67584K->106K(97792K), 0.0044745 secs] 133867K->66394K(314628K), 0.0045775 secs] [Times: user=0.02 sys=0.00, real=0.00 secs] 
[GC (Allocation Failure) [ParNew: 67585K->106K(97792K), 0.0103966 secs] 133873K->66400K(314628K), 0.0104852 secs] [Times: user=0.05 sys=0.00, real=0.01 secs] 
[GC (Allocation Failure) [ParNew: 67657K->178K(97792K), 0.0054233 secs] 133950K->66476K(314628K), 0.0055163 secs] [Times: user=0.03 sys=0.00, real=0.01 secs] 
[GC (Allocation Failure) [ParNew: 67658K->168K(97792K), 0.0049975 secs] 133957K->66471K(314628K), 0.0050868 secs] [Times: user=0.02 sys=0.00, real=0.01 secs] 
[GC (Allocation Failure) [ParNew: 67646K->166K(97792K), 0.0032762 secs] 133949K->66475K(314628K), 0.0033716 secs] [Times: user=0.02 sys=0.00, real=0.00 secs] 
[GC (Allocation Failure) [ParNew: 67644K->179K(97792K), 0.0035443 secs] 133953K->66492K(314628K), 0.0036357 secs] [Times: user=0.02 sys=0.00, real=0.01 secs] 
[GC (Allocation Failure) [ParNew: 67657K->170K(97792K), 0.0050497 secs] 133970K->66489K(314628K), 0.0051404 secs] [Times: user=0.02 sys=0.00, real=0.01 secs] 
[GC (Allocation Failure) [ParNew: 67651K->170K(97792K), 0.0086104 secs] 133969K->66494K(314628K), 0.0086976 secs] [Times: user=0.03 sys=0.00, real=0.01 secs] 
[GC (Allocation Failure) [ParNew: 67650K->108K(97792K), 0.0033569 secs] 133974K->66501K(314628K), 0.0034483 secs] [Times: user=0.01 sys=0.00, real=0.01 secs] 
[GC (Allocation Failure) [ParNew: 69318K->107K(97792K), 0.0043186 secs] 135711K->66505K(314628K), 0.0044087 secs] [Times: user=0.01 sys=0.00, real=0.00 secs] 
[GC (Allocation Failure) [ParNew: 68326K->167K(97792K), 0.0034051 secs] 134724K->66570K(314628K), 0.0035088 secs] [Times: user=0.02 sys=0.00, real=0.00 secs] 
[GC (Allocation Failure) [ParNew: 68577K->170K(97792K), 0.0031048 secs] 134980K->66579K(314628K), 0.0031896 secs] [Times: user=0.01 sys=0.00, real=0.00 secs] 
[GC (Allocation Failure) [ParNew: 67384K->175K(97792K), 0.0080211 secs] 133793K->66589K(314628K), 0.0081099 secs] [Times: user=0.03 sys=0.00, real=0.01 secs] 
[GC (Allocation Failure) [ParNew: 67473K->162K(97792K), 0.0037790 secs] 133887K->66581K(314628K), 0.0038675 secs] [Times: user=0.01 sys=0.00, real=0.00 secs] 
[GC (Allocation Failure) [ParNew: 67522K->166K(97792K), 0.0100049 secs] 133941K->66591K(314628K), 0.0100914 secs] [Times: user=0.04 sys=0.00, real=0.01 secs] 
[GC (Allocation Failure) [ParNew: 67570K->121K(97792K), 0.0033986 secs] 133994K->66607K(314628K), 0.0034840 secs] [Times: user=0.02 sys=0.00, real=0.01 secs] 
[GC (Allocation Failure) [ParNew: 67550K->115K(97792K), 0.0060813 secs] 134036K->66607K(314628K), 0.0061679 secs] [Times: user=0.02 sys=0.00, real=0.01 secs] 
[GC (Allocation Failure) [ParNew: 67634K->180K(97792K), 0.0033031 secs] 134127K->66678K(314628K), 0.0033916 secs] [Times: user=0.01 sys=0.00, real=0.00 secs] 
[GC (Allocation Failure) [ParNew: 67639K->180K(97792K), 0.0192183 secs] 134137K->66683K(314628K), 0.0193050 secs] [Times: user=0.10 sys=0.00, real=0.02 secs] 
[GC (Allocation Failure) [ParNew: 67645K->186K(97792K), 0.0041151 secs] 134148K->66695K(314628K), 0.0042094 secs] [Times: user=0.02 sys=0.00, real=0.00 secs] 
[GC (Allocation Failure) [ParNew: 67654K->183K(97792K), 0.0037536 secs] 134163K->66697K(314628K), 0.0038396 secs] [Times: user=0.01 sys=0.00, real=0.00 secs] 
[GC (Allocation Failure) [ParNew: 67657K->165K(97792K), 0.0227559 secs] 134170K->66685K(314628K), 0.0228425 secs] [Times: user=0.11 sys=0.00, real=0.03 secs] 
[GC (Allocation Failure) [ParNew: 67640K->179K(97792K), 0.0033915 secs] 134159K->66703K(314628K), 0.0034806 secs] [Times: user=0.01 sys=0.00, real=0.00 secs] 
[GC (Allocation Failure) [ParNew: 67653K->108K(97792K), 0.0032932 secs] 134177K->66702K(314628K), 0.0033848 secs] [Times: user=0.01 sys=0.00, real=0.01 secs] 
[GC (Allocation Failure) [ParNew: 67584K->116K(97792K), 0.0045246 secs] 134177K->66714K(314628K), 0.0046108 secs] [Times: user=0.02 sys=0.00, real=0.01 secs] 
[GC (Allocation Failure) [ParNew: 67591K->122K(97792K), 0.0142105 secs] 134190K->66726K(314628K), 0.0142997 secs] [Times: user=0.06 sys=0.00, real=0.02 secs] 
[GC (Allocation Failure) [ParNew: 67599K->114K(97792K), 0.0182508 secs] 134203K->66723K(314628K), 0.0183331 secs] [Times: user=0.08 sys=0.00, real=0.02 secs] 
[GC (Allocation Failure) [ParNew: 67591K->109K(97792K), 0.0045018 secs] 134201K->66723K(314628K), 0.0045995 secs] [Times: user=0.01 sys=0.01, real=0.01 secs] 
[GC (Allocation Failure) [ParNew: 67586K->124K(97792K), 0.0168126 secs] 134201K->66744K(314628K), 0.0168996 secs] [Times: user=0.07 sys=0.00, real=0.01 secs] 
[GC (Allocation Failure) [ParNew: 67602K->117K(97792K), 0.0126093 secs] 134222K->66743K(314628K), 0.0127235 secs] [Times: user=0.07 sys=0.00, real=0.01 secs] 
[GC (Allocation Failure) [ParNew: 67597K->110K(97792K), 0.0081404 secs] 134222K->66741K(314628K), 0.0082383 secs] [Times: user=0.02 sys=0.00, real=0.01 secs] 
[GC (Allocation Failure) [ParNew: 67594K->118K(97792K), 0.0218027 secs] 134224K->66753K(314628K), 0.0218965 secs] [Times: user=0.11 sys=0.00, real=0.03 secs] 
[GC (Allocation Failure) [ParNew: 67658K->183K(97792K), 0.0032554 secs] 134294K->66824K(314628K), 0.0033424 secs] [Times: user=0.01 sys=0.01, real=0.00 secs] 
[GC (Allocation Failure) [ParNew: 67662K->179K(97792K), 0.0131633 secs] 134303K->66828K(314628K), 0.0132437 secs] [Times: user=0.06 sys=0.00, real=0.01 secs] 
[GC (Allocation Failure) [ParNew: 67658K->181K(97792K), 0.0141950 secs] 134306K->66835K(314628K), 0.0142800 secs] [Times: user=0.04 sys=0.00, real=0.02 secs] 
[GC (Allocation Failure) [ParNew: 67657K->173K(97792K), 0.0030633 secs] 134311K->66833K(314628K), 0.0031349 secs] [Times: user=0.01 sys=0.00, real=0.01 secs] 
[GC (Allocation Failure) [ParNew: 67650K->176K(97792K), 0.0034835 secs] 134309K->66841K(314628K), 0.0035696 secs] [Times: user=0.02 sys=0.00, real=0.00 secs] 
[GC (Allocation Failure) [ParNew: 67652K->174K(97792K), 0.0049106 secs] 134316K->66845K(314628K), 0.0049828 secs] [Times: user=0.02 sys=0.00, real=0.01 secs] 
[GC (Allocation Failure) [ParNew: 67653K->107K(97792K), 0.0082137 secs] 134324K->66846K(314628K), 0.0082825 secs] [Times: user=0.04 sys=0.00, real=0.01 secs] 
[GC (Allocation Failure) [ParNew: 67586K->115K(97792K), 0.0033246 secs] 134325K->66859K(314628K), 0.0033963 secs] [Times: user=0.02 sys=0.00, real=0.01 secs] 
[GC (Allocation Failure) [ParNew: 67590K->108K(97792K), 0.0033441 secs] 134335K->66857K(314628K), 0.0034134 secs] [Times: user=0.02 sys=0.00, real=0.00 secs] 
[GC (Allocation Failure) [ParNew: 67586K->136K(97792K), 0.0032830 secs] 134335K->66890K(314628K), 0.0033542 secs] [Times: user=0.01 sys=0.00, real=0.00 secs] 
[GC (Allocation Failure) [ParNew: 67611K->109K(97792K), 0.0054885 secs] 134366K->66869K(314628K), 0.0055790 secs] [Times: user=0.02 sys=0.00, real=0.01 secs] 
[GC (Allocation Failure) [ParNew: 67566K->116K(97792K), 0.0139092 secs] 134326K->66882K(314628K), 0.0139939 secs] [Times: user=0.06 sys=0.00, real=0.02 secs] 
[GC (Allocation Failure) [ParNew: 67612K->110K(97792K), 0.0034564 secs] 134378K->66881K(314628K), 0.0035304 secs] [Times: user=0.02 sys=0.00, real=0.00 secs] 
[GC (Allocation Failure) [ParNew: 67585K->111K(97792K), 0.0362032 secs] 134356K->66887K(314628K), 0.0362976 secs] [Times: user=0.17 sys=0.00, real=0.04 secs] 
[GC (Allocation Failure) [ParNew: 67590K->108K(97792K), 0.0034193 secs] 134366K->66890K(314628K), 0.0035048 secs] [Times: user=0.01 sys=0.00, real=0.00 secs] 
[GC (Allocation Failure) [ParNew: 67584K->108K(97792K), 0.0053663 secs] 134366K->66895K(314628K), 0.0054468 secs] [Times: user=0.02 sys=0.00, real=0.00 secs] 
[GC (Allocation Failure) [ParNew: 69385K->171K(97792K), 0.0042368 secs] 136172K->66964K(314628K), 0.0043067 secs] [Times: user=0.02 sys=0.00, real=0.01 secs] 
[GC (Allocation Failure) [ParNew: 67280K->237K(97792K), 0.0152199 secs] 134073K->67033K(314628K), 0.0152899 secs] [Times: user=0.08 sys=0.00, real=0.02 secs] 
[GC (Allocation Failure) [ParNew: 68642K->236K(97792K), 0.0031498 secs] 135438K->67039K(314628K), 0.0032182 secs] [Times: user=0.01 sys=0.00, real=0.01 secs] 
[GC (Allocation Failure) [ParNew: 67441K->232K(97792K), 0.0096637 secs] 134244K->67040K(314628K), 0.0097345 secs] [Times: user=0.04 sys=0.01, real=0.01 secs] 
[GC (Allocation Failure) [ParNew: 67517K->229K(97792K), 0.0033448 secs] 134326K->67042K(314628K), 0.0034135 secs] [Times: user=0.01 sys=0.00, real=0.01 secs] 
[GC (Allocation Failure) [ParNew: 67746K->236K(97792K), 0.0031425 secs] 134559K->67055K(314628K), 0.0032109 secs] [Times: user=0.02 sys=0.00, real=0.00 secs] 
[GC (Allocation Failure) [ParNew: 67629K->111K(97792K), 0.0035936 secs] 134448K->67056K(314628K), 0.0036626 secs] [Times: user=0.01 sys=0.00, real=0.01 secs] 
[GC (Allocation Failure) [ParNew: 67532K->109K(97792K), 0.0031287 secs] 134476K->67060K(314628K), 0.0031979 secs] [Times: user=0.01 sys=0.00, real=0.01 secs] 
[GC (Allocation Failure) [ParNew: 67547K->118K(97792K), 0.0052279 secs] 134497K->67074K(314628K), 0.0052971 secs] [Times: user=0.01 sys=0.00, real=0.00 secs] 
[GC (Allocation Failure) [ParNew: 67564K->108K(97792K), 0.0148523 secs] 134519K->67069K(314628K), 0.0149460 secs] [Times: user=0.06 sys=0.00, real=0.01 secs] 
[GC (Allocation Failure) [ParNew: 67567K->122K(97792K), 0.0031248 secs] 134528K->67088K(314628K), 0.0032166 secs] [Times: user=0.02 sys=0.00, real=0.00 secs] 
[GC (Allocation Failure) [ParNew: 67579K->109K(97792K), 0.0044283 secs] 134545K->67086K(314628K), 0.0045206 secs] [Times: user=0.02 sys=0.00, real=0.00 secs] 
[GC (Allocation Failure) [ParNew: 67575K->119K(97792K), 0.0071129 secs] 134552K->67100K(314628K), 0.0071825 secs] [Times: user=0.03 sys=0.00, real=0.01 secs] 
[GC (Allocation Failure) [ParNew: 67593K->113K(97792K), 0.0034373 secs] 134574K->67100K(314628K), 0.0035065 secs] [Times: user=0.02 sys=0.00, real=0.01 secs] 
[GC (Allocation Failure) [ParNew: 69204K->124K(97792K), 0.0088095 secs] 136191K->67117K(314628K), 0.0088799 secs] [Times: user=0.04 sys=0.00, real=0.01 secs] 
[GC (Allocation Failure) [ParNew: 67419K->248K(97792K), 0.0036127 secs] 134411K->67245K(314628K), 0.0036820 secs] [Times: user=0.01 sys=0.00, real=0.01 secs] 
[GC (Allocation Failure) [ParNew: 68653K->240K(97792K), 0.0135524 secs] 135650K->67242K(314628K), 0.0136237 secs] [Times: user=0.07 sys=0.00, real=0.02 secs] 
[GC (Allocation Failure) [ParNew: 69187K->233K(97792K), 0.0113499 secs] 136190K->67241K(314628K), 0.0114190 secs] [Times: user=0.05 sys=0.00, real=0.01 secs] 
[GC (Allocation Failure) [ParNew: 67342K->242K(97792K), 0.0093044 secs] 134350K->67256K(314628K), 0.0093765 secs] [Times: user=0.02 sys=0.00, real=0.01 secs] 
[GC (Allocation Failure) [ParNew: 68651K->237K(97792K), 0.0182466 secs] 135665K->67261K(314628K), 0.0183171 secs] [Times: user=0.07 sys=0.00, real=0.02 secs] 
[GC (Allocation Failure) [ParNew: 69002K->220K(97792K), 0.0111537 secs] 136026K->67301K(314628K), 0.0112236 secs] [Times: user=0.06 sys=0.00, real=0.01 secs] 
[GC (Allocation Failure) [ParNew: 67969K->128K(97792K), 0.0031923 secs] 135050K->67283K(314628K), 0.0032602 secs] [Times: user=0.01 sys=0.00, real=0.00 secs] 
[GC (Allocation Failure) [ParNew: 67383K->125K(97792K), 0.0037062 secs] 134538K->67284K(314628K), 0.0037773 secs] [Times: user=0.02 sys=0.00, real=0.00 secs] 
[GC (Allocation Failure) [ParNew: 68848K->133K(97792K), 0.0033553 secs] 136008K->67302K(314628K), 0.0034284 secs] [Times: user=0.01 sys=0.00, real=0.00 secs] 
[GC (Allocation Failure) [ParNew: 68412K->120K(97792K), 0.0029844 secs] 135581K->67294K(314628K), 0.0030549 secs] [Times: user=0.01 sys=0.00, real=0.01 secs] 
[GC (Allocation Failure) [ParNew: 67828K->121K(97792K), 0.0039256 secs] 135002K->67301K(314628K), 0.0040110 secs] [Times: user=0.01 sys=0.00, real=0.00 secs] 
[GC (Allocation Failure) [ParNew: 67366K->120K(97792K), 0.0043975 secs] 134545K->67306K(314628K), 0.0044753 secs] [Times: user=0.01 sys=0.00, real=0.00 secs] 
[GC (Allocation Failure) [ParNew: 67272K->119K(97792K), 0.0031305 secs] 134457K->67319K(314628K), 0.0032007 secs] [Times: user=0.01 sys=0.00, real=0.01 secs] 
[GC (Allocation Failure) [ParNew: 67383K->112K(97792K), 0.0033712 secs] 134584K->67320K(314628K), 0.0034402 secs] [Times: user=0.02 sys=0.00, real=0.00 secs] 
[GC (Allocation Failure) [ParNew: 67458K->107K(97792K), 0.0030906 secs] 134666K->67320K(314628K), 0.0031587 secs] [Times: user=0.00 sys=0.00, real=0.00 secs] 
[GC (Allocation Failure) [ParNew: 67490K->115K(97792K), 0.0033053 secs] 134703K->67333K(314628K), 0.0033759 secs] [Times: user=0.01 sys=0.00, real=0.00 secs] 
[GC (Allocation Failure) [ParNew: 67591K->176K(97792K), 0.0031856 secs] 134809K->67400K(314628K), 0.0032718 secs] [Times: user=0.01 sys=0.00, real=0.01 secs] 
[GC (Allocation Failure) [ParNew: 67609K->177K(97792K), 0.0033362 secs] 134832K->67405K(314628K), 0.0033975 secs] [Times: user=0.02 sys=0.00, real=0.00 secs] 
[GC (Allocation Failure) [ParNew: 67623K->185K(97792K), 0.0201806 secs] 134851K->67419K(314628K), 0.0202529 secs] [Times: user=0.09 sys=0.01, real=0.02 secs] 
[GC (Allocation Failure) [ParNew: 67645K->179K(97792K), 0.0034060 secs] 134878K->67418K(314628K), 0.0034765 secs] [Times: user=0.01 sys=0.00, real=0.00 secs] 
[GC (Allocation Failure) [ParNew: 67638K->175K(97792K), 0.0034100 secs] 134877K->67419K(314628K), 0.0034886 secs] [Times: user=0.00 sys=0.00, real=0.00 secs] 
[GC (Allocation Failure) [ParNew: 67635K->189K(97792K), 0.0036673 secs] 134880K->67438K(314628K), 0.0037369 secs] [Times: user=0.02 sys=0.00, real=0.01 secs] 
[GC (Allocation Failure) [ParNew: 67653K->112K(97792K), 0.0049728 secs] 134902K->67430K(314628K), 0.0050425 secs] [Times: user=0.02 sys=0.00, real=0.00 secs] 
[GC (Allocation Failure) [ParNew: 67578K->111K(97792K), 0.0030968 secs] 134896K->67434K(314628K), 0.0031642 secs] [Times: user=0.01 sys=0.00, real=0.01 secs] 
[GC (Allocation Failure) [ParNew: 67579K->111K(97792K), 0.0034287 secs] 134902K->67441K(314628K), 0.0034969 secs] [Times: user=0.01 sys=0.00, real=0.00 secs] 
[GC (Allocation Failure) [ParNew: 67579K->124K(97792K), 0.0090543 secs] 134909K->67462K(314628K), 0.0091250 secs] [Times: user=0.04 sys=0.00, real=0.01 secs] 
[GC (Allocation Failure) [ParNew: 67590K->113K(97792K), 0.0031398 secs] 134927K->67455K(314628K), 0.0032078 secs] [Times: user=0.01 sys=0.00, real=0.00 secs] 
******************* table info: 
=============== table_name: s3://mob-emr-test/dataplatform/DataWareHouse/offline/xihe/test1/
=============== range_column: range_col
=================*************************====================
=================************************* data schema: hash_col,col0,col1,col3,range_col
=================************************* output schema: {hash_col#753},{col0#754},{col1#755},{col3#756},{range_col#757}
[GC (Allocation Failure) [ParNew: 86427K->1351K(97792K), 0.0062832 secs] 153769K->68698K(314628K), 0.0063850 secs] [Times: user=0.02 sys=0.00, real=0.01 secs] 
[GC (Allocation Failure) [ParNew: 53776K->1594K(97792K), 0.0148352 secs] 121123K->85330K(314628K), 0.0149330 secs] [Times: user=0.05 sys=0.00, real=0.01 secs] 
[GC (Allocation Failure) [ParNew: 85945K->2018K(97792K), 0.0040722 secs] 169682K->85760K(314628K), 0.0041553 secs] [Times: user=0.01 sys=0.00, real=0.00 secs] 
[GC (Allocation Failure) [ParNew: 69750K->1327K(97792K), 0.0032030 secs] 153491K->85073K(314628K), 0.0032755 secs] [Times: user=0.01 sys=0.00, real=0.00 secs] 
[GC (Allocation Failure) [ParNew: 76342K->1535K(97792K), 0.0033146 secs] 160088K->85286K(314628K), 0.0033882 secs] [Times: user=0.01 sys=0.00, real=0.00 secs] 
[GC (Allocation Failure) [ParNew: 69714K->1648K(97792K), 0.0034924 secs] 153465K->85404K(314628K), 0.0035619 secs] [Times: user=0.01 sys=0.00, real=0.00 secs] 
[GC (Allocation Failure) [ParNew: 69836K->1746K(97792K), 0.0069386 secs] 153592K->85978K(314628K), 0.0070230 secs] [Times: user=0.03 sys=0.00, real=0.00 secs] 
[GC (Allocation Failure) [ParNew: 70754K->659K(97792K), 0.0055627 secs] 154985K->85223K(314628K), 0.0056581 secs] [Times: user=0.02 sys=0.00, real=0.00 secs] 
[GC (Allocation Failure) [ParNew: 68178K->552K(97792K), 0.0032936 secs] 152742K->85284K(314628K), 0.0033626 secs] [Times: user=0.01 sys=0.00, real=0.00 secs] 
[GC (Allocation Failure) [ParNew: 67684K->462K(97792K), 0.0226126 secs] 152415K->85220K(314628K), 0.0226826 secs] [Times: user=0.12 sys=0.00, real=0.02 secs] 
[GC (Allocation Failure) [ParNew: 68886K->255K(97792K), 0.0086435 secs] 153644K->85341K(314628K), 0.0087062 secs] [Times: user=0.05 sys=0.00, real=0.01 secs] 
[GC (Allocation Failure) [ParNew: 67478K->155K(97792K), 0.0100450 secs] 152564K->85252K(314628K), 0.0101139 secs] [Times: user=0.05 sys=0.00, real=0.01 secs] 
[GC (Allocation Failure) [ParNew: 67453K->124K(97792K), 0.0048488 secs] 152550K->85227K(314628K), 0.0049447 secs] [Times: user=0.02 sys=0.00, real=0.00 secs] 
[GC (Allocation Failure) [ParNew: 67484K->118K(97792K), 0.0111742 secs] 152587K->85225K(314628K), 0.0112573 secs] [Times: user=0.04 sys=0.00, real=0.01 secs] 
[GC (Allocation Failure) [ParNew: 67519K->119K(97792K), 0.0115581 secs] 152627K->85240K(314628K), 0.0116258 secs] [Times: user=0.05 sys=0.00, real=0.01 secs] 
[GC (Allocation Failure) [ParNew: 67542K->117K(97792K), 0.0102869 secs] 152664K->85244K(314628K), 0.0103556 secs] [Times: user=0.05 sys=0.00, real=0.02 secs] 
[GC (Allocation Failure) [ParNew: 67557K->116K(97792K), 0.0034543 secs] 152684K->85247K(314628K), 0.0035251 secs] [Times: user=0.01 sys=0.00, real=0.00 secs] 
[GC (Allocation Failure) [ParNew: 67576K->116K(97792K), 0.0031402 secs] 152707K->85252K(314628K), 0.0032076 secs] [Times: user=0.01 sys=0.00, real=0.01 secs] 
[GC (Allocation Failure) [ParNew: 67576K->117K(97792K), 0.0033308 secs] 152712K->85258K(314628K), 0.0034057 secs] [Times: user=0.01 sys=0.00, real=0.00 secs] 
[GC (Allocation Failure) [ParNew: 67640K->174K(97792K), 0.0037212 secs] 152782K->85321K(314628K), 0.0037921 secs] [Times: user=0.01 sys=0.00, real=0.00 secs] 
[GC (Allocation Failure) [ParNew: 67639K->181K(97792K), 0.0031949 secs] 152786K->85334K(314628K), 0.0032781 secs] [Times: user=0.01 sys=0.00, real=0.01 secs] 
[GC (Allocation Failure) [ParNew: 67647K->175K(97792K), 0.0069372 secs] 152800K->85334K(314628K), 0.0070322 secs] [Times: user=0.02 sys=0.00, real=0.01 secs] 
[GC (Allocation Failure) [ParNew: 67642K->186K(97792K), 0.0083237 secs] 152801K->85350K(314628K), 0.0084187 secs] [Times: user=0.03 sys=0.00, real=0.01 secs] 
[GC (Allocation Failure) [ParNew: 67653K->167K(97792K), 0.0034429 secs] 152818K->85337K(314628K), 0.0035350 secs] [Times: user=0.01 sys=0.00, real=0.00 secs] 
[GC (Allocation Failure) [ParNew: 67531K->173K(97792K), 0.0190335 secs] 152702K->85349K(314628K), 0.0191084 secs] [Times: user=0.08 sys=0.00, real=0.02 secs] 
[GC (Allocation Failure) [ParNew: 67753K->110K(97792K), 0.0084846 secs] 152929K->85355K(314628K), 0.0085702 secs] [Times: user=0.04 sys=0.00, real=0.01 secs] 
[GC (Allocation Failure) [ParNew: 67578K->131K(97792K), 0.0044218 secs] 152823K->85381K(314628K), 0.0045256 secs] [Times: user=0.01 sys=0.00, real=0.00 secs] 
[GC (Allocation Failure) [ParNew: 67598K->126K(97792K), 0.0145584 secs] 152848K->85381K(314628K), 0.0146603 secs] [Times: user=0.05 sys=0.00, real=0.02 secs] 
[GC (Allocation Failure) [ParNew: 67597K->108K(97792K), 0.0065133 secs] 152853K->85369K(314628K), 0.0066092 secs] [Times: user=0.03 sys=0.00, real=0.01 secs] 
[GC (Allocation Failure) [ParNew: 67564K->122K(97792K), 0.0069139 secs] 152826K->85389K(314628K), 0.0070220 secs] [Times: user=0.03 sys=0.00, real=0.01 secs] 
[GC (Allocation Failure) [ParNew: 68952K->111K(97792K), 0.0090587 secs] 154219K->85379K(314628K), 0.0091579 secs] [Times: user=0.03 sys=0.00, real=0.00 secs] 
[GC (Allocation Failure) [ParNew: 67495K->174K(97792K), 0.0064970 secs] 152764K->85451K(314628K), 0.0065794 secs] [Times: user=0.03 sys=0.00, real=0.00 secs] 
[GC (Allocation Failure) [ParNew: 68290K->173K(97792K), 0.0049007 secs] 153568K->85457K(314628K), 0.0049957 secs] [Times: user=0.02 sys=0.00, real=0.00 secs] 
[GC (Allocation Failure) [ParNew: 68501K->174K(97792K), 0.0044886 secs] 153785K->85463K(314628K), 0.0045589 secs] [Times: user=0.02 sys=0.00, real=0.00 secs] 
[GC (Allocation Failure) [ParNew: 67349K->200K(97792K), 0.0044151 secs] 152639K->85495K(314628K), 0.0044865 secs] [Times: user=0.02 sys=0.00, real=0.00 secs] 
[GC (Allocation Failure) [ParNew: 67528K->237K(97792K), 0.0033559 secs] 152823K->85538K(314628K), 0.0034282 secs] [Times: user=0.01 sys=0.00, real=0.01 secs] 
[GC (Allocation Failure) [ParNew: 67581K->207K(97792K), 0.0031868 secs] 152882K->85570K(314628K), 0.0032549 secs] [Times: user=0.01 sys=0.00, real=0.00 secs] 
[GC (Allocation Failure) [ParNew: 67590K->193K(97792K), 0.0031688 secs] 152953K->85563K(314628K), 0.0032384 secs] [Times: user=0.01 sys=0.00, real=0.00 secs] 
[GC (Allocation Failure) [ParNew: 69351K->180K(97792K), 0.0039940 secs] 154721K->85556K(314628K), 0.0040628 secs] [Times: user=0.02 sys=0.00, real=0.01 secs] 
[GC (Allocation Failure) [ParNew: 67290K->252K(97792K), 0.0217714 secs] 152666K->85634K(314628K), 0.0218398 secs] [Times: user=0.11 sys=0.00, real=0.02 secs] 
[GC (Allocation Failure) [ParNew: 68663K->250K(97792K), 0.0044307 secs] 154044K->85637K(314628K), 0.0044995 secs] [Times: user=0.02 sys=0.01, real=0.00 secs] 
[GC (Allocation Failure) [ParNew: 67450K->178K(97792K), 0.0033574 secs] 152838K->85634K(314628K), 0.0034256 secs] [Times: user=0.01 sys=0.00, real=0.01 secs] 
[GC (Allocation Failure) [ParNew: 67459K->166K(97792K), 0.0051482 secs] 152916K->85634K(314628K), 0.0052325 secs] [Times: user=0.02 sys=0.00, real=0.01 secs] 
[GC (Allocation Failure) [ParNew: 67515K->163K(97792K), 0.0086121 secs] 152983K->85637K(314628K), 0.0087072 secs] [Times: user=0.04 sys=0.00, real=0.01 secs] 
[GC (Allocation Failure) [ParNew: 67554K->106K(97792K), 0.0034466 secs] 153028K->85641K(314628K), 0.0035451 secs] [Times: user=0.01 sys=0.00, real=0.01 secs] 
[GC (Allocation Failure) [ParNew: 67523K->127K(97792K), 0.0123546 secs] 153059K->85669K(314628K), 0.0124400 secs] [Times: user=0.06 sys=0.00, real=0.01 secs] 
[GC (Allocation Failure) [ParNew: 67559K->118K(97792K), 0.0035212 secs] 153102K->85666K(314628K), 0.0036149 secs] [Times: user=0.02 sys=0.00, real=0.01 secs] 
[GC (Allocation Failure) [ParNew: 67565K->115K(97792K), 0.0057611 secs] 153113K->85669K(314628K), 0.0058604 secs] [Times: user=0.02 sys=0.00, real=0.01 secs] 
[GC (Allocation Failure) [ParNew: 67575K->115K(97792K), 0.0215871 secs] 153129K->85674K(314628K), 0.0216984 secs] [Times: user=0.10 sys=0.00, real=0.02 secs] 
[GC (Allocation Failure) [ParNew: 67574K->121K(97792K), 0.0038602 secs] 153133K->85686K(314628K), 0.0039552 secs] [Times: user=0.01 sys=0.00, real=0.00 secs] 
[GC (Allocation Failure) [ParNew: 67642K->183K(97792K), 0.0031166 secs] 153207K->85753K(314628K), 0.0031850 secs] [Times: user=0.01 sys=0.00, real=0.01 secs] 
[GC (Allocation Failure) [ParNew: 67644K->187K(97792K), 0.0034226 secs] 153213K->85762K(314628K), 0.0035037 secs] [Times: user=0.02 sys=0.00, real=0.00 secs] 
[GC (Allocation Failure) [ParNew: 69357K->193K(97792K), 0.0034458 secs] 154932K->85774K(314628K), 0.0035146 secs] [Times: user=0.00 sys=0.00, real=0.00 secs] 
[GC (Allocation Failure) [ParNew: 68764K->239K(97792K), 0.0032715 secs] 154345K->85829K(314628K), 0.0033400 secs] [Times: user=0.01 sys=0.00, real=0.01 secs] 
[GC (Allocation Failure) [ParNew: 67347K->228K(97792K), 0.0064350 secs] 152936K->85824K(314628K), 0.0065063 secs] [Times: user=0.02 sys=0.00, real=0.01 secs] 
[GC (Allocation Failure) [ParNew: 68638K->235K(97792K), 0.0031454 secs] 154234K->85836K(314628K), 0.0032155 secs] [Times: user=0.01 sys=0.00, real=0.01 secs] 
[GC (Allocation Failure) [ParNew: 67434K->165K(97792K), 0.0034912 secs] 153036K->85837K(314628K), 0.0035610 secs] [Times: user=0.01 sys=0.00, real=0.00 secs] 
[GC (Allocation Failure) [ParNew: 67447K->176K(97792K), 0.0045151 secs] 153119K->85853K(314628K), 0.0045847 secs] [Times: user=0.02 sys=0.00, real=0.01 secs] 
[GC (Allocation Failure) [ParNew: 67514K->116K(97792K), 0.0032891 secs] 153192K->85856K(314628K), 0.0033578 secs] [Times: user=0.01 sys=0.00, real=0.00 secs] 
[GC (Allocation Failure) [ParNew: 67517K->106K(97792K), 0.0044747 secs] 153257K->85852K(314628K), 0.0045463 secs] [Times: user=0.00 sys=0.00, real=0.00 secs] 
[GC (Allocation Failure) [ParNew: 67521K->115K(97792K), 0.0033186 secs] 153267K->85869K(314628K), 0.0033890 secs] [Times: user=0.01 sys=0.00, real=0.00 secs] 
[GC (Allocation Failure) [ParNew: 67552K->121K(97792K), 0.0033855 secs] 153306K->85880K(314628K), 0.0034562 secs] [Times: user=0.01 sys=0.00, real=0.01 secs] 
[GC (Allocation Failure) [ParNew: 67564K->117K(97792K), 0.0031983 secs] 153324K->85883K(314628K), 0.0032703 secs] [Times: user=0.01 sys=0.00, real=0.00 secs] 
[GC (Allocation Failure) [ParNew: 67576K->118K(97792K), 0.0043273 secs] 153341K->85890K(314628K), 0.0043963 secs] [Times: user=0.00 sys=0.00, real=0.01 secs] 
[GC (Allocation Failure) [ParNew: 67584K->126K(97792K), 0.0031512 secs] 153356K->85903K(314628K), 0.0032243 secs] [Times: user=0.01 sys=0.00, real=0.00 secs] 
[GC (Allocation Failure) [ParNew: 67585K->123K(97792K), 0.0031285 secs] 153361K->85906K(314628K), 0.0031988 secs] [Times: user=0.01 sys=0.00, real=0.01 secs] 
[GC (Allocation Failure) [ParNew: 67647K->175K(97792K), 0.0044621 secs] 153430K->85964K(314628K), 0.0045311 secs] [Times: user=0.01 sys=0.00, real=0.00 secs] 
[GC (Allocation Failure) [ParNew: 67641K->182K(97792K), 0.0051374 secs] 153430K->85976K(314628K), 0.0052096 secs] [Times: user=0.02 sys=0.00, real=0.00 secs] 
[GC (Allocation Failure) [ParNew: 67642K->188K(97792K), 0.0031809 secs] 153436K->85988K(314628K), 0.0032505 secs] [Times: user=0.01 sys=0.00, real=0.00 secs] 
[GC (Allocation Failure) [ParNew: 67650K->174K(97792K), 0.0031375 secs] 153450K->85986K(314628K), 0.0032085 secs] [Times: user=0.02 sys=0.00, real=0.01 secs] 
[GC (Allocation Failure) [ParNew: 67640K->184K(97792K), 0.0032033 secs] 153452K->86002K(314628K), 0.0032750 secs] [Times: user=0.02 sys=0.00, real=0.00 secs] 
[GC (Allocation Failure) [ParNew: 67647K->168K(97792K), 0.0034944 secs] 153465K->85992K(314628K), 0.0035660 secs] [Times: user=0.01 sys=0.00, real=0.01 secs] 
[GC (Allocation Failure) [ParNew: 67632K->110K(97792K), 0.0031746 secs] 153456K->86003K(314628K), 0.0032594 secs] [Times: user=0.01 sys=0.00, real=0.00 secs] 
[GC (Allocation Failure) [ParNew: 67574K->109K(97792K), 0.0032649 secs] 153468K->86009K(314628K), 0.0033350 secs] [Times: user=0.02 sys=0.00, real=0.00 secs] 
[GC (Allocation Failure) [ParNew: 67574K->109K(97792K), 0.0043196 secs] 153474K->86014K(314628K), 0.0043871 secs] [Times: user=0.01 sys=0.00, real=0.01 secs] 
[GC (Allocation Failure) [ParNew: 67572K->118K(97792K), 0.0031857 secs] 153478K->86029K(314628K), 0.0032714 secs] [Times: user=0.01 sys=0.00, real=0.01 secs] 
[GC (Allocation Failure) [ParNew: 67583K->108K(97792K), 0.0034935 secs] 153494K->86025K(314628K), 0.0035846 secs] [Times: user=0.02 sys=0.00, real=0.00 secs] 
[GC (Allocation Failure) [ParNew: 67572K->108K(97792K), 0.0035210 secs] 153488K->86030K(314628K), 0.0036086 secs] [Times: user=0.01 sys=0.00, real=0.00 secs] 
[GC (Allocation Failure) [ParNew: 67570K->111K(97792K), 0.0156005 secs] 153493K->86039K(314628K), 0.0156855 secs] [Times: user=0.06 sys=0.00, real=0.02 secs] 
[GC (Allocation Failure) [ParNew: 67647K->188K(97792K), 0.0031082 secs] 153575K->86122K(314628K), 0.0031848 secs] [Times: user=0.01 sys=0.00, real=0.01 secs] 
[GC (Allocation Failure) [ParNew: 67652K->179K(97792K), 0.0038786 secs] 153585K->86118K(314628K), 0.0039486 secs] [Times: user=0.02 sys=0.00, real=0.01 secs] 
[GC (Allocation Failure) [ParNew: 67646K->180K(97792K), 0.0034341 secs] 153585K->86124K(314628K), 0.0035052 secs] [Times: user=0.01 sys=0.00, real=0.00 secs] 
[GC (Allocation Failure) [ParNew: 67644K->181K(97792K), 0.0032202 secs] 153589K->86131K(314628K), 0.0032911 secs] [Times: user=0.01 sys=0.00, real=0.01 secs] 
[GC (Allocation Failure) [ParNew: 67646K->174K(97792K), 0.0034432 secs] 153596K->86129K(314628K), 0.0035224 secs] [Times: user=0.01 sys=0.00, real=0.00 secs] 
[GC (Allocation Failure) [ParNew: 67637K->172K(97792K), 0.0044142 secs] 153592K->86133K(314628K), 0.0044824 secs] [Times: user=0.01 sys=0.00, real=0.00 secs] 
[GC (Allocation Failure) [ParNew: 67637K->116K(97792K), 0.0031698 secs] 153598K->86146K(314628K), 0.0032415 secs] [Times: user=0.02 sys=0.00, real=0.00 secs] 
[GC (Allocation Failure) [ParNew: 67582K->120K(97792K), 0.0033972 secs] 153612K->86156K(314628K), 0.0034682 secs] [Times: user=0.01 sys=0.00, real=0.00 secs] 
[GC (Allocation Failure) [ParNew: 67586K->115K(97792K), 0.0031796 secs] 153622K->86156K(314628K), 0.0032495 secs] [Times: user=0.01 sys=0.00, real=0.00 secs] 
[GC (Allocation Failure) [ParNew: 67578K->125K(97792K), 0.0031788 secs] 153620K->86172K(314628K), 0.0032510 secs] [Times: user=0.01 sys=0.00, real=0.00 secs] 
[GC (Allocation Failure) [ParNew: 67589K->117K(97792K), 0.0031916 secs] 153636K->86169K(314628K), 0.0032612 secs] [Times: user=0.01 sys=0.00, real=0.00 secs] 
[GC (Allocation Failure) [ParNew: 67580K->109K(97792K), 0.0033005 secs] 153632K->86168K(314628K), 0.0033725 secs] [Times: user=0.01 sys=0.00, real=0.01 secs] 
[GC (Allocation Failure) [ParNew: 67574K->116K(97792K), 0.0031979 secs] 153633K->86180K(314628K), 0.0032678 secs] [Times: user=0.01 sys=0.00, real=0.00 secs] 
[GC (Allocation Failure) [ParNew: 67586K->116K(97792K), 0.0043752 secs] 153650K->86187K(314628K), 0.0044496 secs] [Times: user=0.01 sys=0.00, real=0.00 secs] 
[GC (Allocation Failure) [ParNew: 67571K->115K(97792K), 0.0045238 secs] 153641K->86191K(314628K), 0.0046063 secs] [Times: user=0.02 sys=0.00, real=0.01 secs] 
[GC (Allocation Failure) [ParNew: 67594K->116K(97792K), 0.0043253 secs] 153670K->86198K(314628K), 0.0043940 secs] [Times: user=0.01 sys=0.00, real=0.01 secs] 
[GC (Allocation Failure) [ParNew: 67651K->186K(97792K), 0.0032107 secs] 153732K->86273K(314628K), 0.0032821 secs] [Times: user=0.01 sys=0.00, real=0.00 secs] 
[GC (Allocation Failure) [ParNew: 67651K->181K(97792K), 0.0031831 secs] 153738K->86274K(314628K), 0.0032544 secs] [Times: user=0.01 sys=0.00, real=0.00 secs] 
[GC (Allocation Failure) [ParNew: 68989K->193K(97792K), 0.0031837 secs] 155081K->86291K(314628K), 0.0032531 secs] [Times: user=0.01 sys=0.00, real=0.00 secs] 
[GC (Allocation Failure) [ParNew: 68537K->249K(97792K), 0.0033653 secs] 154635K->86358K(314628K), 0.0034338 secs] [Times: user=0.01 sys=0.00, real=0.01 secs] 
[GC (Allocation Failure) [ParNew: 67363K->251K(97792K), 0.0032921 secs] 153471K->86364K(314628K), 0.0033636 secs] [Times: user=0.01 sys=0.00, real=0.00 secs] 
[GC (Allocation Failure) [ParNew: 68662K->244K(97792K), 0.0032072 secs] 154775K->86365K(314628K), 0.0032770 secs] [Times: user=0.01 sys=0.00, real=0.00 secs] 
[GC (Allocation Failure) [ParNew: 67447K->185K(97792K), 0.0032227 secs] 153567K->86376K(314628K), 0.0033085 secs] [Times: user=0.01 sys=0.00, real=0.00 secs] 
[GC (Allocation Failure) [ParNew: 68820K->193K(97792K), 0.0031699 secs] 155011K->86389K(314628K), 0.0032406 secs] [Times: user=0.02 sys=0.00, real=0.01 secs] 
[GC (Allocation Failure) [ParNew: 67630K->134K(97792K), 0.0035709 secs] 153826K->86398K(314628K), 0.0036408 secs] [Times: user=0.01 sys=0.00, real=0.00 secs] 
[GC (Allocation Failure) [ParNew: 68316K->133K(97792K), 0.0031291 secs] 154580K->86406K(314628K), 0.0031980 secs] [Times: user=0.02 sys=0.00, real=0.00 secs] 
[GC (Allocation Failure) [ParNew: 68503K->113K(97792K), 0.0035188 secs] 154776K->86392K(314628K), 0.0035917 secs] [Times: user=0.01 sys=0.00, real=0.00 secs] 
[GC (Allocation Failure) [ParNew: 68930K->106K(97792K), 0.0031553 secs] 155208K->86391K(314628K), 0.0032471 secs] [Times: user=0.01 sys=0.01, real=0.01 secs] 
[GC (Allocation Failure) [ParNew: 67920K->112K(97792K), 0.0034819 secs] 154204K->86404K(314628K), 0.0035608 secs] [Times: user=0.02 sys=0.00, real=0.00 secs] 
[GC (Allocation Failure) [ParNew: 68689K->111K(97792K), 0.0099437 secs] 154981K->86408K(314628K), 0.0100335 secs] [Times: user=0.03 sys=0.00, real=0.02 secs] 
[GC (Allocation Failure) [ParNew: 68288K->110K(97792K), 0.0146353 secs] 154585K->86413K(314628K), 0.0147253 secs] [Times: user=0.05 sys=0.00, real=0.01 secs] 
[GC (Allocation Failure) [ParNew: 69360K->175K(97792K), 0.0083640 secs] 155663K->86483K(314628K), 0.0084565 secs] [Times: user=0.03 sys=0.00, real=0.01 secs] 
[GC (Allocation Failure) [ParNew: 68206K->243K(97792K), 0.0213903 secs] 154514K->152093K(314628K), 0.0214987 secs] [Times: user=0.09 sys=0.00, real=0.02 secs] 
[GC (CMS Initial Mark) [1 CMS-initial-mark: 151850K(216836K)] 217631K(314628K), 0.0029693 secs] [Times: user=0.01 sys=0.00, real=0.00 secs] 
[CMS-concurrent-mark-start]
[GC (Allocation Failure) [ParNew: 68782K->177K(97792K), 0.0060760 secs] 220632K->152033K(314628K), 0.0061487 secs] [Times: user=0.02 sys=0.00, real=0.00 secs] 
[GC (Allocation Failure) [ParNew: 68636K->175K(97792K), 0.0030704 secs] 220491K->152036K(314628K), 0.0031588 secs] [Times: user=0.02 sys=0.00, real=0.00 secs] 
[GC (Allocation Failure) [ParNew: 67357K->168K(97792K), 0.0044301 secs] 219218K->152035K(314628K), 0.0045204 secs] [Times: user=0.01 sys=0.00, real=0.01 secs] 
[GC (Allocation Failure) [ParNew: 67745K->183K(97792K), 0.0033060 secs] 219612K->152055K(314628K), 0.0033750 secs] [Times: user=0.02 sys=0.00, real=0.00 secs] 
[GC (Allocation Failure) [ParNew: 67378K->115K(97792K), 0.0115762 secs] 219250K->152056K(314628K), 0.0116459 secs] [Times: user=0.04 sys=0.01, real=0.01 secs] 
[CMS-concurrent-mark: 0.060/0.091 secs] [Times: user=0.29 sys=0.01, real=0.09 secs] 
[CMS-concurrent-preclean-start]
[CMS-concurrent-preclean: 0.004/0.004 secs] [Times: user=0.01 sys=0.00, real=0.01 secs] 
[CMS-concurrent-abortable-preclean-start]
[GC (Allocation Failure) [ParNew: 67234K->111K(97792K), 0.0035993 secs] 219176K->152058K(314628K), 0.0036684 secs] [Times: user=0.01 sys=0.00, real=0.01 secs] 
[CMS-concurrent-abortable-preclean: 0.010/0.014 secs] [Times: user=0.03 sys=0.00, real=0.01 secs] 
[GC (CMS Final Remark) [YG occupancy: 65647 K (97792 K)][Rescan (parallel) , 0.0090157 secs][weak refs processing, 0.0002367 secs][class unloading, 0.0202832 secs][scrub symbol table, 0.0197636 secs][scrub string table, 0.0011277 secs][1 CMS-remark: 151947K(216836K)] 217594K(314628K), 0.0506551 secs] [Times: user=0.09 sys=0.00, real=0.04 secs] 
[CMS-concurrent-sweep-start]
[GC (Allocation Failure) [ParNew: 67584K->122K(97792K), 0.0032743 secs] 219507K->152051K(314628K), 0.0033363 secs] [Times: user=0.01 sys=0.00, real=0.00 secs] 
[GC (Allocation Failure) [ParNew: 68446K->129K(97792K), 0.0031171 secs] 218846K->150535K(314628K), 0.0031891 secs] [Times: user=0.02 sys=0.00, real=0.00 secs] 
[CMS-concurrent-sweep: 0.023/0.034 secs] [Times: user=0.09 sys=0.00, real=0.04 secs] 
[CMS-concurrent-reset-start]
[CMS-concurrent-reset: 0.001/0.001 secs] [Times: user=0.00 sys=0.00, real=0.00 secs] 
[GC (Allocation Failure) [ParNew: 69577K->141K(97792K), 0.0043981 secs] 201979K->132549K(318464K), 0.0044690 secs] [Times: user=0.01 sys=0.00, real=0.01 secs] 
[GC (Allocation Failure) [ParNew: 67519K->155K(97792K), 0.0065072 secs] 199927K->132568K(318464K), 0.0065829 secs] [Times: user=0.03 sys=0.00, real=0.01 secs] 
[GC (Allocation Failure) [ParNew: 67561K->172K(97792K), 0.0056509 secs] 199975K->132590K(318464K), 0.0057307 secs] [Times: user=0.01 sys=0.01, real=0.00 secs] 
[GC (Allocation Failure) [ParNew: 67598K->151K(97792K), 0.0043506 secs] 200017K->132575K(318464K), 0.0044426 secs] [Times: user=0.01 sys=0.00, real=0.00 secs] 
[GC (Allocation Failure) [ParNew: 67601K->145K(97792K), 0.0090782 secs] 200025K->132582K(318464K), 0.0091577 secs] [Times: user=0.04 sys=0.00, real=0.01 secs] 
[GC (Allocation Failure) [ParNew: 67656K->192K(97792K), 0.0046233 secs] 200093K->132643K(318464K), 0.0047021 secs] [Times: user=0.00 sys=0.00, real=0.00 secs] 
[GC (Allocation Failure) [ParNew: 67649K->213K(97792K), 0.0060978 secs] 200100K->132685K(318464K), 0.0061786 secs] [Times: user=0.02 sys=0.00, real=0.01 secs] 
[GC (Allocation Failure) [ParNew: 67671K->170K(97792K), 0.0035409 secs] 200144K->132648K(318464K), 0.0036201 secs] [Times: user=0.01 sys=0.00, real=0.00 secs] 
[GC (Allocation Failure) [ParNew: 67630K->169K(97792K), 0.0035015 secs] 200108K->132652K(318464K), 0.0035811 secs] [Times: user=0.02 sys=0.00, real=0.00 secs] 
[GC (Allocation Failure) [ParNew: 67631K->179K(97792K), 0.0032224 secs] 200114K->132668K(318464K), 0.0033009 secs] [Times: user=0.01 sys=0.01, real=0.00 secs] 
[GC (Allocation Failure) [ParNew: 67642K->174K(97792K), 0.0078247 secs] 200131K->132669K(318464K), 0.0079192 secs] [Times: user=0.01 sys=0.00, real=0.01 secs] 
[GC (Allocation Failure) [ParNew: 67627K->121K(97792K), 0.0057710 secs] 200122K->132685K(318464K), 0.0058682 secs] [Times: user=0.02 sys=0.00, real=0.01 secs] 
[GC (Allocation Failure) [ParNew: 67601K->114K(97792K), 0.0034120 secs] 200165K->132684K(318464K), 0.0034950 secs] [Times: user=0.02 sys=0.00, real=0.00 secs] 
[GC (Allocation Failure) [ParNew: 67578K->119K(97792K), 0.0034300 secs] 200147K->132693K(318464K), 0.0035079 secs] [Times: user=0.02 sys=0.00, real=0.01 secs] 
[GC (Allocation Failure) [ParNew: 67582K->121K(97792K), 0.0286728 secs] 200156K->132701K(318464K), 0.0287592 secs] [Times: user=0.14 sys=0.00, real=0.03 secs] 
[GC (Allocation Failure) [ParNew: 67587K->115K(97792K), 0.0034538 secs] 200167K->132701K(318464K), 0.0035414 secs] [Times: user=0.01 sys=0.00, real=0.00 secs] 
[GC (Allocation Failure) [ParNew: 67583K->113K(97792K), 0.0106376 secs] 200168K->132704K(318464K), 0.0107394 secs] [Times: user=0.04 sys=0.00, real=0.02 secs] 
[GC (Allocation Failure) [ParNew: 67576K->121K(97792K), 0.0032186 secs] 200167K->132720K(318464K), 0.0033151 secs] [Times: user=0.01 sys=0.00, real=0.00 secs] 
[GC (Allocation Failure) [ParNew: 67584K->120K(97792K), 0.0035030 secs] 200183K->132726K(318464K), 0.0035999 secs] [Times: user=0.01 sys=0.00, real=0.01 secs] 
[GC (Allocation Failure) [ParNew: 69002K->119K(97792K), 0.0034723 secs] 201608K->132730K(318464K), 0.0035708 secs] [Times: user=0.01 sys=0.00, real=0.01 secs] 
[GC (Allocation Failure) [ParNew: 68462K->173K(97792K), 0.0041395 secs] 201073K->132790K(318464K), 0.0042386 secs] [Times: user=0.01 sys=0.00, real=0.01 secs] 
[GC (Allocation Failure) [ParNew: 67350K->260K(97792K), 0.0269620 secs] 199967K->132882K(318464K), 0.0270715 secs] [Times: user=0.13 sys=0.00, real=0.03 secs] 
[GC (Allocation Failure) [ParNew: 68667K->261K(97792K), 0.0040126 secs] 201290K->132889K(318464K), 0.0041162 secs] [Times: user=0.02 sys=0.00, real=0.00 secs] 
[GC (Allocation Failure) [ParNew: 68143K->334K(97792K), 0.0038342 secs] 200771K->132968K(318464K), 0.0039249 secs] [Times: user=0.01 sys=0.00, real=0.01 secs] 
[GC (Allocation Failure) [ParNew: 67612K->312K(97792K), 0.0054112 secs] 200245K->132951K(318464K), 0.0055147 secs] [Times: user=0.03 sys=0.00, real=0.00 secs] 
[GC (Allocation Failure) [ParNew: 67656K->254K(97792K), 0.0033027 secs] 200295K->132956K(318464K), 0.0034072 secs] [Times: user=0.01 sys=0.00, real=0.00 secs] 
[GC (Allocation Failure) [ParNew: 67648K->259K(97792K), 0.0064380 secs] 200350K->132968K(318464K), 0.0065390 secs] [Times: user=0.03 sys=0.00, real=0.01 secs] 
[GC (Allocation Failure) [ParNew: 67673K->185K(97792K), 0.0037449 secs] 200382K->132962K(318464K), 0.0038457 secs] [Times: user=0.01 sys=0.00, real=0.01 secs] 
[GC (Allocation Failure) [ParNew: 67617K->180K(97792K), 0.0042772 secs] 200394K->132963K(318464K), 0.0043727 secs] [Times: user=0.00 sys=0.00, real=0.01 secs] 
[GC (Allocation Failure) [ParNew: 67623K->106K(97792K), 0.0045031 secs] 200406K->132966K(318464K), 0.0045819 secs] [Times: user=0.01 sys=0.00, real=0.00 secs] 
[GC (Allocation Failure) [ParNew: 67556K->122K(97792K), 0.0033233 secs] 200415K->132987K(318464K), 0.0033990 secs] [Times: user=0.01 sys=0.00, real=0.01 secs] 
[GC (Allocation Failure) [ParNew: 67578K->140K(97792K), 0.0173559 secs] 200443K->133011K(318464K), 0.0174454 secs] [Times: user=0.09 sys=0.00, real=0.02 secs] 
[GC (Allocation Failure) [ParNew: 67601K->123K(97792K), 0.0044664 secs] 200472K->132999K(318464K), 0.0045448 secs] [Times: user=0.02 sys=0.00, real=0.01 secs] 
[GC (Allocation Failure) [ParNew: 67582K->119K(97792K), 0.0031852 secs] 200458K->133001K(318464K), 0.0032608 secs] [Times: user=0.02 sys=0.00, real=0.00 secs] 
[GC (Allocation Failure) [ParNew: 69018K->114K(97792K), 0.0051994 secs] 201899K->133001K(318464K), 0.0052759 secs] [Times: user=0.01 sys=0.00, real=0.01 secs] 
[GC (Allocation Failure) [ParNew: 67474K->179K(97792K), 0.0048790 secs] 200361K->133072K(318464K), 0.0049581 secs] [Times: user=0.03 sys=0.00, real=0.01 secs] 
[GC (Allocation Failure) [ParNew: 68819K->228K(97792K), 0.0067713 secs] 201711K->133125K(318464K), 0.0068682 secs] [Times: user=0.03 sys=0.00, real=0.01 secs] 
[GC (Allocation Failure) [ParNew: 69704K->233K(97792K), 0.0066218 secs] 202602K->133136K(318464K), 0.0066974 secs] [Times: user=0.03 sys=0.00, real=0.01 secs] 
[GC (Allocation Failure) [ParNew: 67682K->233K(97792K), 0.0101019 secs] 200586K->133141K(318464K), 0.0101885 secs] [Times: user=0.05 sys=0.00, real=0.01 secs] 
[GC (Allocation Failure) [ParNew: 68467K->233K(97792K), 0.0032273 secs] 201375K->133147K(318464K), 0.0033246 secs] [Times: user=0.01 sys=0.00, real=0.01 secs] 
[GC (Allocation Failure) [ParNew: 68206K->179K(97792K), 0.0038655 secs] 201120K->133156K(318464K), 0.0039627 secs] [Times: user=0.02 sys=0.00, real=0.01 secs] 
[GC (Allocation Failure) [ParNew: 68224K->172K(97792K), 0.0032979 secs] 201201K->133155K(318464K), 0.0033937 secs] [Times: user=0.01 sys=0.00, real=0.00 secs] 
[GC (Allocation Failure) [ParNew: 68114K->119K(97792K), 0.0032869 secs] 201097K->133171K(318464K), 0.0033846 secs] [Times: user=0.01 sys=0.00, real=0.00 secs] 
[GC (Allocation Failure) [ParNew: 67993K->114K(97792K), 0.0091210 secs] 201045K->133171K(318464K), 0.0092189 secs] [Times: user=0.03 sys=0.00, real=0.01 secs] 
[GC (Allocation Failure) [ParNew: 67940K->112K(97792K), 0.0086709 secs] 200997K->133175K(318464K), 0.0087634 secs] [Times: user=0.03 sys=0.00, real=0.00 secs] 
[GC (Allocation Failure) [ParNew: 67907K->118K(97792K), 0.0053108 secs] 200970K->133186K(318464K), 0.0054164 secs] [Times: user=0.02 sys=0.00, real=0.00 secs] 
[GC (Allocation Failure) [ParNew: 67904K->117K(97792K), 0.0031964 secs] 200972K->133191K(318464K), 0.0032944 secs] [Times: user=0.02 sys=0.00, real=0.00 secs] 
[GC (Allocation Failure) [ParNew: 67882K->118K(97792K), 0.0065634 secs] 200956K->133197K(318464K), 0.0066587 secs] [Times: user=0.03 sys=0.00, real=0.01 secs] 
[GC (Allocation Failure) [ParNew: 67496K->108K(97792K), 0.0057929 secs] 200575K->133192K(318464K), 0.0058898 secs] [Times: user=0.02 sys=0.00, real=0.01 secs] 
[GC (Allocation Failure) [ParNew: 68200K->126K(97792K), 0.0251669 secs] 201284K->133217K(318464K), 0.0252641 secs] [Times: user=0.12 sys=0.00, real=0.02 secs] 
[GC (Allocation Failure) [ParNew: 67415K->124K(97792K), 0.0033045 secs] 200506K->133221K(318464K), 0.0033827 secs] [Times: user=0.01 sys=0.00, real=0.00 secs] 
[GC (Allocation Failure) [ParNew: 67294K->106K(97792K), 0.0033257 secs] 200390K->133208K(318464K), 0.0034164 secs] [Times: user=0.01 sys=0.00, real=0.00 secs] 
[GC (Allocation Failure) [ParNew: 67441K->173K(97792K), 0.0039245 secs] 200544K->133281K(318464K), 0.0040207 secs] [Times: user=0.02 sys=0.00, real=0.00 secs] 
[GC (Allocation Failure) [ParNew: 67516K->174K(97792K), 0.0043367 secs] 200624K->133286K(318464K), 0.0044520 secs] [Times: user=0.01 sys=0.00, real=0.00 secs] 
[GC (Allocation Failure) [ParNew: 68893K->176K(97792K), 0.0052986 secs] 202006K->133294K(318464K), 0.0053763 secs] [Times: user=0.03 sys=0.00, real=0.01 secs] 
[GC (Allocation Failure) [ParNew: 67558K->234K(97792K), 0.0043314 secs] 200676K->133357K(318464K), 0.0044066 secs] [Times: user=0.01 sys=0.00, real=0.01 secs] 
[GC (Allocation Failure) [ParNew: 68334K->243K(97792K), 0.0117903 secs] 201457K->133372K(318464K), 0.0118672 secs] [Times: user=0.06 sys=0.00, real=0.01 secs] 
[GC (Allocation Failure) [ParNew: 67523K->226K(97792K), 0.0083296 secs] 200652K->133360K(318464K), 0.0084065 secs] [Times: user=0.04 sys=0.00, real=0.01 secs] 
[GC (Allocation Failure) [ParNew: 67291K->174K(97792K), 0.0086221 secs] 200426K->133377K(318464K), 0.0086978 secs] [Times: user=0.04 sys=0.00, real=0.01 secs] 
[GC (Allocation Failure) [ParNew: 67556K->170K(97792K), 0.0121186 secs] 200760K->133378K(318464K), 0.0121960 secs] [Times: user=0.06 sys=0.00, real=0.01 secs] 
[GC (Allocation Failure) [ParNew: 67511K->111K(97792K), 0.0085059 secs] 200720K->133381K(318464K), 0.0085864 secs] [Times: user=0.04 sys=0.00, real=0.01 secs] 
[GC (Allocation Failure) [ParNew: 67499K->110K(97792K), 0.0033452 secs] 200770K->133386K(318464K), 0.0034500 secs] [Times: user=0.01 sys=0.00, real=0.00 secs] 
[GC (Allocation Failure) [ParNew: 67539K->123K(97792K), 0.0119394 secs] 200815K->133405K(318464K), 0.0120342 secs] [Times: user=0.02 sys=0.00, real=0.01 secs] 
[GC (Allocation Failure) [ParNew: 67559K->122K(97792K), 0.0034375 secs] 200841K->133409K(318464K), 0.0035233 secs] [Times: user=0.01 sys=0.00, real=0.00 secs] 
[GC (Allocation Failure) [ParNew: 69259K->202K(97792K), 0.0597449 secs] 202546K->199027K(318464K), 0.0598733 secs] [Times: user=0.21 sys=0.02, real=0.06 secs] 
[GC (CMS Initial Mark) [1 CMS-initial-mark: 198824K(220672K)] 264567K(318464K), 0.0028832 secs] [Times: user=0.01 sys=0.00, real=0.00 secs] 
[CMS-concurrent-mark-start]
[GC (Allocation Failure) [ParNew: 70069K->186K(97792K), 0.0057340 secs] 268894K->199020K(318464K), 0.0058177 secs] [Times: user=0.02 sys=0.00, real=0.00 secs] 
[GC (Allocation Failure) [ParNew: 68614K->205K(97792K), 0.0031557 secs] 267447K->199044K(318464K), 0.0032296 secs] [Times: user=0.01 sys=0.00, real=0.00 secs] 
[GC (Allocation Failure) [ParNew: 67448K->242K(97792K), 0.0029551 secs] 266287K->199087K(318464K), 0.0030298 secs] [Times: user=0.01 sys=0.00, real=0.01 secs] 
[GC (Allocation Failure) [ParNew: 68394K->243K(97792K), 0.0043494 secs] 267239K->199103K(318464K), 0.0044233 secs] [Times: user=0.01 sys=0.00, real=0.00 secs] 
[CMS-concurrent-mark: 0.072/0.090 secs] [Times: user=0.27 sys=0.00, real=0.09 secs] 
[CMS-concurrent-preclean-start]
[GC (Allocation Failure) [ParNew: 68590K->239K(97792K), 0.0021153 secs] 267450K->199107K(318464K), 0.0021787 secs] [Times: user=0.02 sys=0.00, real=0.00 secs] 
[CMS-concurrent-preclean: 0.004/0.006 secs] [Times: user=0.02 sys=0.00, real=0.01 secs] 
[CMS-concurrent-abortable-preclean-start]
[CMS-concurrent-abortable-preclean: 0.004/0.004 secs] [Times: user=0.00 sys=0.00, real=0.00 secs] 
[GC (CMS Final Remark) [YG occupancy: 65775 K (97792 K)][Rescan (parallel) , 0.0030946 secs][weak refs processing, 0.0002113 secs][class unloading, 0.0205736 secs][scrub symbol table, 0.0199643 secs][scrub string table, 0.0011355 secs][1 CMS-remark: 198867K(220672K)] 264643K(318464K), 0.0451305 secs] [Times: user=0.05 sys=0.00, real=0.04 secs] 
[CMS-concurrent-sweep-start]
[GC (Allocation Failure) [ParNew: 67428K->183K(97792K), 0.0030519 secs] 266286K->199103K(318464K), 0.0031204 secs] [Times: user=0.01 sys=0.00, real=0.00 secs] 
[GC (Allocation Failure) [ParNew: 67454K->173K(97792K), 0.0035167 secs] 265481K->198208K(318464K), 0.0035928 secs] [Times: user=0.01 sys=0.00, real=0.00 secs] 
[CMS-concurrent-sweep: 0.021/0.028 secs] [Times: user=0.06 sys=0.00, real=0.03 secs] 
[CMS-concurrent-reset-start]
[CMS-concurrent-reset: 0.001/0.001 secs] [Times: user=0.01 sys=0.00, real=0.00 secs] 
[GC (Allocation Failure) [ParNew: 67513K->197K(97792K), 0.0063817 secs] 199989K->132677K(318656K), 0.0064566 secs] [Times: user=0.03 sys=0.00, real=0.01 secs] 
[GC (Allocation Failure) [ParNew: 67583K->105K(97792K), 0.0033322 secs] 200063K->132655K(318656K), 0.0034067 secs] [Times: user=0.01 sys=0.00, real=0.00 secs] 
[GC (Allocation Failure) [ParNew: 67520K->110K(97792K), 0.0033538 secs] 200070K->132664K(318656K), 0.0034269 secs] [Times: user=0.01 sys=0.00, real=0.00 secs] 
[GC (Allocation Failure) [ParNew: 67542K->131K(97792K), 0.0054413 secs] 200097K->132691K(318656K), 0.0055298 secs] [Times: user=0.02 sys=0.00, real=0.01 secs] 
[GC (Allocation Failure) [ParNew: 67578K->118K(97792K), 0.0035038 secs] 200137K->132683K(318656K), 0.0035823 secs] [Times: user=0.01 sys=0.00, real=0.01 secs] 
[GC (Allocation Failure) [ParNew: 67567K->137K(97792K), 0.0075960 secs] 200132K->132707K(318656K), 0.0076708 secs] [Times: user=0.03 sys=0.00, real=0.01 secs] 
[GC (Allocation Failure) [ParNew: 67591K->132K(97792K), 0.0030984 secs] 200161K->132708K(318656K), 0.0031723 secs] [Times: user=0.01 sys=0.00, real=0.00 secs] 
[GC (Allocation Failure) [ParNew: 67591K->115K(97792K), 0.0041410 secs] 200166K->132696K(318656K), 0.0042150 secs] [Times: user=0.01 sys=0.00, real=0.01 secs] 
[GC (Allocation Failure) [ParNew: 67574K->110K(97792K), 0.0031051 secs] 200155K->132698K(318656K), 0.0031796 secs] [Times: user=0.01 sys=0.00, real=0.00 secs] 
[GC (Allocation Failure) [ParNew: 67642K->186K(97792K), 0.0040510 secs] 200230K->132782K(318656K), 0.0041263 secs] [Times: user=0.02 sys=0.00, real=0.00 secs] 
[GC (Allocation Failure) [ParNew: 67652K->178K(97792K), 0.0031867 secs] 200248K->132779K(318656K), 0.0032857 secs] [Times: user=0.01 sys=0.00, real=0.00 secs] 
--------------- scan all files cost: 21359ms ---------------
[GC (Allocation Failure) [ParNew: 85349K->160K(97792K), 0.0161671 secs] 217950K->149149K(318656K), 0.0162433 secs] [Times: user=0.07 sys=0.00, real=0.01 secs] 
[GC (CMS Initial Mark) [1 CMS-initial-mark: 148989K(220864K)] 214687K(318656K), 0.0025420 secs] [Times: user=0.01 sys=0.00, real=0.01 secs] 
[CMS-concurrent-mark-start]
******************* table info: 
=============== table_name: s3://mob-emr-test/dataplatform/DataWareHouse/offline/xihe/test1/
=============== range_column: range_col
=================*************************====================
=================************************* data schema: hash_col,col0,range_col
=================************************* output schema: {hash_col#104},{col0#105},{range_col#106}
[GC (Allocation Failure) [ParNew: 71134K->261K(97792K), 0.0031880 secs] 220124K->149256K(318656K), 0.0032483 secs] [Times: user=0.02 sys=0.00, real=0.00 secs] 
[GC (Allocation Failure) [ParNew: 71366K->403K(97792K), 0.0045922 secs] 220360K->149403K(318656K), 0.0046672 secs] [Times: user=0.02 sys=0.00, real=0.00 secs] 
[GC (Allocation Failure) [ParNew: 70064K->691K(97792K), 0.0123921 secs] 219064K->149696K(318656K), 0.0124718 secs] [Times: user=0.06 sys=0.00, real=0.01 secs] 
[GC (Allocation Failure) [ParNew: 75600K->911K(97792K), 0.0036136 secs] 224604K->149921K(318656K), 0.0037154 secs] [Times: user=0.02 sys=0.00, real=0.01 secs] 
[CMS-concurrent-mark: 0.121/0.148 secs] [Times: user=0.62 sys=0.00, real=0.14 secs] 
[CMS-concurrent-preclean-start]
[CMS-concurrent-preclean: 0.005/0.005 secs] [Times: user=0.02 sys=0.00, real=0.01 secs] 
[CMS-concurrent-abortable-preclean-start]
[GC (Allocation Failure) [ParNew: 79096K->850K(97792K), 0.0039015 secs] 228106K->149865K(318656K), 0.0039791 secs] [Times: user=0.01 sys=0.00, real=0.00 secs] 
[CMS-concurrent-abortable-preclean: 0.005/0.010 secs] [Times: user=0.03 sys=0.01, real=0.01 secs] 
[GC (CMS Final Remark) [YG occupancy: 66386 K (97792 K)][Rescan (parallel) , 0.0060265 secs][weak refs processing, 0.0002236 secs][class unloading, 0.0212302 secs][scrub symbol table, 0.0199049 secs][scrub string table, 0.0011533 secs][1 CMS-remark: 149014K(220864K)] 215401K(318656K), 0.0486984 secs] [Times: user=0.06 sys=0.00, real=0.05 secs] 
[CMS-concurrent-sweep-start]
[GC (Allocation Failure) [ParNew: 72511K->1080K(97792K), 0.0033717 secs] 221497K->150114K(318656K), 0.0034489 secs] [Times: user=0.01 sys=0.00, real=0.01 secs] 
[CMS-concurrent-sweep: 0.026/0.034 secs] [Times: user=0.14 sys=0.00, real=0.03 secs] 
[CMS-concurrent-reset-start]
[CMS-concurrent-reset: 0.001/0.001 secs] [Times: user=0.00 sys=0.00, real=0.01 secs] 
[GC (Allocation Failure) [ParNew: 70770K->835K(97792K), 0.0040013 secs] 153434K->83591K(318656K), 0.0040677 secs] [Times: user=0.02 sys=0.00, real=0.00 secs] 
[GC (GCLocker Initiated GC) [ParNew: 68725K->768K(97792K), 0.0037406 secs] 217017K->149137K(318656K), 0.0038249 secs] [Times: user=0.01 sys=0.00, real=0.00 secs] 
[GC (Allocation Failure) [ParNew: 75995K->840K(97792K), 0.0088250 secs] 224363K->149356K(318656K), 0.0089049 secs] [Times: user=0.04 sys=0.00, real=0.01 secs] 
[GC (CMS Initial Mark) [1 CMS-initial-mark: 148515K(220864K)] 214894K(318656K), 0.0024520 secs] [Times: user=0.01 sys=0.00, real=0.00 secs] 
[CMS-concurrent-mark-start]
[GC (Allocation Failure) [ParNew: 68261K->474K(97792K), 0.0028772 secs] 216776K->149129K(318656K), 0.0029532 secs] [Times: user=0.01 sys=0.00, real=0.00 secs] 
[GC (Allocation Failure) [ParNew: 67899K->477K(97792K), 0.0062851 secs] 216553K->149193K(318656K), 0.0063635 secs] [Times: user=0.03 sys=0.00, real=0.00 secs] 
[GC (Allocation Failure) [ParNew: 67908K->409K(97792K), 0.0031918 secs] 216624K->149156K(318656K), 0.0032700 secs] [Times: user=0.01 sys=0.00, real=0.01 secs] 
[GC (Allocation Failure) [ParNew: 67848K->360K(97792K), 0.0032556 secs] 216596K->149142K(318656K), 0.0033315 secs] [Times: user=0.02 sys=0.00, real=0.00 secs] 
[GC (Allocation Failure) [ParNew: 67811K->358K(97792K), 0.0030836 secs] 216593K->149141K(318656K), 0.0031601 secs] [Times: user=0.02 sys=0.00, real=0.01 secs] 
[CMS-concurrent-mark: 0.079/0.100 secs] [Times: user=0.32 sys=0.00, real=0.10 secs] 
[CMS-concurrent-preclean-start]
[GC (Allocation Failure) [ParNew: 67817K->111K(97792K), 0.0032893 secs] 216599K->149140K(318656K), 0.0033546 secs] [Times: user=0.02 sys=0.00, real=0.00 secs] 
[CMS-concurrent-preclean: 0.005/0.010 secs] [Times: user=0.03 sys=0.00, real=0.01 secs] 
[CMS-concurrent-abortable-preclean-start]
[CMS-concurrent-abortable-preclean: 0.004/0.004 secs] [Times: user=0.01 sys=0.00, real=0.00 secs] 
[GC (CMS Final Remark) [YG occupancy: 67574 K (97792 K)][Rescan (parallel) , 0.0027056 secs][weak refs processing, 0.0002148 secs][class unloading, 0.0205444 secs][scrub symbol table, 0.0200002 secs][scrub string table, 0.0011537 secs][1 CMS-remark: 149029K(220864K)] 216603K(318656K), 0.0447737 secs] [Times: user=0.05 sys=0.00, real=0.05 secs] 
[CMS-concurrent-sweep-start]
[GC (Allocation Failure) [ParNew: 69362K->112K(97792K), 0.0031796 secs] 218391K->149146K(318656K), 0.0032463 secs] [Times: user=0.02 sys=0.00, real=0.00 secs] 
[GC (Allocation Failure) [ParNew: 67554K->123K(97792K), 0.0031032 secs] 216479K->149053K(318656K), 0.0031850 secs] [Times: user=0.02 sys=0.00, real=0.00 secs] 
[CMS-concurrent-sweep: 0.021/0.029 secs] [Times: user=0.08 sys=0.00, real=0.03 secs] 
[CMS-concurrent-reset-start]
[CMS-concurrent-reset: 0.001/0.001 secs] [Times: user=0.00 sys=0.00, real=0.00 secs] 
[GC (Allocation Failure) [ParNew: 67572K->122K(97792K), 0.0034128 secs] 134453K->67007K(318656K), 0.0034887 secs] [Times: user=0.01 sys=0.00, real=0.01 secs] 
[GC (Allocation Failure) [ParNew: 67578K->131K(97792K), 0.0080553 secs] 134463K->67022K(318656K), 0.0081354 secs] [Times: user=0.03 sys=0.00, real=0.01 secs] 
[GC (Allocation Failure) [ParNew: 67600K->111K(97792K), 0.0031142 secs] 134491K->67006K(318656K), 0.0031944 secs] [Times: user=0.01 sys=0.00, real=0.00 secs] 
[GC (Allocation Failure) [ParNew: 67571K->127K(97792K), 0.0031911 secs] 134466K->67028K(318656K), 0.0032720 secs] [Times: user=0.02 sys=0.00, real=0.01 secs] 
[GC (Allocation Failure) [ParNew: 67652K->177K(97792K), 0.0034594 secs] 134552K->67092K(318656K), 0.0035398 secs] [Times: user=0.01 sys=0.00, real=0.00 secs] 
[GC (Allocation Failure) [ParNew: 67641K->179K(97792K), 0.0034110 secs] 134555K->67098K(318656K), 0.0034972 secs] [Times: user=0.01 sys=0.00, real=0.00 secs] 
[GC (Allocation Failure) [ParNew: 67627K->173K(97792K), 0.0031368 secs] 134547K->67098K(318656K), 0.0032151 secs] [Times: user=0.01 sys=0.00, real=0.00 secs] 
[GC (Allocation Failure) [ParNew: 67571K->173K(97792K), 0.0106405 secs] 134496K->67103K(318656K), 0.0107350 secs] [Times: user=0.04 sys=0.00, real=0.02 secs] 
[GC (Allocation Failure) [ParNew: 67716K->170K(97792K), 0.0034076 secs] 134646K->67105K(318656K), 0.0035067 secs] [Times: user=0.02 sys=0.00, real=0.00 secs] 
[GC (Allocation Failure) [ParNew: 67634K->169K(97792K), 0.0033642 secs] 134569K->67109K(318656K), 0.0034426 secs] [Times: user=0.01 sys=0.00, real=0.00 secs] 
[GC (Allocation Failure) [ParNew: 67634K->115K(97792K), 0.0030797 secs] 134575K->67125K(318656K), 0.0031590 secs] [Times: user=0.02 sys=0.00, real=0.00 secs] 
[GC (Allocation Failure) [ParNew: 67579K->106K(97792K), 0.0080939 secs] 134588K->67121K(318656K), 0.0081703 secs] [Times: user=0.03 sys=0.00, real=0.01 secs] 
[GC (Allocation Failure) [ParNew: 67575K->112K(97792K), 0.0032821 secs] 134590K->67131K(318656K), 0.0033606 secs] [Times: user=0.01 sys=0.00, real=0.01 secs] 
[GC (Allocation Failure) [ParNew: 69000K->112K(97792K), 0.0232970 secs] 136019K->67137K(318656K), 0.0233778 secs] [Times: user=0.11 sys=0.00, real=0.02 secs] 
[GC (Allocation Failure) [ParNew: 67707K->171K(97792K), 0.0032043 secs] 134731K->67201K(318656K), 0.0032864 secs] [Times: user=0.02 sys=0.00, real=0.00 secs] 
[GC (Allocation Failure) [ParNew: 67379K->170K(97792K), 0.0069910 secs] 134408K->67205K(318656K), 0.0070699 secs] [Times: user=0.03 sys=0.00, real=0.00 secs] 
[GC (Allocation Failure) [ParNew: 67295K->175K(97792K), 0.0069905 secs] 134330K->67214K(318656K), 0.0070703 secs] [Times: user=0.03 sys=0.00, real=0.00 secs] 
[GC (Allocation Failure) [ParNew: 67431K->183K(97792K), 0.0044362 secs] 134470K->67227K(318656K), 0.0045175 secs] [Times: user=0.02 sys=0.00, real=0.00 secs] 
[GC (Allocation Failure) [ParNew: 67505K->162K(97792K), 0.0027935 secs] 134549K->67212K(318656K), 0.0028710 secs] [Times: user=0.02 sys=0.00, real=0.00 secs] 
[GC (Allocation Failure) [ParNew: 67599K->176K(97792K), 0.0103888 secs] 134648K->67287K(318656K), 0.0104676 secs] [Times: user=0.05 sys=0.00, real=0.01 secs] 
[GC (Allocation Failure) [ParNew: 67586K->170K(97792K), 0.0043343 secs] 134697K->67288K(318656K), 0.0044269 secs] [Times: user=0.01 sys=0.00, real=0.01 secs] 
[GC (Allocation Failure) [ParNew: 67595K->173K(97792K), 0.0122544 secs] 134712K->67296K(318656K), 0.0123351 secs] [Times: user=0.06 sys=0.00, real=0.01 secs] 
[GC (Allocation Failure) [ParNew: 67614K->179K(97792K), 0.0086718 secs] 134738K->67307K(318656K), 0.0087501 secs] [Times: user=0.04 sys=0.00, real=0.00 secs] 
[GC (Allocation Failure) [ParNew: 67627K->176K(97792K), 0.0031179 secs] 134756K->67311K(318656K), 0.0031968 secs] [Times: user=0.02 sys=0.00, real=0.00 secs] 
[GC (Allocation Failure) [ParNew: 67629K->176K(97792K), 0.0084486 secs] 134763K->67315K(318656K), 0.0085261 secs] [Times: user=0.04 sys=0.00, real=0.01 secs] 
[GC (Allocation Failure) [ParNew: 67640K->106K(97792K), 0.0033449 secs] 134779K->67314K(318656K), 0.0034506 secs] [Times: user=0.01 sys=0.00, real=0.00 secs] 
[GC (Allocation Failure) [ParNew: 67568K->116K(97792K), 0.0084745 secs] 134776K->67328K(318656K), 0.0085693 secs] [Times: user=0.04 sys=0.00, real=0.01 secs] 
[GC (Allocation Failure) [ParNew: 67579K->117K(97792K), 0.0056719 secs] 134792K->67335K(318656K), 0.0057526 secs] [Times: user=0.02 sys=0.00, real=0.01 secs] 
[GC (Allocation Failure) [ParNew: 67579K->110K(97792K), 0.0033231 secs] 134797K->67333K(318656K), 0.0034041 secs] [Times: user=0.01 sys=0.00, real=0.00 secs] 
[GC (Allocation Failure) [ParNew: 67574K->112K(97792K), 0.0051754 secs] 134797K->67340K(318656K), 0.0052548 secs] [Times: user=0.02 sys=0.00, real=0.01 secs] 
[GC (Allocation Failure) [ParNew: 67575K->110K(97792K), 0.0043403 secs] 134803K->67343K(318656K), 0.0044311 secs] [Times: user=0.01 sys=0.00, real=0.01 secs] 
[GC (Allocation Failure) [ParNew: 67575K->118K(97792K), 0.0097646 secs] 134808K->67359K(318656K), 0.0098453 secs] [Times: user=0.04 sys=0.00, real=0.01 secs] 
[GC (Allocation Failure) [ParNew: 67585K->118K(97792K), 0.0030802 secs] 134826K->67364K(318656K), 0.0031603 secs] [Times: user=0.01 sys=0.00, real=0.00 secs] 
[GC (Allocation Failure) [ParNew: 67588K->107K(97792K), 0.0070282 secs] 134834K->67359K(318656K), 0.0071095 secs] [Times: user=0.03 sys=0.00, real=0.00 secs] 
[GC (Allocation Failure) [ParNew: 67569K->116K(97792K), 0.0033862 secs] 134821K->67374K(318656K), 0.0034645 secs] [Times: user=0.02 sys=0.01, real=0.00 secs] 
[GC (Allocation Failure) [ParNew: 67643K->192K(97792K), 0.0033096 secs] 134901K->67454K(318656K), 0.0033895 secs] [Times: user=0.00 sys=0.00, real=0.00 secs] 
[GC (Allocation Failure) [ParNew: 67655K->170K(97792K), 0.0075981 secs] 134918K->67439K(318656K), 0.0076788 secs] [Times: user=0.03 sys=0.00, real=0.01 secs] 
[GC (Allocation Failure) [ParNew: 67636K->176K(97792K), 0.0031801 secs] 134905K->67449K(318656K), 0.0032594 secs] [Times: user=0.01 sys=0.00, real=0.01 secs] 
[GC (Allocation Failure) [ParNew: 67644K->187K(97792K), 0.0088344 secs] 134917K->67464K(318656K), 0.0089144 secs] [Times: user=0.04 sys=0.00, real=0.01 secs] 
[GC (Allocation Failure) [ParNew: 67650K->175K(97792K), 0.0047562 secs] 134928K->67458K(318656K), 0.0048361 secs] [Times: user=0.02 sys=0.00, real=0.01 secs] 
[GC (Allocation Failure) [ParNew: 67637K->185K(97792K), 0.0026659 secs] 134920K->67472K(318656K), 0.0027391 secs] [Times: user=0.01 sys=0.00, real=0.00 secs] 
[GC (Allocation Failure) [ParNew: 67647K->106K(97792K), 0.0097486 secs] 134935K->67463K(318656K), 0.0098275 secs] [Times: user=0.05 sys=0.00, real=0.01 secs] 
[GC (Allocation Failure) [ParNew: 67572K->113K(97792K), 0.0033330 secs] 134929K->67475K(318656K), 0.0034113 secs] [Times: user=0.02 sys=0.00, real=0.00 secs] 
[GC (Allocation Failure) [ParNew: 67576K->113K(97792K), 0.0033019 secs] 134938K->67480K(318656K), 0.0033802 secs] [Times: user=0.02 sys=0.00, real=0.00 secs] 
[GC (Allocation Failure) [ParNew: 67580K->105K(97792K), 0.0114792 secs] 134947K->67478K(318656K), 0.0115735 secs] [Times: user=0.05 sys=0.00, real=0.02 secs] 
[GC (Allocation Failure) [ParNew: 67568K->112K(97792K), 0.0152000 secs] 134940K->67489K(318656K), 0.0152806 secs] [Times: user=0.08 sys=0.00, real=0.01 secs] 
[GC (Allocation Failure) [ParNew: 67575K->107K(97792K), 0.0084484 secs] 134952K->67488K(318656K), 0.0085273 secs] [Times: user=0.04 sys=0.00, real=0.00 secs] 
[GC (Allocation Failure) [ParNew: 67571K->105K(97792K), 0.0056380 secs] 134953K->67492K(318656K), 0.0057182 secs] [Times: user=0.02 sys=0.00, real=0.00 secs] 
[GC (Allocation Failure) [ParNew: 67576K->133K(97792K), 0.0292875 secs] 134963K->67525K(318656K), 0.0293689 secs] [Times: user=0.15 sys=0.00, real=0.02 secs] 
[GC (Allocation Failure) [ParNew: 67599K->113K(97792K), 0.0033610 secs] 134991K->67510K(318656K), 0.0034409 secs] [Times: user=0.01 sys=0.00, real=0.00 secs] 
[GC (Allocation Failure) [ParNew: 67639K->190K(97792K), 0.0038716 secs] 135036K->67592K(318656K), 0.0039513 secs] [Times: user=0.01 sys=0.00, real=0.01 secs] 
[GC (Allocation Failure) [ParNew: 67653K->169K(97792K), 0.0032984 secs] 135055K->67576K(318656K), 0.0033795 secs] [Times: user=0.02 sys=0.00, real=0.00 secs] 
[GC (Allocation Failure) [ParNew: 67635K->176K(97792K), 0.0034774 secs] 135042K->67588K(318656K), 0.0035581 secs] [Times: user=0.02 sys=0.00, real=0.01 secs] 
[GC (Allocation Failure) [ParNew: 67641K->177K(97792K), 0.0113813 secs] 135053K->67594K(318656K), 0.0114770 secs] [Times: user=0.06 sys=0.00, real=0.01 secs] 
[GC (Allocation Failure) [ParNew: 67643K->177K(97792K), 0.0205133 secs] 135060K->67599K(318656K), 0.0206057 secs] [Times: user=0.10 sys=0.00, real=0.02 secs] 
[GC (Allocation Failure) [ParNew: 67641K->169K(97792K), 0.0034331 secs] 135064K->67596K(318656K), 0.0035147 secs] [Times: user=0.01 sys=0.00, real=0.00 secs] 
[GC (Allocation Failure) [ParNew: 67632K->126K(97792K), 0.0110811 secs] 135059K->67622K(318656K), 0.0111613 secs] [Times: user=0.06 sys=0.00, real=0.01 secs] 
[GC (Allocation Failure) [ParNew: 67592K->114K(97792K), 0.0065780 secs] 135087K->67615K(318656K), 0.0066563 secs] [Times: user=0.03 sys=0.00, real=0.00 secs] 
[GC (Allocation Failure) [ParNew: 67579K->119K(97792K), 0.0031486 secs] 135080K->67626K(318656K), 0.0032278 secs] [Times: user=0.02 sys=0.00, real=0.01 secs] 
[GC (Allocation Failure) [ParNew: 67583K->120K(97792K), 0.0030678 secs] 135089K->67631K(318656K), 0.0031466 secs] [Times: user=0.01 sys=0.00, real=0.00 secs] 
[GC (Allocation Failure) [ParNew: 67584K->104K(97792K), 0.0034183 secs] 135095K->67620K(318656K), 0.0034967 secs] [Times: user=0.01 sys=0.00, real=0.00 secs] 
[GC (Allocation Failure) [ParNew: 67569K->109K(97792K), 0.0115385 secs] 135084K->67631K(318656K), 0.0116273 secs] [Times: user=0.05 sys=0.00, real=0.02 secs] 
[GC (Allocation Failure) [ParNew: 67574K->112K(97792K), 0.0111889 secs] 135096K->67638K(318656K), 0.0112706 secs] [Times: user=0.05 sys=0.00, real=0.01 secs] 
[GC (Allocation Failure) [ParNew: 67578K->102K(97792K), 0.0043351 secs] 135104K->67633K(318656K), 0.0044294 secs] [Times: user=0.01 sys=0.00, real=0.01 secs] 
[GC (Allocation Failure) [ParNew: 67636K->177K(97792K), 0.0111656 secs] 135167K->67713K(318656K), 0.0112434 secs] [Times: user=0.04 sys=0.00, real=0.01 secs] 
[GC (Allocation Failure) [ParNew: 67640K->178K(97792K), 0.0058960 secs] 135176K->67719K(318656K), 0.0059737 secs] [Times: user=0.02 sys=0.00, real=0.01 secs] 
[GC (Allocation Failure) [ParNew: 67642K->179K(97792K), 0.0032801 secs] 135183K->67726K(318656K), 0.0033588 secs] [Times: user=0.01 sys=0.00, real=0.00 secs] 
[GC (Allocation Failure) [ParNew: 67645K->169K(97792K), 0.0223536 secs] 135192K->67721K(318656K), 0.0224335 secs] [Times: user=0.09 sys=0.00, real=0.02 secs] 
[GC (Allocation Failure) [ParNew: 67636K->170K(97792K), 0.0031093 secs] 135187K->67727K(318656K), 0.0031883 secs] [Times: user=0.01 sys=0.00, real=0.00 secs] 
[GC (Allocation Failure) [ParNew: 67633K->176K(97792K), 0.0167606 secs] 135190K->67738K(318656K), 0.0168388 secs] [Times: user=0.08 sys=0.00, real=0.02 secs] 
[GC (Allocation Failure) [ParNew: 67648K->122K(97792K), 0.0078778 secs] 135210K->67753K(318656K), 0.0079550 secs] [Times: user=0.04 sys=0.00, real=0.01 secs] 
[GC (Allocation Failure) [ParNew: 67588K->115K(97792K), 0.0033215 secs] 135219K->67752K(318656K), 0.0033990 secs] [Times: user=0.02 sys=0.00, real=0.00 secs] 
[GC (Allocation Failure) [ParNew: 67581K->116K(97792K), 0.0159617 secs] 135218K->67757K(318656K), 0.0160450 secs] [Times: user=0.07 sys=0.00, real=0.01 secs] 
[GC (Allocation Failure) [ParNew: 67582K->128K(97792K), 0.0033415 secs] 135222K->67774K(318656K), 0.0034208 secs] [Times: user=0.02 sys=0.00, real=0.01 secs] 
[GC (Allocation Failure) [ParNew: 67591K->125K(97792K), 0.0055195 secs] 135237K->67776K(318656K), 0.0056010 secs] [Times: user=0.02 sys=0.00, real=0.00 secs] 
[GC (Allocation Failure) [ParNew: 67588K->126K(97792K), 0.0057753 secs] 135239K->67782K(318656K), 0.0058566 secs] [Times: user=0.02 sys=0.00, real=0.00 secs] 
[GC (Allocation Failure) [ParNew: 67589K->106K(97792K), 0.0033292 secs] 135245K->67773K(318656K), 0.0034083 secs] [Times: user=0.01 sys=0.00, real=0.00 secs] 
[GC (Allocation Failure) [ParNew: 67573K->110K(97792K), 0.0032376 secs] 135240K->67784K(318656K), 0.0033309 secs] [Times: user=0.02 sys=0.00, real=0.01 secs] 
[GC (Allocation Failure) [ParNew: 67575K->121K(97792K), 0.0183791 secs] 135248K->67800K(318656K), 0.0184589 secs] [Times: user=0.09 sys=0.00, real=0.01 secs] 
[GC (Allocation Failure) [ParNew: 67656K->178K(97792K), 0.0034629 secs] 135334K->67861K(318656K), 0.0035408 secs] [Times: user=0.02 sys=0.00, real=0.00 secs] 
[GC (Allocation Failure) [ParNew: 67641K->180K(97792K), 0.0031977 secs] 135324K->67868K(318656K), 0.0032758 secs] [Times: user=0.02 sys=0.00, real=0.01 secs] 
[GC (Allocation Failure) [ParNew: 67642K->184K(97792K), 0.0068280 secs] 135330K->67876K(318656K), 0.0069071 secs] [Times: user=0.03 sys=0.00, real=0.01 secs] 
[GC (Allocation Failure) [ParNew: 67649K->179K(97792K), 0.0168640 secs] 135342K->67878K(318656K), 0.0169441 secs] [Times: user=0.09 sys=0.00, real=0.02 secs] 
[GC (Allocation Failure) [ParNew: 67646K->179K(97792K), 0.0032902 secs] 135344K->67883K(318656K), 0.0033686 secs] [Times: user=0.01 sys=0.00, real=0.00 secs] 
[GC (Allocation Failure) [ParNew: 67641K->174K(97792K), 0.0033937 secs] 135346K->67883K(318656K), 0.0034743 secs] [Times: user=0.01 sys=0.00, real=0.00 secs] 
[GC (Allocation Failure) [ParNew: 67638K->106K(97792K), 0.0111921 secs] 135348K->67884K(318656K), 0.0112701 secs] [Times: user=0.05 sys=0.00, real=0.02 secs] 
[GC (Allocation Failure) [ParNew: 67570K->105K(97792K), 0.0034017 secs] 135349K->67889K(318656K), 0.0034822 secs] [Times: user=0.01 sys=0.00, real=0.00 secs] 
[GC (Allocation Failure) [ParNew: 67570K->111K(97792K), 0.0031223 secs] 135353K->67899K(318656K), 0.0032020 secs] [Times: user=0.01 sys=0.00, real=0.01 secs] 
[GC (Allocation Failure) [ParNew: 67577K->111K(97792K), 0.0032672 secs] 135365K->67904K(318656K), 0.0033446 secs] [Times: user=0.02 sys=0.00, real=0.00 secs] 
[GC (Allocation Failure) [ParNew: 67577K->104K(97792K), 0.0033169 secs] 135369K->67902K(318656K), 0.0033950 secs] [Times: user=0.01 sys=0.00, real=0.00 secs] 
[GC (Allocation Failure) [ParNew: 67490K->119K(97792K), 0.0118001 secs] 135288K->67922K(318656K), 0.0118792 secs] [Times: user=0.06 sys=0.00, real=0.01 secs] 
[GC (Allocation Failure) [ParNew: 67661K->106K(97792K), 0.0074745 secs] 135464K->67914K(318656K), 0.0075546 secs] [Times: user=0.04 sys=0.00, real=0.00 secs] 
[GC (Allocation Failure) [ParNew: 67570K->112K(97792K), 0.0077492 secs] 135378K->67926K(318656K), 0.0078278 secs] [Times: user=0.03 sys=0.00, real=0.00 secs] 
[GC (Allocation Failure) [ParNew: 67578K->124K(97792K), 0.0031325 secs] 135392K->67943K(318656K), 0.0032102 secs] [Times: user=0.02 sys=0.00, real=0.00 secs] 
[GC (Allocation Failure) [ParNew: 67590K->126K(97792K), 0.0048891 secs] 135409K->67949K(318656K), 0.0049675 secs] [Times: user=0.02 sys=0.00, real=0.01 secs] 
[GC (Allocation Failure) [ParNew: 67663K->182K(97792K), 0.0082839 secs] 135486K->68010K(318656K), 0.0083624 secs] [Times: user=0.04 sys=0.00, real=0.01 secs] 
[GC (Allocation Failure) [ParNew: 67644K->197K(97792K), 0.0075778 secs] 135472K->68030K(318656K), 0.0076560 secs] [Times: user=0.04 sys=0.00, real=0.01 secs] 
[GC (Allocation Failure) [ParNew: 67660K->172K(97792K), 0.0032727 secs] 135492K->68010K(318656K), 0.0033488 secs] [Times: user=0.01 sys=0.00, real=0.00 secs] 
[GC (Allocation Failure) [ParNew: 67634K->167K(97792K), 0.0131644 secs] 135472K->68010K(318656K), 0.0132451 secs] [Times: user=0.06 sys=0.00, real=0.02 secs] 
[GC (Allocation Failure) [ParNew: 67635K->178K(97792K), 0.0032667 secs] 135478K->68026K(318656K), 0.0033434 secs] [Times: user=0.01 sys=0.00, real=0.01 secs] 
[GC (Allocation Failure) [ParNew: 67642K->174K(97792K), 0.0084535 secs] 135490K->68027K(318656K), 0.0085311 secs] [Times: user=0.03 sys=0.00, real=0.01 secs] 
[GC (Allocation Failure) [ParNew: 67638K->106K(97792K), 0.0059789 secs] 135491K->68028K(318656K), 0.0060577 secs] [Times: user=0.03 sys=0.00, real=0.00 secs] 
[GC (Allocation Failure) [ParNew: 67570K->106K(97792K), 0.0033966 secs] 135492K->68032K(318656K), 0.0034740 secs] [Times: user=0.01 sys=0.00, real=0.01 secs] 
[GC (Allocation Failure) [ParNew: 67570K->111K(97792K), 0.0033870 secs] 135497K->68042K(318656K), 0.0034657 secs] [Times: user=0.01 sys=0.00, real=0.00 secs] 
[GC (Allocation Failure) [ParNew: 67575K->111K(97792K), 0.0083554 secs] 135506K->68047K(318656K), 0.0084350 secs] [Times: user=0.03 sys=0.00, real=0.00 secs] 
[GC (Allocation Failure) [ParNew: 67578K->115K(97792K), 0.0034514 secs] 135514K->68056K(318656K), 0.0035289 secs] [Times: user=0.01 sys=0.00, real=0.00 secs] 
[GC (Allocation Failure) [ParNew: 67578K->113K(97792K), 0.0077753 secs] 135519K->68059K(318656K), 0.0078530 secs] [Times: user=0.03 sys=0.00, real=0.01 secs] 
[GC (Allocation Failure) [ParNew: 67579K->120K(97792K), 0.0031083 secs] 135524K->68071K(318656K), 0.0031861 secs] [Times: user=0.02 sys=0.00, real=0.00 secs] 
[GC (Allocation Failure) [ParNew: 67590K->112K(97792K), 0.0048388 secs] 135541K->68068K(318656K), 0.0049165 secs] [Times: user=0.02 sys=0.00, real=0.00 secs] 
[GC (Allocation Failure) [ParNew: 67575K->108K(97792K), 0.0084836 secs] 135531K->68069K(318656K), 0.0085620 secs] [Times: user=0.04 sys=0.00, real=0.01 secs] 
[GC (Allocation Failure) [ParNew: 67638K->170K(97792K), 0.0033265 secs] 135599K->68136K(318656K), 0.0034034 secs] [Times: user=0.01 sys=0.00, real=0.00 secs] 
[GC (Allocation Failure) [ParNew: 67633K->176K(97792K), 0.0085335 secs] 135599K->68147K(318656K), 0.0086105 secs] [Times: user=0.03 sys=0.00, real=0.01 secs] 
[GC (Allocation Failure) [ParNew: 67640K->171K(97792K), 0.0112172 secs] 135612K->68147K(318656K), 0.0112943 secs] [Times: user=0.05 sys=0.00, real=0.02 secs] 
[GC (Allocation Failure) [ParNew: 67513K->181K(97792K), 0.0032728 secs] 135489K->68164K(318656K), 0.0033501 secs] [Times: user=0.01 sys=0.00, real=0.00 secs] 
[GC (Allocation Failure) [ParNew: 67761K->171K(97792K), 0.0138350 secs] 135744K->68159K(318656K), 0.0139124 secs] [Times: user=0.06 sys=0.01, real=0.02 secs] 
[GC (Allocation Failure) [ParNew: 67640K->169K(97792K), 0.0073683 secs] 135628K->68161K(318656K), 0.0074465 secs] [Times: user=0.03 sys=0.00, real=0.01 secs] 
[GC (Allocation Failure) [ParNew: 67632K->112K(97792K), 0.0083746 secs] 135625K->68173K(318656K), 0.0084533 secs] [Times: user=0.04 sys=0.00, real=0.01 secs] 
[GC (Allocation Failure) [ParNew: 67574K->119K(97792K), 0.0042328 secs] 135635K->68185K(318656K), 0.0043195 secs] [Times: user=0.01 sys=0.00, real=0.00 secs] 
[GC (Allocation Failure) [ParNew: 67582K->122K(97792K), 0.0041088 secs] 135649K->68193K(318656K), 0.0041868 secs] [Times: user=0.02 sys=0.00, real=0.01 secs] 
[GC (Allocation Failure) [ParNew: 67589K->118K(97792K), 0.0030674 secs] 135660K->68189K(318656K), 0.0031457 secs] [Times: user=0.01 sys=0.00, real=0.00 secs] 
[GC (Allocation Failure) [ParNew: 67580K->107K(97792K), 0.0033505 secs] 135652K->68188K(318656K), 0.0034278 secs] [Times: user=0.01 sys=0.00, real=0.00 secs] 
[GC (Allocation Failure) [ParNew: 67576K->104K(97792K), 0.0032479 secs] 135656K->68190K(318656K), 0.0033289 secs] [Times: user=0.02 sys=0.00, real=0.01 secs] 
[GC (Allocation Failure) [ParNew: 67569K->123K(97792K), 0.0049091 secs] 135654K->68212K(318656K), 0.0049882 secs] [Times: user=0.02 sys=0.00, real=0.00 secs] 
[GC (Allocation Failure) [ParNew: 67594K->105K(97792K), 0.0027128 secs] 135684K->68199K(318656K), 0.0027907 secs] [Times: user=0.01 sys=0.00, real=0.00 secs] 
[GC (Allocation Failure) [ParNew: 67568K->105K(97792K), 0.0033034 secs] 135663K->68204K(318656K), 0.0033817 secs] [Times: user=0.01 sys=0.00, real=0.00 secs] 
[GC (Allocation Failure) [ParNew: 67632K->189K(97792K), 0.0118439 secs] 135731K->68294K(318656K), 0.0119224 secs] [Times: user=0.06 sys=0.00, real=0.01 secs] 
[GC (Allocation Failure) [ParNew: 67653K->168K(97792K), 0.0069094 secs] 135758K->68278K(318656K), 0.0069884 secs] [Times: user=0.03 sys=0.00, real=0.00 secs] 
[GC (Allocation Failure) [ParNew: 67634K->169K(97792K), 0.0050771 secs] 135744K->68283K(318656K), 0.0051577 secs] [Times: user=0.02 sys=0.00, real=0.00 secs] 
[GC (Allocation Failure) [ParNew: 67632K->189K(97792K), 0.0072576 secs] 135747K->68308K(318656K), 0.0073365 secs] [Times: user=0.03 sys=0.00, real=0.01 secs] 
[GC (Allocation Failure) [ParNew: 67653K->184K(97792K), 0.0045464 secs] 135772K->68308K(318656K), 0.0046362 secs] [Times: user=0.02 sys=0.00, real=0.01 secs] 
[GC (Allocation Failure) [ParNew: 67647K->174K(97792K), 0.0084672 secs] 135771K->68304K(318656K), 0.0085460 secs] [Times: user=0.04 sys=0.00, real=0.01 secs] 
[GC (Allocation Failure) [ParNew: 67638K->114K(97792K), 0.0075274 secs] 135768K->68312K(318656K), 0.0076061 secs] [Times: user=0.04 sys=0.00, real=0.01 secs] 
[GC (Allocation Failure) [ParNew: 67584K->111K(97792K), 0.0063402 secs] 135783K->68314K(318656K), 0.0064190 secs] [Times: user=0.03 sys=0.00, real=0.01 secs] 
[GC (Allocation Failure) [ParNew: 67575K->118K(97792K), 0.0030549 secs] 135778K->68326K(318656K), 0.0031341 secs] [Times: user=0.02 sys=0.00, real=0.00 secs] 
[GC (Allocation Failure) [ParNew: 67589K->121K(97792K), 0.0088175 secs] 135797K->68334K(318656K), 0.0088961 secs] [Times: user=0.04 sys=0.00, real=0.01 secs] 
[GC (Allocation Failure) [ParNew: 67584K->120K(97792K), 0.0031478 secs] 135796K->68337K(318656K), 0.0032275 secs] [Times: user=0.02 sys=0.00, real=0.00 secs] 
[GC (Allocation Failure) [ParNew: 67582K->119K(97792K), 0.0032067 secs] 135800K->68341K(318656K), 0.0033012 secs] [Times: user=0.01 sys=0.00, real=0.01 secs] 
[GC (Allocation Failure) [ParNew: 67581K->122K(97792K), 0.0103872 secs] 135803K->68349K(318656K), 0.0104666 secs] [Times: user=0.05 sys=0.00, real=0.01 secs] 
[GC (Allocation Failure) [ParNew: 67590K->120K(97792K), 0.0047141 secs] 135818K->68352K(318656K), 0.0048113 secs] [Times: user=0.01 sys=0.00, real=0.01 secs] 
[GC (Allocation Failure) [ParNew: 67591K->120K(97792K), 0.0026573 secs] 135822K->68357K(318656K), 0.0027345 secs] [Times: user=0.01 sys=0.00, real=0.00 secs] 
[GC (Allocation Failure) [ParNew: 67582K->106K(97792K), 0.0033443 secs] 135820K->68356K(318656K), 0.0034231 secs] [Times: user=0.01 sys=0.00, real=0.01 secs] 
[GC (Allocation Failure) [ParNew: 67632K->178K(97792K), 0.0181809 secs] 135882K->68432K(318656K), 0.0182579 secs] [Times: user=0.06 sys=0.01, real=0.01 secs] 
[GC (Allocation Failure) [ParNew: 67641K->175K(97792K), 0.0056883 secs] 135896K->68435K(318656K), 0.0057668 secs] [Times: user=0.02 sys=0.00, real=0.00 secs] 
[GC (Allocation Failure) [ParNew: 67643K->179K(97792K), 0.0034281 secs] 135903K->68443K(318656K), 0.0035199 secs] [Times: user=0.01 sys=0.00, real=0.00 secs] 
[GC (Allocation Failure) [ParNew: 67645K->175K(97792K), 0.0041412 secs] 135909K->68445K(318656K), 0.0042186 secs] [Times: user=0.01 sys=0.00, real=0.01 secs] 
[GC (Allocation Failure) [ParNew: 67638K->170K(97792K), 0.0033360 secs] 135907K->68446K(318656K), 0.0034137 secs] [Times: user=0.02 sys=0.00, real=0.00 secs] 
[GC (Allocation Failure) [ParNew: 67634K->174K(97792K), 0.0033982 secs] 135910K->68455K(318656K), 0.0034778 secs] [Times: user=0.01 sys=0.00, real=0.00 secs] 
[GC (Allocation Failure) [ParNew: 67637K->115K(97792K), 0.0129987 secs] 135917K->68465K(318656K), 0.0130777 secs] [Times: user=0.06 sys=0.00, real=0.01 secs] 
[GC (Allocation Failure) [ParNew: 67599K->114K(97792K), 0.0031660 secs] 135948K->68468K(318656K), 0.0032461 secs] [Times: user=0.01 sys=0.00, real=0.01 secs] 
[GC (Allocation Failure) [ParNew: 67581K->125K(97792K), 0.0031492 secs] 135935K->68483K(318656K), 0.0032405 secs] [Times: user=0.01 sys=0.00, real=0.00 secs] 
[GC (Allocation Failure) [ParNew: 67591K->116K(97792K), 0.0086456 secs] 135949K->68479K(318656K), 0.0087240 secs] [Times: user=0.04 sys=0.00, real=0.00 secs] 
[GC (Allocation Failure) [ParNew: 67579K->124K(97792K), 0.0132185 secs] 135942K->68491K(318656K), 0.0132987 secs] [Times: user=0.06 sys=0.00, real=0.01 secs] 
[GC (Allocation Failure) [ParNew: 67588K->133K(97792K), 0.0031925 secs] 135956K->68505K(318656K), 0.0032721 secs] [Times: user=0.01 sys=0.00, real=0.00 secs] 
[GC (Allocation Failure) [ParNew: 67597K->122K(97792K), 0.0044830 secs] 135970K->68500K(318656K), 0.0045611 secs] [Times: user=0.02 sys=0.00, real=0.00 secs] 
[GC (Allocation Failure) [ParNew: 67599K->118K(97792K), 0.0042311 secs] 135976K->68500K(318656K), 0.0043098 secs] [Times: user=0.02 sys=0.00, real=0.00 secs] 
[GC (Allocation Failure) [ParNew: 67581K->109K(97792K), 0.0113340 secs] 135964K->68501K(318656K), 0.0114136 secs] [Times: user=0.04 sys=0.00, real=0.01 secs] 
[GC (Allocation Failure) [ParNew: 67638K->175K(97792K), 0.0032944 secs] 136030K->68572K(318656K), 0.0033722 secs] [Times: user=0.02 sys=0.00, real=0.00 secs] 
[GC (Allocation Failure) [ParNew: 67639K->168K(97792K), 0.0163534 secs] 136036K->68569K(318656K), 0.0164597 secs] [Times: user=0.08 sys=0.00, real=0.02 secs] 
[GC (Allocation Failure) [ParNew: 67634K->181K(97792K), 0.0162514 secs] 136035K->68587K(318656K), 0.0163569 secs] [Times: user=0.08 sys=0.00, real=0.02 secs] 
[GC (Allocation Failure) [ParNew: 67751K->188K(97792K), 0.0043859 secs] 136156K->68598K(318656K), 0.0044837 secs] [Times: user=0.02 sys=0.00, real=0.00 secs] 
[GC (Allocation Failure) [ParNew: 67668K->196K(97792K), 0.0027830 secs] 136078K->68612K(318656K), 0.0028638 secs] [Times: user=0.02 sys=0.00, real=0.01 secs] 
[GC (Allocation Failure) [ParNew: 67662K->195K(97792K), 0.0078059 secs] 136078K->68615K(318656K), 0.0078840 secs] [Times: user=0.03 sys=0.00, real=0.01 secs] 
[GC (Allocation Failure) [ParNew: 67658K->142K(97792K), 0.0032536 secs] 136078K->68630K(318656K), 0.0033327 secs] [Times: user=0.01 sys=0.00, real=0.00 secs] 
[GC (Allocation Failure) [ParNew: 67606K->132K(97792K), 0.0033710 secs] 136094K->68625K(318656K), 0.0034484 secs] [Times: user=0.01 sys=0.00, real=0.00 secs] 
[GC (Allocation Failure) [ParNew: 67597K->145K(97792K), 0.0032017 secs] 136091K->68643K(318656K), 0.0032799 secs] [Times: user=0.02 sys=0.00, real=0.00 secs] 
[GC (Allocation Failure) [ParNew: 67610K->121K(97792K), 0.0032918 secs] 136108K->68629K(318656K), 0.0033687 secs] [Times: user=0.01 sys=0.00, real=0.01 secs] 
[GC (Allocation Failure) [ParNew: 67583K->110K(97792K), 0.0033214 secs] 136092K->68634K(318656K), 0.0034019 secs] [Times: user=0.02 sys=0.00, real=0.00 secs] 
[GC (Allocation Failure) [ParNew: 67573K->104K(97792K), 0.0033820 secs] 136096K->68636K(318656K), 0.0034750 secs] [Times: user=0.01 sys=0.00, real=0.00 secs] 
[GC (Allocation Failure) [ParNew: 67569K->105K(97792K), 0.0035316 secs] 136101K->68642K(318656K), 0.0036106 secs] [Times: user=0.01 sys=0.00, real=0.01 secs] 
[GC (Allocation Failure) [ParNew: 67568K->111K(97792K), 0.0134580 secs] 136104K->68652K(318656K), 0.0135395 secs] [Times: user=0.07 sys=0.00, real=0.01 secs] 
[GC (Allocation Failure) [ParNew: 67586K->111K(97792K), 0.0031361 secs] 136127K->68657K(318656K), 0.0032172 secs] [Times: user=0.01 sys=0.00, real=0.01 secs] 
[GC (Allocation Failure) [ParNew: 67575K->113K(97792K), 0.0078233 secs] 136121K->68663K(318656K), 0.0079045 secs] [Times: user=0.03 sys=0.01, real=0.01 secs] 
[GC (Allocation Failure) [ParNew: 69353K->170K(97792K), 0.0137584 secs] 137904K->68726K(318656K), 0.0138560 secs] [Times: user=0.06 sys=0.00, real=0.02 secs] 
[GC (Allocation Failure) [ParNew: 67281K->233K(97792K), 0.0069424 secs] 135837K->68794K(318656K), 0.0070395 secs] [Times: user=0.03 sys=0.00, real=0.00 secs] 
[GC (Allocation Failure) [ParNew: 68639K->238K(97792K), 0.0033731 secs] 137200K->68803K(318656K), 0.0034502 secs] [Times: user=0.01 sys=0.00, real=0.00 secs] 
[GC (Allocation Failure) [ParNew: 67440K->228K(97792K), 0.0086600 secs] 136005K->68798K(318656K), 0.0087656 secs] [Times: user=0.02 sys=0.00, real=0.01 secs] 
[GC (Allocation Failure) [ParNew: 67512K->241K(97792K), 0.0144713 secs] 136082K->68816K(318656K), 0.0145496 secs] [Times: user=0.06 sys=0.00, real=0.01 secs] 
[GC (Allocation Failure) [ParNew: 67587K->235K(97792K), 0.0034148 secs] 136162K->68814K(318656K), 0.0034935 secs] [Times: user=0.02 sys=0.00, real=0.00 secs] 
[GC (Allocation Failure) [ParNew: 67623K->120K(97792K), 0.0095444 secs] 136202K->68826K(318656K), 0.0096235 secs] [Times: user=0.04 sys=0.00, real=0.00 secs] 
[GC (Allocation Failure) [ParNew: 67536K->109K(97792K), 0.0237852 secs] 136243K->68823K(318656K), 0.0238655 secs] [Times: user=0.11 sys=0.00, real=0.02 secs] 
[GC (Allocation Failure) [ParNew: 67546K->108K(97792K), 0.0033869 secs] 136260K->68828K(318656K), 0.0034662 secs] [Times: user=0.01 sys=0.00, real=0.01 secs] 
--------------- scan all files cost: 25343ms ---------------
******************* table info: 
=============== table_name: s3://mob-emr-test/dataplatform/DataWareHouse/offline/xihe/test1/
=============== range_column: range_col
=================*************************====================
=================************************* data schema: hash_col,col0,range_col
=================************************* output schema: {hash_col#107},{col0#108},{range_col#109}
[GC (Allocation Failure) [ParNew: 87084K->1238K(97792K), 0.0050075 secs] 155804K->69963K(318656K), 0.0051070 secs] [Times: user=0.01 sys=0.00, real=0.00 secs] 
[GC (Allocation Failure) [ParNew: 49473K->1735K(97792K), 0.0065008 secs] 118199K->86849K(318656K), 0.0065868 secs] [Times: user=0.02 sys=0.00, real=0.01 secs] 
[GC (Allocation Failure) [ParNew: 88711K->2184K(97792K), 0.0080046 secs] 173825K->87303K(318656K), 0.0080908 secs] [Times: user=0.01 sys=0.00, real=0.00 secs] 
--------------- rewrite files cost: 11302ms ---------------
java.lang.Thread.getStackTrace(Thread.java:1559)
org.apache.spark.sql.engineplus.Transaction.$anonfun$commit$1(TransactionCommit.scala:170)
scala.runtime.java8.JFunction0$mcV$sp.apply(JFunction0$mcV$sp.java:23)
org.apache.spark.sql.engineplus.SnapshotManagement.lockInterruptibly(SnapshotManagement.scala:163)
org.apache.spark.sql.engineplus.Transaction.commit(TransactionCommit.scala:166)
org.apache.spark.sql.engineplus.Transaction.commit$(TransactionCommit.scala:164)
org.apache.spark.sql.engineplus.TransactionCommit.commit(TransactionCommit.scala:19)
org.apache.spark.sql.engineplus.commands.DeleteCommand.performDelete(DeleteCommand.scala:169)
org.apache.spark.sql.engineplus.commands.DeleteCommand.$anonfun$run$1(DeleteCommand.scala:54)
org.apache.spark.sql.engineplus.commands.DeleteCommand.$anonfun$run$1$adapted(DeleteCommand.scala:53)
org.apache.spark.sql.engineplus.SnapshotManagement.withNewTransaction(SnapshotManagement.scala:105)
org.apache.spark.sql.engineplus.commands.DeleteCommand.run(DeleteCommand.scala:53)
org.apache.spark.sql.execution.command.ExecutedCommandExec.sideEffectResult$lzycompute(commands.scala:70)
org.apache.spark.sql.execution.command.ExecutedCommandExec.sideEffectResult(commands.scala:68)
org.apache.spark.sql.execution.command.ExecutedCommandExec.executeCollect(commands.scala:79)
org.apache.spark.sql.Dataset.$anonfun$logicalPlan$1(Dataset.scala:229)
org.apache.spark.sql.Dataset.$anonfun$withAction$1(Dataset.scala:3644)
org.apache.spark.sql.execution.SQLExecution$.$anonfun$withNewExecutionId$5(SQLExecution.scala:103)
org.apache.spark.sql.execution.SQLExecution$.withSQLConfPropagated(SQLExecution.scala:163)
org.apache.spark.sql.execution.SQLExecution$.$anonfun$withNewExecutionId$1(SQLExecution.scala:90)
org.apache.spark.sql.SparkSession.withActive(SparkSession.scala:764)
org.apache.spark.sql.execution.SQLExecution$.withNewExecutionId(SQLExecution.scala:64)
org.apache.spark.sql.Dataset.withAction(Dataset.scala:3642)
org.apache.spark.sql.Dataset.<init>(Dataset.scala:229)
org.apache.spark.sql.Dataset$.$anonfun$ofRows$1(Dataset.scala:92)
org.apache.spark.sql.SparkSession.withActive(SparkSession.scala:764)
org.apache.spark.sql.Dataset$.ofRows(Dataset.scala:89)
org.apache.spark.sql.engineplus.utils.AnalysisHelper.toDataset(AnalysisHelper.scala:28)
org.apache.spark.sql.engineplus.utils.AnalysisHelper.toDataset$(AnalysisHelper.scala:27)
io.engineplus.tables.EnginePlusTable.toDataset(EnginePlusTable.scala:15)
io.engineplus.tables.execution.EnginePlusTableOperations.executeDelete(EnginePlusTableOperations.scala:43)
io.engineplus.tables.execution.EnginePlusTableOperations.executeDelete$(EnginePlusTableOperations.scala:28)
io.engineplus.tables.EnginePlusTable.executeDelete(EnginePlusTable.scala:15)
io.engineplus.tables.EnginePlusTable.delete(EnginePlusTable.scala:77)
io.engineplus.tables.EnginePlusTable.delete(EnginePlusTable.scala:63)
com.mobvista.dataplatform.test.ConcurrentTest$.commit_merge(ConcurrentTest.scala:115)
com.mobvista.dataplatform.test.ConcurrentTest$.commit(ConcurrentTest.scala:86)
com.mobvista.dataplatform.test.ConcurrentTest$$anon$1.run(ConcurrentTest.scala:45)
java.util.concurrent.ThreadPoolExecutor.runWorker(ThreadPoolExecutor.java:1142)
java.util.concurrent.ThreadPoolExecutor$Worker.run(ThreadPoolExecutor.java:617)
java.lang.Thread.run(Thread.java:748)
=========**** depend_partitions ****========: Set(range_col=0)
=========**** depend_partitions cycle range_key ****========: range_col=0
=========**** final partitions ****========: range_col=0
=========== configuration before commit: Map()
{{{{{{commit: d974c049-6625-4537-9fe2-90734409336a begin!!!}}}}}}
===================add commit undo log ~~~~~
[GC (Allocation Failure) [ParNew: 75570K->1471K(97792K), 0.0046390 secs] 160689K->86594K(318656K), 0.0047199 secs] [Times: user=0.02 sys=0.00, real=0.01 secs] 
[GC (Allocation Failure) [ParNew: 70204K->2057K(97792K), 0.0050350 secs] 155327K->87185K(318656K), 0.0051183 secs] [Times: user=0.01 sys=0.00, real=0.01 secs] 
[GC (Allocation Failure) [ParNew: 69574K->2354K(97792K), 0.0048301 secs] 154701K->87486K(318656K), 0.0049122 secs] [Times: user=0.01 sys=0.00, real=0.01 secs] 
[GC (Allocation Failure) [ParNew: 71118K->2246K(97792K), 0.0207525 secs] 156251K->87795K(318656K), 0.0208591 secs] [Times: user=0.07 sys=0.00, real=0.02 secs] 
[GC (Allocation Failure) [ParNew: 70252K->2570K(97792K), 0.0084632 secs] 155800K->88368K(318656K), 0.0085713 secs] [Times: user=0.02 sys=0.00, real=0.01 secs] 
[GC (Allocation Failure) [ParNew: 70542K->2106K(97792K), 0.0050060 secs] 156341K->88144K(318656K), 0.0051203 secs] [Times: user=0.02 sys=0.01, real=0.01 secs] 
[GC (Allocation Failure) [ParNew: 69943K->2025K(97792K), 0.0098170 secs] 155980K->88201K(318656K), 0.0099240 secs] [Times: user=0.03 sys=0.00, real=0.01 secs] 
[GC (Allocation Failure) [ParNew: 72269K->1752K(97792K), 0.0082716 secs] 158444K->88741K(318656K), 0.0083849 secs] [Times: user=0.03 sys=0.00, real=0.01 secs] 
[GC (Allocation Failure) [ParNew: 74471K->3974K(97792K), 0.0091622 secs] 161460K->91031K(318656K), 0.0092843 secs] [Times: user=0.04 sys=0.00, real=0.01 secs] 
===================add partition undo log ~~~~~
[GC (Allocation Failure) [ParNew: 73339K->4612K(97792K), 0.0262909 secs] 160396K->91897K(318656K), 0.0264015 secs] [Times: user=0.12 sys=0.00, real=0.03 secs] 
===================expire file undo log ~~~~~
===================add file undo log ~~~~~
-------------------delete expire file: s3://mob-emr-test/dataplatform/DataWareHouse/offline/xihe/test1/range_col=0/part-00000-782e1566-0d65-418a-a551-96b9f12ebbe9.c000.snappy.parquet--------------
[GC (Allocation Failure) [ParNew: 73420K->4855K(97792K), 0.0495549 secs] 160705K->92174K(318656K), 0.0496745 secs] [Times: user=0.23 sys=0.00, real=0.05 secs] 
+++++++++++++++++add new file: s3://mob-emr-test/dataplatform/DataWareHouse/offline/xihe/test1/range_col=0/part-00000-27d834de-c053-4d81-9860-222bc75e61e7.c000.snappy.parquet ++++++++++++++++
=====!!!!!!===== batch delete addFile undo log for id=d974c049-6625-4537-9fe2-90734409336a
[GC (Allocation Failure) [ParNew: 72881K->4613K(97792K), 0.0056365 secs] 160201K->92011K(318656K), 0.0057299 secs] [Times: user=0.02 sys=0.00, real=0.00 secs] 
=====!!!!!!===== batch delete expireFile undo log for id=d974c049-6625-4537-9fe2-90734409336a
=====!!!!!!===== batch delete partition undo log for id=d974c049-6625-4537-9fe2-90734409336a
=====!!!!!!===== batch delete commit undo log for id=d974c049-6625-4537-9fe2-90734409336a
{{{{{{commit: d974c049-6625-4537-9fe2-90734409336a success!!!}}}}}}
[GC (Allocation Failure) [ParNew: 74773K->4514K(97792K), 0.0111387 secs] 162171K->91990K(318656K), 0.0112540 secs] [Times: user=0.03 sys=0.00, real=0.01 secs] 
[GC (Allocation Failure) [ParNew: 72154K->5372K(97792K), 0.0064134 secs] 159629K->93150K(318656K), 0.0065303 secs] [Times: user=0.03 sys=0.00, real=0.01 secs] 
============================= use V2 Table
[GC (Allocation Failure) [ParNew: 78032K->3408K(97792K), 0.0086296 secs] 165810K->94269K(318656K), 0.0087445 secs] [Times: user=0.02 sys=0.00, real=0.01 secs] 
========== create snapshot for exists table!!!
[GC (Allocation Failure) [ParNew: 71164K->568K(97792K), 0.0130483 secs] 162025K->91465K(318656K), 0.0131470 secs] [Times: user=0.05 sys=0.00, real=0.02 secs] 
=====***** setting ****======= : Map()
========= table_name: s3://mob-emr-test/dataplatform/DataWareHouse/offline/xihe/test1/, partition_info: range_col=0,range_col=1,range_col=2
========== create snapshot for exists table!!!
[GC (Allocation Failure) [ParNew: 68060K->379K(97792K), 0.0051765 secs] 158957K->91294K(318656K), 0.0052825 secs] [Times: user=0.01 sys=0.00, real=0.01 secs] 
=====***** setting ****======= : Map()
========= table_name: s3://mob-emr-test/dataplatform/DataWareHouse/offline/xihe/test1/, partition_info: range_col=0,range_col=1,range_col=2
=========== not first commit and get snapshot table info!!!
========= table_name: s3://mob-emr-test/dataplatform/DataWareHouse/offline/xihe/test1/
======== data schema: range_col,hash_col,col3
======== merged schema: range_col,hash_col,col0,col1,col3
******************* table info: 
=============== table_name: s3://mob-emr-test/dataplatform/DataWareHouse/offline/xihe/test1/
=============== range_column: range_col
=================*************************====================
=================************************* data schema: range_col,hash_col,col3
=================************************* output schema: {range_col#924},{hash_col#925},{col3#926}
[GC (Allocation Failure) [ParNew: 73027K->502K(97792K), 0.0034950 secs] 163941K->91422K(318656K), 0.0036039 secs] [Times: user=0.02 sys=0.00, real=0.00 secs] 
[GC (GCLocker Initiated GC) [ParNew: 70756K->796K(97792K), 0.0042605 secs] 227212K->157279K(318656K), 0.0043566 secs] [Times: user=0.01 sys=0.00, real=0.01 secs] 
[GC (CMS Initial Mark) [1 CMS-initial-mark: 156483K(220864K)] 157279K(318656K), 0.0027002 secs] [Times: user=0.00 sys=0.00, real=0.00 secs] 
[CMS-concurrent-mark-start]
[GC (Allocation Failure) [ParNew: 77234K->914K(97792K), 0.0076606 secs] 233718K->157403K(318656K), 0.0077683 secs] [Times: user=0.02 sys=0.00, real=0.01 secs] 
[GC (Allocation Failure) [ParNew: 68308K->685K(97792K), 0.0056095 secs] 224797K->157264K(318656K), 0.0057267 secs] [Times: user=0.02 sys=0.00, real=0.01 secs] 
[CMS-concurrent-mark: 0.080/0.107 secs] [Times: user=0.44 sys=0.00, real=0.11 secs] 
[CMS-concurrent-preclean-start]
[CMS-concurrent-preclean: 0.004/0.005 secs] [Times: user=0.02 sys=0.00, real=0.00 secs] 
[CMS-concurrent-abortable-preclean-start]
[GC (Allocation Failure) [ParNew: 68101K->616K(97792K), 0.0037434 secs] 224680K->157234K(318656K), 0.0038358 secs] [Times: user=0.01 sys=0.00, real=0.01 secs] 
[GC (Allocation Failure) [ParNew: 68048K->640K(97792K), 0.0033120 secs] 224666K->157264K(318656K), 0.0034276 secs] [Times: user=0.01 sys=0.00, real=0.00 secs] 
[CMS-concurrent-abortable-preclean: 0.011/0.027 secs] [Times: user=0.08 sys=0.00, real=0.03 secs] 
[GC (CMS Final Remark) [YG occupancy: 66176 K (97792 K)][Rescan (parallel) , 0.0048618 secs][weak refs processing, 0.0003498 secs][class unloading, 0.0231512 secs][scrub symbol table, 0.0199236 secs][scrub string table, 0.0011941 secs][1 CMS-remark: 156624K(220864K)] 222800K(318656K), 0.0497291 secs] [Times: user=0.07 sys=0.00, real=0.05 secs] 
[CMS-concurrent-sweep-start]
[GC (Allocation Failure) [ParNew: 68913K->410K(97792K), 0.0061077 secs] 225533K->157261K(318656K), 0.0061914 secs] [Times: user=0.02 sys=0.00, real=0.01 secs] 
[GC (Allocation Failure) [ParNew: 68687K->387K(97792K), 0.0175919 secs] 225443K->157160K(318656K), 0.0177060 secs] [Times: user=0.09 sys=0.00, real=0.02 secs] 
[GC (Allocation Failure) [ParNew: 68004K->170K(97792K), 0.0032040 secs] 223640K->156052K(318656K), 0.0033175 secs] [Times: user=0.02 sys=0.00, real=0.00 secs] 
[CMS-concurrent-sweep: 0.030/0.088 secs] [Times: user=0.34 sys=0.00, real=0.09 secs] 
[CMS-concurrent-reset-start]
[CMS-concurrent-reset: 0.002/0.002 secs] [Times: user=0.01 sys=0.00, real=0.00 secs] 
[GC (Allocation Failure) [ParNew: 68689K->129K(97792K), 0.0047988 secs] 206454K->137899K(327400K), 0.0049032 secs] [Times: user=0.02 sys=0.00, real=0.01 secs] 
[GC (Allocation Failure) [ParNew: 68538K->131K(97792K), 0.0035451 secs] 206307K->137905K(327400K), 0.0036371 secs] [Times: user=0.02 sys=0.00, real=0.01 secs] 
[GC (Allocation Failure) [ParNew: 69926K->142K(97792K), 0.0036039 secs] 207700K->137922K(327400K), 0.0036941 secs] [Times: user=0.02 sys=0.00, real=0.00 secs] 
[GC (Allocation Failure) [ParNew: 67523K->196K(97792K), 0.0217327 secs] 205303K->137987K(327400K), 0.0218319 secs] [Times: user=0.10 sys=0.01, real=0.02 secs] 
[GC (Allocation Failure) [ParNew: 68298K->220K(97792K), 0.0225428 secs] 206089K->138021K(327400K), 0.0226490 secs] [Times: user=0.11 sys=0.00, real=0.02 secs] 
[GC (Allocation Failure) [ParNew: 67502K->205K(97792K), 0.0291642 secs] 205304K->138013K(327400K), 0.0292675 secs] [Times: user=0.15 sys=0.00, real=0.04 secs] 
[GC (Allocation Failure) [ParNew: 67382K->203K(97792K), 0.0247897 secs] 205189K->138023K(327400K), 0.0249003 secs] [Times: user=0.13 sys=0.00, real=0.03 secs] 
[GC (Allocation Failure) [ParNew: 67540K->231K(97792K), 0.0053554 secs] 205360K->138064K(327400K), 0.0054533 secs] [Times: user=0.03 sys=0.00, real=0.01 secs] 
[GC (Allocation Failure) [ParNew: 67576K->167K(97792K), 0.0102880 secs] 205409K->138061K(327400K), 0.0103875 secs] [Times: user=0.04 sys=0.00, real=0.01 secs] 
[GC (Allocation Failure) [ParNew: 67550K->170K(97792K), 0.0149422 secs] 205445K->138070K(327400K), 0.0150626 secs] [Times: user=0.07 sys=0.00, real=0.02 secs] 
[GC (Allocation Failure) [ParNew: 67583K->169K(97792K), 0.0045819 secs] 205483K->138073K(327400K), 0.0047029 secs] [Times: user=0.02 sys=0.00, real=0.00 secs] 
[GC (Allocation Failure) [ParNew: 67600K->168K(97792K), 0.0277475 secs] 205505K->138077K(327400K), 0.0278823 secs] [Times: user=0.14 sys=0.00, real=0.02 secs] 
[GC (Allocation Failure) [ParNew: 67619K->168K(97792K), 0.0164272 secs] 205528K->138082K(327400K), 0.0165446 secs] [Times: user=0.08 sys=0.00, real=0.02 secs] 
[GC (Allocation Failure) [ParNew: 67617K->103K(97792K), 0.0119709 secs] 205531K->138086K(327400K), 0.0120709 secs] [Times: user=0.06 sys=0.00, real=0.01 secs] 
[GC (Allocation Failure) [ParNew: 67558K->110K(97792K), 0.0073597 secs] 205541K->138097K(327400K), 0.0074543 secs] [Times: user=0.03 sys=0.00, real=0.01 secs] 
[GC (Allocation Failure) [ParNew: 67555K->107K(97792K), 0.0044233 secs] 205543K->138099K(327400K), 0.0045456 secs] [Times: user=0.01 sys=0.00, real=0.01 secs] 
[GC (Allocation Failure) [ParNew: 67583K->110K(97792K), 0.0034272 secs] 205575K->138107K(327400K), 0.0035190 secs] [Times: user=0.01 sys=0.00, real=0.01 secs] 
[GC (Allocation Failure) [ParNew: 67576K->109K(97792K), 0.0059962 secs] 205573K->138110K(327400K), 0.0061165 secs] [Times: user=0.03 sys=0.00, real=0.01 secs] 
[GC (Allocation Failure) [ParNew: 69261K->105K(97792K), 0.0035142 secs] 207262K->138111K(327400K), 0.0036313 secs] [Times: user=0.02 sys=0.00, real=0.00 secs] 
[GC (Allocation Failure) [ParNew: 68652K->169K(97792K), 0.0056145 secs] 206658K->138178K(327400K), 0.0057222 secs] [Times: user=0.03 sys=0.00, real=0.01 secs] 
[GC (Allocation Failure) [ParNew: 67275K->167K(97792K), 0.0035516 secs] 205285K->138182K(327400K), 0.0036483 secs] [Times: user=0.02 sys=0.00, real=0.01 secs] 
[GC (Allocation Failure) [ParNew: 68578K->163K(97792K), 0.0033941 secs] 206592K->138181K(327400K), 0.0034864 secs] [Times: user=0.02 sys=0.00, real=0.00 secs] 
[GC (Allocation Failure) [ParNew: 69980K->172K(97792K), 0.0054841 secs] 207999K->138196K(327400K), 0.0056048 secs] [Times: user=0.03 sys=0.00, real=0.00 secs] 
[GC (Allocation Failure) [ParNew: 67703K->225K(97792K), 0.0217409 secs] 205727K->138257K(327400K), 0.0218527 secs] [Times: user=0.09 sys=0.00, real=0.02 secs] 
[GC (Allocation Failure) [ParNew: 67379K->178K(97792K), 0.0179141 secs] 205410K->138272K(327400K), 0.0180065 secs] [Times: user=0.08 sys=0.00, real=0.02 secs] 
[GC (Allocation Failure) [ParNew: 68628K->181K(97792K), 0.0032940 secs] 206721K->138281K(327400K), 0.0033855 secs] [Times: user=0.02 sys=0.00, real=0.00 secs] 
[GC (Allocation Failure) [ParNew: 67407K->187K(97792K), 0.0031184 secs] 205507K->138293K(327400K), 0.0032220 secs] [Times: user=0.01 sys=0.00, real=0.00 secs] 
[GC (Allocation Failure) [ParNew: 67485K->178K(97792K), 0.0068322 secs] 205590K->138289K(327400K), 0.0069323 secs] [Times: user=0.03 sys=0.00, real=0.01 secs] 
[GC (Allocation Failure) [ParNew: 67536K->168K(97792K), 0.0043775 secs] 205648K->138283K(327400K), 0.0044850 secs] [Times: user=0.02 sys=0.00, real=0.01 secs] 
[GC (Allocation Failure) [ParNew: 67564K->133K(97792K), 0.0240055 secs] 205679K->138317K(327400K), 0.0240968 secs] [Times: user=0.12 sys=0.00, real=0.02 secs] 
[GC (Allocation Failure) [ParNew: 67555K->114K(97792K), 0.0031667 secs] 205739K->138302K(327400K), 0.0032592 secs] [Times: user=0.02 sys=0.00, real=0.01 secs] 
[GC (Allocation Failure) [ParNew: 67551K->105K(97792K), 0.0031041 secs] 205740K->138299K(327400K), 0.0031937 secs] [Times: user=0.01 sys=0.00, real=0.00 secs] 
[GC (Allocation Failure) [ParNew: 67549K->112K(97792K), 0.0042904 secs] 205744K->138311K(327400K), 0.0043828 secs] [Times: user=0.02 sys=0.00, real=0.01 secs] 
[GC (Allocation Failure) [ParNew: 67563K->111K(97792K), 0.0071731 secs] 205762K->138315K(327400K), 0.0072623 secs] [Times: user=0.03 sys=0.00, real=0.01 secs] 
[GC (Allocation Failure) [ParNew: 67568K->116K(97792K), 0.0152355 secs] 205772K->138324K(327400K), 0.0153256 secs] [Times: user=0.08 sys=0.00, real=0.01 secs] 
[GC (Allocation Failure) [ParNew: 67573K->106K(97792K), 0.0031985 secs] 205782K->138319K(327400K), 0.0032970 secs] [Times: user=0.02 sys=0.00, real=0.00 secs] 
[GC (Allocation Failure) [ParNew: 67577K->108K(97792K), 0.0032035 secs] 205791K->138327K(327400K), 0.0033175 secs] [Times: user=0.02 sys=0.00, real=0.01 secs] 
[GC (Allocation Failure) [ParNew: 67569K->104K(97792K), 0.0216279 secs] 205787K->138327K(327400K), 0.0217195 secs] [Times: user=0.09 sys=0.01, real=0.03 secs] 
[GC (Allocation Failure) [ParNew: 67629K->168K(97792K), 0.0034100 secs] 205852K->138396K(327400K), 0.0034994 secs] [Times: user=0.01 sys=0.00, real=0.00 secs] 
[GC (Allocation Failure) [ParNew: 67633K->180K(97792K), 0.0104918 secs] 205861K->138412K(327400K), 0.0105815 secs] [Times: user=0.06 sys=0.00, real=0.01 secs] 
[GC (Allocation Failure) [ParNew: 67643K->181K(97792K), 0.0167412 secs] 205875K->138417K(327400K), 0.0168334 secs] [Times: user=0.08 sys=0.00, real=0.02 secs] 
[GC (Allocation Failure) [ParNew: 67646K->176K(97792K), 0.0095641 secs] 205882K->138416K(327400K), 0.0096659 secs] [Times: user=0.05 sys=0.00, real=0.00 secs] 
[GC (Allocation Failure) [ParNew: 67639K->173K(97792K), 0.0035118 secs] 205880K->138419K(327400K), 0.0036247 secs] [Times: user=0.02 sys=0.00, real=0.00 secs] 
[GC (Allocation Failure) [ParNew: 67637K->175K(97792K), 0.0063560 secs] 205883K->138427K(327400K), 0.0064703 secs] [Times: user=0.02 sys=0.00, real=0.00 secs] 
[GC (Allocation Failure) [ParNew: 67642K->105K(97792K), 0.0045976 secs] 205893K->138424K(327400K), 0.0047121 secs] [Times: user=0.01 sys=0.00, real=0.00 secs] 
[GC (Allocation Failure) [ParNew: 67569K->101K(97792K), 0.0060689 secs] 205888K->138425K(327400K), 0.0061881 secs] [Times: user=0.02 sys=0.00, real=0.01 secs] 
[GC (Allocation Failure) [ParNew: 67566K->99K(97792K), 0.0062543 secs] 205890K->138428K(327400K), 0.0063657 secs] [Times: user=0.02 sys=0.00, real=0.01 secs] 
[GC (Allocation Failure) [ParNew: 67562K->104K(97792K), 0.0032890 secs] 205891K->138437K(327400K), 0.0034008 secs] [Times: user=0.01 sys=0.00, real=0.01 secs] 
[GC (Allocation Failure) [ParNew: 67567K->110K(97792K), 0.0031341 secs] 205900K->138447K(327400K), 0.0032451 secs] [Times: user=0.01 sys=0.00, real=0.00 secs] 
[GC (Allocation Failure) [ParNew: 67572K->103K(97792K), 0.0048794 secs] 205910K->138445K(327400K), 0.0049896 secs] [Times: user=0.01 sys=0.00, real=0.00 secs] 
[GC (Allocation Failure) [ParNew: 67569K->106K(97792K), 0.0063099 secs] 205912K->138454K(327400K), 0.0064270 secs] [Times: user=0.02 sys=0.00, real=0.01 secs] 
[GC (Allocation Failure) [ParNew: 67571K->101K(97792K), 0.0099833 secs] 205918K->138454K(327400K), 0.0100950 secs] [Times: user=0.03 sys=0.00, real=0.02 secs] 
[GC (Allocation Failure) [ParNew: 67560K->106K(97792K), 0.0031622 secs] 205912K->138463K(327400K), 0.0032780 secs] [Times: user=0.01 sys=0.00, real=0.00 secs] 
[GC (Allocation Failure) [ParNew: 67583K->104K(97792K), 0.0130275 secs] 205940K->138465K(327400K), 0.0131156 secs] [Times: user=0.04 sys=0.00, real=0.02 secs] 
[GC (Allocation Failure) [ParNew: 67630K->169K(97792K), 0.0034814 secs] 205992K->138535K(327400K), 0.0035717 secs] [Times: user=0.01 sys=0.00, real=0.01 secs] 
[GC (Allocation Failure) [ParNew: 67636K->166K(97792K), 0.0035497 secs] 206003K->138537K(327400K), 0.0036453 secs] [Times: user=0.01 sys=0.00, real=0.00 secs] 
[GC (Allocation Failure) [ParNew: 67632K->171K(97792K), 0.0069786 secs] 206003K->138547K(327400K), 0.0070685 secs] [Times: user=0.03 sys=0.00, real=0.01 secs] 
[GC (Allocation Failure) [ParNew: 67634K->196K(97792K), 0.0033043 secs] 206009K->138577K(327400K), 0.0033927 secs] [Times: user=0.02 sys=0.00, real=0.01 secs] 
[GC (Allocation Failure) [ParNew: 67660K->176K(97792K), 0.0038726 secs] 206040K->138562K(327400K), 0.0039626 secs] [Times: user=0.01 sys=0.00, real=0.00 secs] 
[GC (Allocation Failure) [ParNew: 67639K->169K(97792K), 0.0034550 secs] 206024K->138559K(327400K), 0.0035450 secs] [Times: user=0.01 sys=0.00, real=0.00 secs] 
[GC (Allocation Failure) [ParNew: 67633K->104K(97792K), 0.0191264 secs] 206024K->138563K(327400K), 0.0192177 secs] [Times: user=0.09 sys=0.00, real=0.02 secs] 
[GC (Allocation Failure) [ParNew: 67576K->104K(97792K), 0.0032219 secs] 206036K->138568K(327400K), 0.0033217 secs] [Times: user=0.02 sys=0.00, real=0.01 secs] 
[GC (Allocation Failure) [ParNew: 67574K->116K(97792K), 0.0035192 secs] 206039K->138585K(327400K), 0.0036321 secs] [Times: user=0.01 sys=0.00, real=0.00 secs] 
[GC (Allocation Failure) [ParNew: 67580K->114K(97792K), 0.0043105 secs] 206048K->138587K(327400K), 0.0044327 secs] [Times: user=0.02 sys=0.00, real=0.00 secs] 
[GC (Allocation Failure) [ParNew: 67576K->126K(97792K), 0.0033267 secs] 206050K->138604K(327400K), 0.0034313 secs] [Times: user=0.01 sys=0.00, real=0.01 secs] 
[GC (Allocation Failure) [ParNew: 67588K->119K(97792K), 0.0031420 secs] 206066K->138601K(327400K), 0.0032327 secs] [Times: user=0.01 sys=0.00, real=0.00 secs] 
[GC (Allocation Failure) [ParNew: 67583K->122K(97792K), 0.0035696 secs] 206066K->138609K(327400K), 0.0036824 secs] [Times: user=0.00 sys=0.00, real=0.01 secs] 
[GC (Allocation Failure) [ParNew: 67656K->187K(97792K), 0.0041138 secs] 206143K->138680K(327400K), 0.0042041 secs] [Times: user=0.02 sys=0.00, real=0.01 secs] 
[GC (Allocation Failure) [ParNew: 67656K->175K(97792K), 0.0036724 secs] 206149K->138677K(327400K), 0.0037629 secs] [Times: user=0.02 sys=0.00, real=0.00 secs] 
[GC (Allocation Failure) [ParNew: 67640K->171K(97792K), 0.0031307 secs] 206143K->138680K(327400K), 0.0032187 secs] [Times: user=0.01 sys=0.00, real=0.00 secs] 
[GC (Allocation Failure) [ParNew: 67634K->177K(97792K), 0.0095618 secs] 206143K->138690K(327400K), 0.0096547 secs] [Times: user=0.04 sys=0.00, real=0.01 secs] 
[GC (Allocation Failure) [ParNew: 67640K->170K(97792K), 0.0032166 secs] 206154K->138688K(327400K), 0.0033056 secs] [Times: user=0.01 sys=0.00, real=0.01 secs] 
[GC (Allocation Failure) [ParNew: 67634K->177K(97792K), 0.0113332 secs] 206152K->138699K(327400K), 0.0114255 secs] [Times: user=0.04 sys=0.00, real=0.01 secs] 
[GC (Allocation Failure) [ParNew: 67643K->107K(97792K), 0.0091510 secs] 206166K->138698K(327400K), 0.0092415 secs] [Times: user=0.04 sys=0.00, real=0.01 secs] 
[GC (Allocation Failure) [ParNew: 67571K->114K(97792K), 0.0032325 secs] 206162K->138711K(327400K), 0.0033235 secs] [Times: user=0.01 sys=0.00, real=0.00 secs] 
[GC (Allocation Failure) [ParNew: 67577K->111K(97792K), 0.0031155 secs] 206174K->138714K(327400K), 0.0032057 secs] [Times: user=0.02 sys=0.00, real=0.01 secs] 
[GC (Allocation Failure) [ParNew: 67574K->111K(97792K), 0.0031317 secs] 206177K->138718K(327400K), 0.0032213 secs] [Times: user=0.02 sys=0.00, real=0.00 secs] 
[GC (Allocation Failure) [ParNew: 67576K->118K(97792K), 0.0039699 secs] 206183K->138730K(327400K), 0.0040594 secs] [Times: user=0.02 sys=0.00, real=0.01 secs] 
[GC (Allocation Failure) [ParNew: 67581K->117K(97792K), 0.0059028 secs] 206193K->138734K(327400K), 0.0059919 secs] [Times: user=0.03 sys=0.00, real=0.00 secs] 
[GC (Allocation Failure) [ParNew: 67582K->124K(97792K), 0.0030902 secs] 206199K->138745K(327400K), 0.0031800 secs] [Times: user=0.01 sys=0.00, real=0.00 secs] 
[GC (Allocation Failure) [ParNew: 67586K->111K(97792K), 0.0190173 secs] 206207K->138738K(327400K), 0.0191088 secs] [Times: user=0.08 sys=0.00, real=0.02 secs] 
[GC (Allocation Failure) [ParNew: 67576K->115K(97792K), 0.0031387 secs] 206203K->138747K(327400K), 0.0032306 secs] [Times: user=0.01 sys=0.00, real=0.01 secs] 
[GC (Allocation Failure) [ParNew: 67579K->116K(97792K), 0.0031753 secs] 206211K->138753K(327400K), 0.0032705 secs] [Times: user=0.02 sys=0.00, real=0.00 secs] 
[GC (Allocation Failure) [ParNew: 67650K->181K(97792K), 0.0112943 secs] 206287K->138823K(327400K), 0.0113844 secs] [Times: user=0.05 sys=0.00, real=0.01 secs] 
[GC (Allocation Failure) [ParNew: 67646K->189K(97792K), 0.0043429 secs] 206288K->138836K(327400K), 0.0044346 secs] [Times: user=0.02 sys=0.00, real=0.00 secs] 
[GC (Allocation Failure) [ParNew: 67650K->183K(97792K), 0.0031330 secs] 206297K->138834K(327400K), 0.0032514 secs] [Times: user=0.01 sys=0.00, real=0.00 secs] 
[GC (Allocation Failure) [ParNew: 67646K->167K(97792K), 0.0078424 secs] 206298K->138823K(327400K), 0.0079320 secs] [Times: user=0.02 sys=0.00, real=0.00 secs] 
[GC (Allocation Failure) [ParNew: 67633K->166K(97792K), 0.0032708 secs] 206289K->138827K(327400K), 0.0033615 secs] [Times: user=0.00 sys=0.00, real=0.00 secs] 
[GC (Allocation Failure) [ParNew: 67631K->164K(97792K), 0.0031530 secs] 206291K->138829K(327400K), 0.0032455 secs] [Times: user=0.01 sys=0.00, real=0.00 secs] 
[GC (Allocation Failure) [ParNew: 67628K->104K(97792K), 0.0033427 secs] 206293K->138839K(327400K), 0.0034352 secs] [Times: user=0.01 sys=0.00, real=0.01 secs] 
[GC (Allocation Failure) [ParNew: 67570K->103K(97792K), 0.0032108 secs] 206305K->138843K(327400K), 0.0033017 secs] [Times: user=0.01 sys=0.00, real=0.00 secs] 
[GC (Allocation Failure) [ParNew: 67567K->104K(97792K), 0.0032008 secs] 206307K->138848K(327400K), 0.0032948 secs] [Times: user=0.01 sys=0.00, real=0.01 secs] 
[GC (Allocation Failure) [ParNew: 67567K->103K(97792K), 0.0030295 secs] 206311K->138851K(327400K), 0.0031205 secs] [Times: user=0.01 sys=0.00, real=0.00 secs] 
[GC (Allocation Failure) [ParNew: 67566K->102K(97792K), 0.0031665 secs] 206314K->138857K(327400K), 0.0032573 secs] [Times: user=0.01 sys=0.00, real=0.00 secs] 
[GC (Allocation Failure) [ParNew: 67569K->103K(97792K), 0.0031775 secs] 206324K->138862K(327400K), 0.0032686 secs] [Times: user=0.01 sys=0.00, real=0.00 secs] 
[GC (Allocation Failure) [ParNew: 67565K->108K(97792K), 0.0032749 secs] 206324K->138871K(327400K), 0.0033648 secs] [Times: user=0.01 sys=0.00, real=0.01 secs] 
[GC (Allocation Failure) [ParNew: 67572K->104K(97792K), 0.0045874 secs] 206336K->138872K(327400K), 0.0046925 secs] [Times: user=0.00 sys=0.00, real=0.00 secs] 
[GC (Allocation Failure) [ParNew: 67566K->109K(97792K), 0.0031595 secs] 206334K->138882K(327400K), 0.0032491 secs] [Times: user=0.01 sys=0.00, real=0.00 secs] 
[GC (Allocation Failure) [ParNew: 67644K->172K(97792K), 0.0031861 secs] 206417K->138950K(327400K), 0.0032751 secs] [Times: user=0.02 sys=0.00, real=0.00 secs] 
[GC (Allocation Failure) [ParNew: 67636K->173K(97792K), 0.0034087 secs] 206413K->138954K(327400K), 0.0034989 secs] [Times: user=0.00 sys=0.00, real=0.00 secs] 
[GC (Allocation Failure) [ParNew: 67636K->169K(97792K), 0.0033717 secs] 206418K->138957K(327400K), 0.0034641 secs] [Times: user=0.01 sys=0.00, real=0.01 secs] 
[GC (Allocation Failure) [ParNew: 67634K->174K(97792K), 0.0033830 secs] 206422K->138967K(327400K), 0.0034731 secs] [Times: user=0.02 sys=0.00, real=0.00 secs] 
[GC (Allocation Failure) [ParNew: 67638K->171K(97792K), 0.0034725 secs] 206430K->138968K(327400K), 0.0035641 secs] [Times: user=0.01 sys=0.00, real=0.00 secs] 
[GC (Allocation Failure) [ParNew: 67635K->169K(97792K), 0.0035151 secs] 206432K->138970K(327400K), 0.0036222 secs] [Times: user=0.01 sys=0.00, real=0.01 secs] 
[GC (Allocation Failure) [ParNew: 67633K->110K(97792K), 0.0032567 secs] 206434K->138980K(327400K), 0.0033488 secs] [Times: user=0.01 sys=0.00, real=0.00 secs] 
[GC (Allocation Failure) [ParNew: 67572K->101K(97792K), 0.0121089 secs] 206442K->138976K(327400K), 0.0122001 secs] [Times: user=0.05 sys=0.00, real=0.02 secs] 
[GC (Allocation Failure) [ParNew: 67566K->108K(97792K), 0.0039209 secs] 206441K->138988K(327400K), 0.0040146 secs] [Times: user=0.02 sys=0.00, real=0.00 secs] 
[GC (Allocation Failure) [ParNew: 67574K->103K(97792K), 0.0096858 secs] 206453K->138987K(327400K), 0.0097764 secs] [Times: user=0.04 sys=0.00, real=0.02 secs] 
[GC (Allocation Failure) [ParNew: 67567K->107K(97792K), 0.0056505 secs] 206451K->138996K(327400K), 0.0057425 secs] [Times: user=0.02 sys=0.00, real=0.00 secs] 
[GC (Allocation Failure) [ParNew: 67570K->109K(97792K), 0.0034334 secs] 206458K->139001K(327400K), 0.0035256 secs] [Times: user=0.01 sys=0.00, real=0.01 secs] 
[GC (Allocation Failure) [ParNew: 67571K->100K(97792K), 0.0034137 secs] 206464K->138997K(327400K), 0.0035049 secs] [Times: user=0.01 sys=0.00, real=0.00 secs] 
[GC (Allocation Failure) [ParNew: 67562K->104K(97792K), 0.0120190 secs] 206459K->139006K(327400K), 0.0121119 secs] [Times: user=0.06 sys=0.00, real=0.01 secs] 
[GC (Allocation Failure) [ParNew: 67577K->108K(97792K), 0.0031851 secs] 206478K->139015K(327400K), 0.0032862 secs] [Times: user=0.01 sys=0.00, real=0.00 secs] 
[GC (Allocation Failure) [ParNew: 67575K->102K(97792K), 0.0054982 secs] 206481K->139012K(327400K), 0.0056105 secs] [Times: user=0.02 sys=0.00, real=0.00 secs] 
[GC (Allocation Failure) [ParNew: 67627K->168K(97792K), 0.0032594 secs] 206538K->139083K(327400K), 0.0033771 secs] [Times: user=0.01 sys=0.00, real=0.00 secs] 
[GC (Allocation Failure) [ParNew: 67631K->167K(97792K), 0.0273413 secs] 206546K->139087K(327400K), 0.0274548 secs] [Times: user=0.13 sys=0.00, real=0.03 secs] 
[GC (Allocation Failure) [ParNew: 67633K->167K(97792K), 0.0035077 secs] 206553K->139091K(327400K), 0.0036213 secs] [Times: user=0.01 sys=0.00, real=0.00 secs] 
[GC (Allocation Failure) [ParNew: 67633K->164K(97792K), 0.0034116 secs] 206557K->139093K(327400K), 0.0035257 secs] [Times: user=0.02 sys=0.00, real=0.00 secs] 
[GC (Allocation Failure) [ParNew: 67630K->162K(97792K), 0.0169059 secs] 206559K->139096K(327400K), 0.0170207 secs] [Times: user=0.08 sys=0.01, real=0.02 secs] 
[GC (Allocation Failure) [ParNew: 67626K->171K(97792K), 0.0032952 secs] 206560K->139109K(327400K), 0.0034056 secs] [Times: user=0.02 sys=0.00, real=0.01 secs] 
[GC (Allocation Failure) [ParNew: 67633K->115K(97792K), 0.0096406 secs] 206571K->139121K(327400K), 0.0097522 secs] [Times: user=0.04 sys=0.00, real=0.01 secs] 
[GC (Allocation Failure) [ParNew: 67580K->109K(97792K), 0.0032495 secs] 206586K->139119K(327400K), 0.0033599 secs] [Times: user=0.01 sys=0.00, real=0.00 secs] 
[GC (Allocation Failure) [ParNew: 67572K->103K(97792K), 0.0058761 secs] 206583K->139118K(327400K), 0.0059853 secs] [Times: user=0.02 sys=0.00, real=0.01 secs] 
[GC (Allocation Failure) [ParNew: 67570K->109K(97792K), 0.0246259 secs] 206586K->139129K(327400K), 0.0247355 secs] [Times: user=0.11 sys=0.00, real=0.03 secs] 
[GC (Allocation Failure) [ParNew: 67573K->103K(97792K), 0.0170423 secs] 206592K->139127K(327400K), 0.0171530 secs] [Times: user=0.06 sys=0.00, real=0.02 secs] 
[GC (Allocation Failure) [ParNew: 67568K->105K(97792K), 0.0031498 secs] 206591K->139133K(327400K), 0.0032603 secs] [Times: user=0.01 sys=0.00, real=0.01 secs] 
[GC (Allocation Failure) [ParNew: 67567K->103K(97792K), 0.0035758 secs] 206596K->139136K(327400K), 0.0036879 secs] [Times: user=0.01 sys=0.00, real=0.00 secs] 
[GC (Allocation Failure) [ParNew: 67578K->98K(97792K), 0.0086682 secs] 206611K->139137K(327400K), 0.0087592 secs] [Times: user=0.02 sys=0.00, real=0.01 secs] 
[GC (Allocation Failure) [ParNew: 67561K->103K(97792K), 0.0030731 secs] 206599K->139146K(327400K), 0.0031636 secs] [Times: user=0.01 sys=0.00, real=0.00 secs] 
[GC (Allocation Failure) [ParNew: 67629K->167K(97792K), 0.0069625 secs] 206672K->139214K(327400K), 0.0070527 secs] [Times: user=0.02 sys=0.00, real=0.01 secs] 
[GC (Allocation Failure) [ParNew: 67632K->174K(97792K), 0.0085362 secs] 206680K->139226K(327400K), 0.0086285 secs] [Times: user=0.03 sys=0.01, real=0.01 secs] 
[GC (Allocation Failure) [ParNew: 67635K->167K(97792K), 0.0043563 secs] 206688K->139224K(327400K), 0.0044477 secs] [Times: user=0.01 sys=0.00, real=0.01 secs] 
[GC (Allocation Failure) [ParNew: 67635K->174K(97792K), 0.0095829 secs] 206691K->139236K(327400K), 0.0096736 secs] [Times: user=0.04 sys=0.00, real=0.01 secs] 
[GC (Allocation Failure) [ParNew: 67638K->172K(97792K), 0.0032962 secs] 206700K->139238K(327400K), 0.0033873 secs] [Times: user=0.01 sys=0.00, real=0.00 secs] 
[GC (Allocation Failure) [ParNew: 67636K->171K(97792K), 0.0031531 secs] 206703K->139242K(327400K), 0.0032448 secs] [Times: user=0.02 sys=0.00, real=0.01 secs] 
[GC (Allocation Failure) [ParNew: 67635K->101K(97792K), 0.0043882 secs] 206706K->139240K(327400K), 0.0044806 secs] [Times: user=0.01 sys=0.00, real=0.00 secs] 
[GC (Allocation Failure) [ParNew: 67566K->101K(97792K), 0.0034721 secs] 206704K->139245K(327400K), 0.0035653 secs] [Times: user=0.00 sys=0.00, real=0.00 secs] 
[GC (Allocation Failure) [ParNew: 67565K->108K(97792K), 0.0031638 secs] 206709K->139256K(327400K), 0.0032547 secs] [Times: user=0.01 sys=0.00, real=0.01 secs] 
[GC (Allocation Failure) [ParNew: 67575K->108K(97792K), 0.0032037 secs] 206723K->139261K(327400K), 0.0032937 secs] [Times: user=0.01 sys=0.00, real=0.00 secs] 
[GC (Allocation Failure) [ParNew: 67571K->103K(97792K), 0.0034158 secs] 206724K->139259K(327400K), 0.0035074 secs] [Times: user=0.02 sys=0.00, real=0.01 secs] 
[GC (Allocation Failure) [ParNew: 67565K->111K(97792K), 0.0031564 secs] 206722K->139272K(327400K), 0.0032461 secs] [Times: user=0.01 sys=0.00, real=0.00 secs] 
[GC (Allocation Failure) [ParNew: 67574K->110K(97792K), 0.0031437 secs] 206735K->139275K(327400K), 0.0032358 secs] [Times: user=0.02 sys=0.00, real=0.00 secs] 
[GC (Allocation Failure) [ParNew: 67574K->111K(97792K), 0.0031651 secs] 206740K->139281K(327400K), 0.0032561 secs] [Times: user=0.02 sys=0.00, real=0.01 secs] 
[GC (Allocation Failure) [ParNew: 67582K->105K(97792K), 0.0044497 secs] 206752K->139280K(327400K), 0.0045389 secs] [Times: user=0.01 sys=0.00, real=0.00 secs] 
[GC (Allocation Failure) [ParNew: 67569K->113K(97792K), 0.0034593 secs] 206744K->139294K(327400K), 0.0035533 secs] [Times: user=0.01 sys=0.00, real=0.01 secs] 
[GC (Allocation Failure) [ParNew: 67641K->167K(97792K), 0.0034459 secs] 206822K->139353K(327400K), 0.0035370 secs] [Times: user=0.01 sys=0.00, real=0.00 secs] 
[GC (Allocation Failure) [ParNew: 67630K->175K(97792K), 0.0033089 secs] 206816K->139367K(327400K), 0.0033985 secs] [Times: user=0.02 sys=0.00, real=0.00 secs] 
[GC (Allocation Failure) [ParNew: 67637K->168K(97792K), 0.0031490 secs] 206829K->139364K(327400K), 0.0032403 secs] [Times: user=0.01 sys=0.00, real=0.01 secs] 
[GC (Allocation Failure) [ParNew: 67633K->173K(97792K), 0.0032777 secs] 206829K->139374K(327400K), 0.0033667 secs] [Times: user=0.01 sys=0.00, real=0.00 secs] 
[GC (Allocation Failure) [ParNew: 67637K->173K(97792K), 0.0035012 secs] 206838K->139379K(327400K), 0.0035931 secs] [Times: user=0.02 sys=0.00, real=0.01 secs] 
[GC (Allocation Failure) [ParNew: 67638K->171K(97792K), 0.0033595 secs] 206843K->139382K(327400K), 0.0034480 secs] [Times: user=0.02 sys=0.00, real=0.00 secs] 
[GC (Allocation Failure) [ParNew: 67635K->97K(97792K), 0.0034959 secs] 206846K->139377K(327400K), 0.0035870 secs] [Times: user=0.01 sys=0.00, real=0.00 secs] 
[GC (Allocation Failure) [ParNew: 67577K->110K(97792K), 0.0033496 secs] 206857K->139394K(327400K), 0.0034410 secs] [Times: user=0.00 sys=0.00, real=0.01 secs] 
[GC (Allocation Failure) [ParNew: 67576K->119K(97792K), 0.0035427 secs] 206860K->139407K(327400K), 0.0036340 secs] [Times: user=0.02 sys=0.00, real=0.00 secs] 
[GC (Allocation Failure) [ParNew: 67585K->122K(97792K), 0.0033433 secs] 206873K->139416K(327400K), 0.0034478 secs] [Times: user=0.01 sys=0.00, real=0.01 secs] 
[GC (Allocation Failure) [ParNew: 67585K->116K(97792K), 0.0034364 secs] 206879K->139414K(327400K), 0.0035280 secs] [Times: user=0.02 sys=0.00, real=0.00 secs] 
[GC (Allocation Failure) [ParNew: 67579K->123K(97792K), 0.0031174 secs] 206877K->139425K(327400K), 0.0032075 secs] [Times: user=0.01 sys=0.00, real=0.00 secs] 
[GC (Allocation Failure) [ParNew: 67587K->121K(97792K), 0.0034940 secs] 206889K->139428K(327400K), 0.0035987 secs] [Times: user=0.01 sys=0.00, real=0.01 secs] 
[GC (Allocation Failure) [ParNew: 67592K->116K(97792K), 0.0033059 secs] 206899K->139439K(327400K), 0.0034278 secs] [Times: user=0.01 sys=0.00, real=0.00 secs] 
[GC (Allocation Failure) [ParNew: 67580K->107K(97792K), 0.0033921 secs] 206903K->139437K(327400K), 0.0034841 secs] [Times: user=0.02 sys=0.00, real=0.01 secs] 
[GC (Allocation Failure) [ParNew: 67635K->175K(97792K), 0.0050574 secs] 206965K->139509K(327400K), 0.0051491 secs] [Times: user=0.02 sys=0.00, real=0.01 secs] 
[GC (Allocation Failure) [ParNew: 67638K->166K(97792K), 0.0210852 secs] 206972K->139504K(327400K), 0.0211758 secs] [Times: user=0.09 sys=0.00, real=0.02 secs] 
[GC (Allocation Failure) [ParNew: 67632K->184K(97792K), 0.0107818 secs] 206971K->139527K(327400K), 0.0108728 secs] [Times: user=0.05 sys=0.00, real=0.01 secs] 
[GC (Allocation Failure) [ParNew: 67648K->174K(97792K), 0.0033034 secs] 206991K->139522K(327400K), 0.0033961 secs] [Times: user=0.02 sys=0.00, real=0.00 secs] 
[GC (Allocation Failure) [ParNew: 67643K->171K(97792K), 0.0057129 secs] 206991K->139524K(327400K), 0.0058032 secs] [Times: user=0.02 sys=0.00, real=0.01 secs] 
[GC (Allocation Failure) [ParNew: 67639K->175K(97792K), 0.0057554 secs] 206991K->139532K(327400K), 0.0058435 secs] [Times: user=0.02 sys=0.00, real=0.01 secs] 
[GC (Allocation Failure) [ParNew: 67638K->109K(97792K), 0.0034044 secs] 206994K->139533K(327400K), 0.0035069 secs] [Times: user=0.01 sys=0.00, real=0.00 secs] 
[GC (Allocation Failure) [ParNew: 67574K->115K(97792K), 0.0101244 secs] 206998K->139544K(327400K), 0.0102156 secs] [Times: user=0.04 sys=0.00, real=0.01 secs] 
[GC (Allocation Failure) [ParNew: 67579K->111K(97792K), 0.0046286 secs] 207007K->139544K(327400K), 0.0047190 secs] [Times: user=0.01 sys=0.00, real=0.01 secs] 
[GC (Allocation Failure) [ParNew: 67574K->115K(97792K), 0.0031471 secs] 207007K->139553K(327400K), 0.0032394 secs] [Times: user=0.02 sys=0.00, real=0.00 secs] 
[GC (Allocation Failure) [ParNew: 67579K->110K(97792K), 0.0032032 secs] 207018K->139554K(327400K), 0.0032942 secs] [Times: user=0.01 sys=0.00, real=0.00 secs] 
[GC (Allocation Failure) [ParNew: 67574K->100K(97792K), 0.0044825 secs] 207019K->139552K(327400K), 0.0045732 secs] [Times: user=0.00 sys=0.00, real=0.01 secs] 
[GC (Allocation Failure) [ParNew: 67564K->104K(97792K), 0.0033036 secs] 207017K->139562K(327400K), 0.0033929 secs] [Times: user=0.01 sys=0.00, real=0.00 secs] 
******************* table info: 
=============== table_name: s3://mob-emr-test/dataplatform/DataWareHouse/offline/xihe/test1/
=============== range_column: range_col
=================*************************====================
=================************************* data schema: hash_col,col0,col1,range_col
=================************************* output schema: {hash_col#944},{col0#945},{col1#946},{range_col#947}
[GC (Allocation Failure) [ParNew: 87080K->1301K(97792K), 0.0172228 secs] 226538K->140763K(327400K), 0.0173522 secs] [Times: user=0.07 sys=0.00, real=0.02 secs] 
[GC (Allocation Failure) [ParNew: 61308K->2064K(97792K), 0.0069438 secs] 200770K->157915K(327400K), 0.0070664 secs] [Times: user=0.02 sys=0.00, real=0.00 secs] 
java.lang.Thread.getStackTrace(Thread.java:1559)
org.apache.spark.sql.engineplus.Transaction.$anonfun$commit$1(TransactionCommit.scala:170)
scala.runtime.java8.JFunction0$mcV$sp.apply(JFunction0$mcV$sp.java:23)
org.apache.spark.sql.engineplus.SnapshotManagement.lockInterruptibly(SnapshotManagement.scala:163)
org.apache.spark.sql.engineplus.Transaction.commit(TransactionCommit.scala:166)
org.apache.spark.sql.engineplus.Transaction.commit$(TransactionCommit.scala:164)
org.apache.spark.sql.engineplus.TransactionCommit.commit(TransactionCommit.scala:19)
org.apache.spark.sql.engineplus.commands.UpdateCommand.performUpdate(UpdateCommand.scala:156)
org.apache.spark.sql.engineplus.commands.UpdateCommand.$anonfun$run$1(UpdateCommand.scala:60)
org.apache.spark.sql.engineplus.commands.UpdateCommand.$anonfun$run$1$adapted(UpdateCommand.scala:59)
org.apache.spark.sql.engineplus.SnapshotManagement.withNewTransaction(SnapshotManagement.scala:105)
org.apache.spark.sql.engineplus.commands.UpdateCommand.run(UpdateCommand.scala:59)
org.apache.spark.sql.execution.command.ExecutedCommandExec.sideEffectResult$lzycompute(commands.scala:70)
org.apache.spark.sql.execution.command.ExecutedCommandExec.sideEffectResult(commands.scala:68)
org.apache.spark.sql.execution.command.ExecutedCommandExec.executeCollect(commands.scala:79)
org.apache.spark.sql.Dataset.$anonfun$logicalPlan$1(Dataset.scala:229)
org.apache.spark.sql.Dataset.$anonfun$withAction$1(Dataset.scala:3644)
org.apache.spark.sql.execution.SQLExecution$.$anonfun$withNewExecutionId$5(SQLExecution.scala:103)
org.apache.spark.sql.execution.SQLExecution$.withSQLConfPropagated(SQLExecution.scala:163)
org.apache.spark.sql.execution.SQLExecution$.$anonfun$withNewExecutionId$1(SQLExecution.scala:90)
org.apache.spark.sql.SparkSession.withActive(SparkSession.scala:764)
org.apache.spark.sql.execution.SQLExecution$.withNewExecutionId(SQLExecution.scala:64)
org.apache.spark.sql.Dataset.withAction(Dataset.scala:3642)
org.apache.spark.sql.Dataset.<init>(Dataset.scala:229)
org.apache.spark.sql.Dataset$.$anonfun$ofRows$1(Dataset.scala:92)
org.apache.spark.sql.SparkSession.withActive(SparkSession.scala:764)
org.apache.spark.sql.Dataset$.ofRows(Dataset.scala:89)
org.apache.spark.sql.engineplus.utils.AnalysisHelper.toDataset(AnalysisHelper.scala:28)
org.apache.spark.sql.engineplus.utils.AnalysisHelper.toDataset$(AnalysisHelper.scala:27)
io.engineplus.tables.EnginePlusTable.toDataset(EnginePlusTable.scala:15)
io.engineplus.tables.execution.EnginePlusTableOperations.executeUpdate(EnginePlusTableOperations.scala:80)
io.engineplus.tables.execution.EnginePlusTableOperations.executeUpdate$(EnginePlusTableOperations.scala:61)
io.engineplus.tables.EnginePlusTable.executeUpdate(EnginePlusTable.scala:15)
io.engineplus.tables.EnginePlusTable.update(EnginePlusTable.scala:162)
com.mobvista.dataplatform.test.ConcurrentTest$.commit_merge(ConcurrentTest.scala:119)
com.mobvista.dataplatform.test.ConcurrentTest$.commit(ConcurrentTest.scala:86)
com.mobvista.dataplatform.test.ConcurrentTest$$anon$1.run(ConcurrentTest.scala:45)
java.util.concurrent.ThreadPoolExecutor.runWorker(ThreadPoolExecutor.java:1142)
java.util.concurrent.ThreadPoolExecutor$Worker.run(ThreadPoolExecutor.java:617)
java.lang.Thread.run(Thread.java:748)
=========**** depend_partitions ****========: Set(range_col=2, range_col=0)
=========**** depend_partitions cycle range_key ****========: range_col=2
=========**** depend_partitions cycle range_key ****========: range_col=0
=========**** final partitions ****========: range_col=2,range_col=0
=========== configuration before commit: Map()
{{{{{{commit: bdd539ea-7d14-4a69-89b7-7480fa325683 begin!!!}}}}}}
===================add commit undo log ~~~~~
===================add partition undo log ~~~~~
===================add partition undo log ~~~~~
!!!!!!!!!!!!!!!!! new file added err, read files: DataFileInfo(s3://mob-emr-test/dataplatform/DataWareHouse/offline/xihe/test1/range_col=0/part-00000-782e1566-0d65-418a-a551-96b9f12ebbe9.c000.snappy.parquet,Map(range_col -> 0),905,1591355922000,,,),DataFileInfo(s3://mob-emr-test/dataplatform/DataWareHouse/offline/xihe/test1/range_col=0/part-00000-99f0e17f-657b-46ad-9aaa-74f4b505e9b4.c000.snappy.parquet,Map(range_col -> 0),1152,1591355923000,,,), commit id: bdd539ea-7d14-4a69-89b7-7480fa325683
============commit failed, commit id=bdd539ea-7d14-4a69-89b7-7480fa325683
=====!!!!!!===== batch delete addFile undo log for id=bdd539ea-7d14-4a69-89b7-7480fa325683
=====!!!!!!===== batch delete expireFile undo log for id=bdd539ea-7d14-4a69-89b7-7480fa325683
=====!!!!!!===== batch delete partition undo log for id=bdd539ea-7d14-4a69-89b7-7480fa325683
=====!!!!!!===== batch delete commit undo log for id=bdd539ea-7d14-4a69-89b7-7480fa325683
!!!!!!!err Rerun commit id: bdd539ea-7d14-4a69-89b7-7480fa325683
[GC (Allocation Failure) [ParNew: 89040K->3526K(97792K), 0.0055362 secs] 244891K->159381K(327400K), 0.0056385 secs] [Times: user=0.02 sys=0.01, real=0.01 secs] 
--------------- rewrite files cost: 21359ms ---------------
java.lang.Thread.getStackTrace(Thread.java:1559)
org.apache.spark.sql.engineplus.Transaction.$anonfun$commit$1(TransactionCommit.scala:170)
scala.runtime.java8.JFunction0$mcV$sp.apply(JFunction0$mcV$sp.java:23)
org.apache.spark.sql.engineplus.SnapshotManagement.lockInterruptibly(SnapshotManagement.scala:163)
org.apache.spark.sql.engineplus.Transaction.commit(TransactionCommit.scala:166)
org.apache.spark.sql.engineplus.Transaction.commit$(TransactionCommit.scala:164)
org.apache.spark.sql.engineplus.TransactionCommit.commit(TransactionCommit.scala:19)
org.apache.spark.sql.engineplus.commands.DeleteCommand.performDelete(DeleteCommand.scala:169)
org.apache.spark.sql.engineplus.commands.DeleteCommand.$anonfun$run$1(DeleteCommand.scala:54)
org.apache.spark.sql.engineplus.commands.DeleteCommand.$anonfun$run$1$adapted(DeleteCommand.scala:53)
org.apache.spark.sql.engineplus.SnapshotManagement.withNewTransaction(SnapshotManagement.scala:105)
org.apache.spark.sql.engineplus.commands.DeleteCommand.run(DeleteCommand.scala:53)
org.apache.spark.sql.execution.command.ExecutedCommandExec.sideEffectResult$lzycompute(commands.scala:70)
org.apache.spark.sql.execution.command.ExecutedCommandExec.sideEffectResult(commands.scala:68)
org.apache.spark.sql.execution.command.ExecutedCommandExec.executeCollect(commands.scala:79)
org.apache.spark.sql.Dataset.$anonfun$logicalPlan$1(Dataset.scala:229)
org.apache.spark.sql.Dataset.$anonfun$withAction$1(Dataset.scala:3644)
org.apache.spark.sql.execution.SQLExecution$.$anonfun$withNewExecutionId$5(SQLExecution.scala:103)
org.apache.spark.sql.execution.SQLExecution$.withSQLConfPropagated(SQLExecution.scala:163)
org.apache.spark.sql.execution.SQLExecution$.$anonfun$withNewExecutionId$1(SQLExecution.scala:90)
org.apache.spark.sql.SparkSession.withActive(SparkSession.scala:764)
org.apache.spark.sql.execution.SQLExecution$.withNewExecutionId(SQLExecution.scala:64)
org.apache.spark.sql.Dataset.withAction(Dataset.scala:3642)
org.apache.spark.sql.Dataset.<init>(Dataset.scala:229)
org.apache.spark.sql.Dataset$.$anonfun$ofRows$1(Dataset.scala:92)
org.apache.spark.sql.SparkSession.withActive(SparkSession.scala:764)
org.apache.spark.sql.Dataset$.ofRows(Dataset.scala:89)
org.apache.spark.sql.engineplus.utils.AnalysisHelper.toDataset(AnalysisHelper.scala:28)
org.apache.spark.sql.engineplus.utils.AnalysisHelper.toDataset$(AnalysisHelper.scala:27)
io.engineplus.tables.EnginePlusTable.toDataset(EnginePlusTable.scala:15)
io.engineplus.tables.execution.EnginePlusTableOperations.executeDelete(EnginePlusTableOperations.scala:43)
io.engineplus.tables.execution.EnginePlusTableOperations.executeDelete$(EnginePlusTableOperations.scala:28)
io.engineplus.tables.EnginePlusTable.executeDelete(EnginePlusTable.scala:15)
io.engineplus.tables.EnginePlusTable.delete(EnginePlusTable.scala:77)
io.engineplus.tables.EnginePlusTable.delete(EnginePlusTable.scala:63)
com.mobvista.dataplatform.test.ConcurrentTest$.commit_merge(ConcurrentTest.scala:115)
com.mobvista.dataplatform.test.ConcurrentTest$.commit(ConcurrentTest.scala:86)
com.mobvista.dataplatform.test.ConcurrentTest$$anon$1.run(ConcurrentTest.scala:45)
java.util.concurrent.ThreadPoolExecutor.runWorker(ThreadPoolExecutor.java:1142)
java.util.concurrent.ThreadPoolExecutor$Worker.run(ThreadPoolExecutor.java:617)
java.lang.Thread.run(Thread.java:748)
=========**** depend_partitions ****========: Set(range_col=0)
=========**** depend_partitions cycle range_key ****========: range_col=0
=========**** final partitions ****========: range_col=0
=========== configuration before commit: Map()
{{{{{{commit: adb574e2-854f-4410-9988-f7ab7e2a07c4 begin!!!}}}}}}
===================add commit undo log ~~~~~
===================add partition undo log ~~~~~
!!!!!!!!!!!!!!!!! new file added err, read files: DataFileInfo(s3://mob-emr-test/dataplatform/DataWareHouse/offline/xihe/test1/range_col=0/part-00000-782e1566-0d65-418a-a551-96b9f12ebbe9.c000.snappy.parquet,Map(range_col -> 0),905,1591355922000,,,), commit id: adb574e2-854f-4410-9988-f7ab7e2a07c4
============commit failed, commit id=adb574e2-854f-4410-9988-f7ab7e2a07c4
=====!!!!!!===== batch delete addFile undo log for id=adb574e2-854f-4410-9988-f7ab7e2a07c4
=====!!!!!!===== batch delete expireFile undo log for id=adb574e2-854f-4410-9988-f7ab7e2a07c4
=====!!!!!!===== batch delete partition undo log for id=adb574e2-854f-4410-9988-f7ab7e2a07c4
=====!!!!!!===== batch delete commit undo log for id=adb574e2-854f-4410-9988-f7ab7e2a07c4
!!!!!!!err Rerun commit id: adb574e2-854f-4410-9988-f7ab7e2a07c4
[GC (Allocation Failure) [ParNew: 85349K->2631K(97792K), 0.0142700 secs] 241204K->158490K(327400K), 0.0143662 secs] [Times: user=0.03 sys=0.00, real=0.01 secs] 
--------------- rewrite files cost: 25343ms ---------------
java.lang.Thread.getStackTrace(Thread.java:1559)
org.apache.spark.sql.engineplus.Transaction.$anonfun$commit$1(TransactionCommit.scala:170)
scala.runtime.java8.JFunction0$mcV$sp.apply(JFunction0$mcV$sp.java:23)
org.apache.spark.sql.engineplus.SnapshotManagement.lockInterruptibly(SnapshotManagement.scala:163)
org.apache.spark.sql.engineplus.Transaction.commit(TransactionCommit.scala:166)
org.apache.spark.sql.engineplus.Transaction.commit$(TransactionCommit.scala:164)
org.apache.spark.sql.engineplus.TransactionCommit.commit(TransactionCommit.scala:19)
org.apache.spark.sql.engineplus.commands.DeleteCommand.performDelete(DeleteCommand.scala:169)
org.apache.spark.sql.engineplus.commands.DeleteCommand.$anonfun$run$1(DeleteCommand.scala:54)
org.apache.spark.sql.engineplus.commands.DeleteCommand.$anonfun$run$1$adapted(DeleteCommand.scala:53)
org.apache.spark.sql.engineplus.SnapshotManagement.withNewTransaction(SnapshotManagement.scala:105)
org.apache.spark.sql.engineplus.commands.DeleteCommand.run(DeleteCommand.scala:53)
org.apache.spark.sql.execution.command.ExecutedCommandExec.sideEffectResult$lzycompute(commands.scala:70)
org.apache.spark.sql.execution.command.ExecutedCommandExec.sideEffectResult(commands.scala:68)
org.apache.spark.sql.execution.command.ExecutedCommandExec.executeCollect(commands.scala:79)
org.apache.spark.sql.Dataset.$anonfun$logicalPlan$1(Dataset.scala:229)
org.apache.spark.sql.Dataset.$anonfun$withAction$1(Dataset.scala:3644)
org.apache.spark.sql.execution.SQLExecution$.$anonfun$withNewExecutionId$5(SQLExecution.scala:103)
org.apache.spark.sql.execution.SQLExecution$.withSQLConfPropagated(SQLExecution.scala:163)
org.apache.spark.sql.execution.SQLExecution$.$anonfun$withNewExecutionId$1(SQLExecution.scala:90)
org.apache.spark.sql.SparkSession.withActive(SparkSession.scala:764)
org.apache.spark.sql.execution.SQLExecution$.withNewExecutionId(SQLExecution.scala:64)
org.apache.spark.sql.Dataset.withAction(Dataset.scala:3642)
org.apache.spark.sql.Dataset.<init>(Dataset.scala:229)
org.apache.spark.sql.Dataset$.$anonfun$ofRows$1(Dataset.scala:92)
org.apache.spark.sql.SparkSession.withActive(SparkSession.scala:764)
org.apache.spark.sql.Dataset$.ofRows(Dataset.scala:89)
org.apache.spark.sql.engineplus.utils.AnalysisHelper.toDataset(AnalysisHelper.scala:28)
org.apache.spark.sql.engineplus.utils.AnalysisHelper.toDataset$(AnalysisHelper.scala:27)
io.engineplus.tables.EnginePlusTable.toDataset(EnginePlusTable.scala:15)
io.engineplus.tables.execution.EnginePlusTableOperations.executeDelete(EnginePlusTableOperations.scala:43)
io.engineplus.tables.execution.EnginePlusTableOperations.executeDelete$(EnginePlusTableOperations.scala:28)
io.engineplus.tables.EnginePlusTable.executeDelete(EnginePlusTable.scala:15)
io.engineplus.tables.EnginePlusTable.delete(EnginePlusTable.scala:77)
io.engineplus.tables.EnginePlusTable.delete(EnginePlusTable.scala:63)
com.mobvista.dataplatform.test.ConcurrentTest$.commit_merge(ConcurrentTest.scala:115)
com.mobvista.dataplatform.test.ConcurrentTest$.commit(ConcurrentTest.scala:86)
com.mobvista.dataplatform.test.ConcurrentTest$$anon$1.run(ConcurrentTest.scala:45)
java.util.concurrent.ThreadPoolExecutor.runWorker(ThreadPoolExecutor.java:1142)
java.util.concurrent.ThreadPoolExecutor$Worker.run(ThreadPoolExecutor.java:617)
java.lang.Thread.run(Thread.java:748)
=========**** depend_partitions ****========: Set(range_col=0)
=========**** depend_partitions cycle range_key ****========: range_col=0
=========**** final partitions ****========: range_col=0
=========== configuration before commit: Map()
{{{{{{commit: b121eaec-8f1a-47a4-b3f1-f5e91342231b begin!!!}}}}}}
===================add commit undo log ~~~~~
===================add partition undo log ~~~~~
!!!!!!!!!!!!!!!!! new file added err, read files: DataFileInfo(s3://mob-emr-test/dataplatform/DataWareHouse/offline/xihe/test1/range_col=0/part-00000-782e1566-0d65-418a-a551-96b9f12ebbe9.c000.snappy.parquet,Map(range_col -> 0),905,1591355922000,,,),DataFileInfo(s3://mob-emr-test/dataplatform/DataWareHouse/offline/xihe/test1/range_col=0/part-00000-99f0e17f-657b-46ad-9aaa-74f4b505e9b4.c000.snappy.parquet,Map(range_col -> 0),1152,1591355923000,,,), commit id: b121eaec-8f1a-47a4-b3f1-f5e91342231b
============commit failed, commit id=b121eaec-8f1a-47a4-b3f1-f5e91342231b
=====!!!!!!===== batch delete addFile undo log for id=b121eaec-8f1a-47a4-b3f1-f5e91342231b
=====!!!!!!===== batch delete expireFile undo log for id=b121eaec-8f1a-47a4-b3f1-f5e91342231b
=====!!!!!!===== batch delete partition undo log for id=b121eaec-8f1a-47a4-b3f1-f5e91342231b
=====!!!!!!===== batch delete commit undo log for id=b121eaec-8f1a-47a4-b3f1-f5e91342231b
!!!!!!!err Rerun commit id: b121eaec-8f1a-47a4-b3f1-f5e91342231b
[GC (Allocation Failure) [ParNew: 77139K->1513K(97792K), 0.0048565 secs] 232999K->157377K(327400K), 0.0049459 secs] [Times: user=0.01 sys=0.00, real=0.00 secs] 
java.lang.Thread.getStackTrace(Thread.java:1559)
org.apache.spark.sql.engineplus.Transaction.$anonfun$commit$1(TransactionCommit.scala:170)
scala.runtime.java8.JFunction0$mcV$sp.apply(JFunction0$mcV$sp.java:23)
org.apache.spark.sql.engineplus.SnapshotManagement.lockInterruptibly(SnapshotManagement.scala:163)
org.apache.spark.sql.engineplus.Transaction.commit(TransactionCommit.scala:166)
org.apache.spark.sql.engineplus.Transaction.commit$(TransactionCommit.scala:164)
org.apache.spark.sql.engineplus.TransactionCommit.commit(TransactionCommit.scala:19)
org.apache.spark.sql.engineplus.commands.WriteIntoTable.$anonfun$run$1(WriteIntoTable.scala:67)
org.apache.spark.sql.engineplus.commands.WriteIntoTable.$anonfun$run$1$adapted(WriteIntoTable.scala:64)
org.apache.spark.sql.engineplus.SnapshotManagement.withNewTransaction(SnapshotManagement.scala:105)
org.apache.spark.sql.engineplus.commands.WriteIntoTable.run(WriteIntoTable.scala:64)
org.apache.spark.sql.engineplus.sources.EnginePlusDataSource.createRelation(EnginePlusDataSource.scala:54)
org.apache.spark.sql.execution.datasources.SaveIntoDataSourceCommand.run(SaveIntoDataSourceCommand.scala:46)
org.apache.spark.sql.execution.command.ExecutedCommandExec.sideEffectResult$lzycompute(commands.scala:70)
org.apache.spark.sql.execution.command.ExecutedCommandExec.sideEffectResult(commands.scala:68)
org.apache.spark.sql.execution.command.ExecutedCommandExec.doExecute(commands.scala:90)
org.apache.spark.sql.execution.SparkPlan.$anonfun$execute$1(SparkPlan.scala:175)
org.apache.spark.sql.execution.SparkPlan.$anonfun$executeQuery$1(SparkPlan.scala:213)
org.apache.spark.rdd.RDDOperationScope$.withScope(RDDOperationScope.scala:151)
org.apache.spark.sql.execution.SparkPlan.executeQuery(SparkPlan.scala:210)
org.apache.spark.sql.execution.SparkPlan.execute(SparkPlan.scala:171)
org.apache.spark.sql.execution.QueryExecution.toRdd$lzycompute(QueryExecution.scala:109)
org.apache.spark.sql.execution.QueryExecution.toRdd(QueryExecution.scala:108)
org.apache.spark.sql.DataFrameWriter.$anonfun$runCommand$1(DataFrameWriter.scala:944)
org.apache.spark.sql.execution.SQLExecution$.$anonfun$withNewExecutionId$5(SQLExecution.scala:103)
org.apache.spark.sql.execution.SQLExecution$.withSQLConfPropagated(SQLExecution.scala:163)
org.apache.spark.sql.execution.SQLExecution$.$anonfun$withNewExecutionId$1(SQLExecution.scala:90)
org.apache.spark.sql.SparkSession.withActive(SparkSession.scala:764)
org.apache.spark.sql.execution.SQLExecution$.withNewExecutionId(SQLExecution.scala:64)
org.apache.spark.sql.DataFrameWriter.runCommand(DataFrameWriter.scala:944)
org.apache.spark.sql.DataFrameWriter.saveToV1Source(DataFrameWriter.scala:396)
org.apache.spark.sql.DataFrameWriter.save(DataFrameWriter.scala:327)
org.apache.spark.sql.DataFrameWriter.save(DataFrameWriter.scala:269)
com.mobvista.dataplatform.test.ConcurrentTest$.commit_merge(ConcurrentTest.scala:111)
com.mobvista.dataplatform.test.ConcurrentTest$.commit(ConcurrentTest.scala:86)
com.mobvista.dataplatform.test.ConcurrentTest$$anon$1.run(ConcurrentTest.scala:45)
java.util.concurrent.ThreadPoolExecutor.runWorker(ThreadPoolExecutor.java:1142)
java.util.concurrent.ThreadPoolExecutor$Worker.run(ThreadPoolExecutor.java:617)
java.lang.Thread.run(Thread.java:748)
=========**** depend_partitions ****========: Set(range_col=2)
=========**** depend_partitions cycle range_key ****========: range_col=2
=========**** final partitions ****========: range_col=2
=========== configuration before commit: Map()
{{{{{{commit: c63452f7-7303-4a9b-b532-0f813e39f23c begin!!!}}}}}}
===================add commit undo log ~~~~~
===================add partition undo log ~~~~~
===================add file undo log ~~~~~
+++++++++++++++++add new file: s3://mob-emr-test/dataplatform/DataWareHouse/offline/xihe/test1/range_col=2/part-00000-e5e17876-28f4-443d-b7a5-cbac9bdafd36.c000.snappy.parquet ++++++++++++++++
=====!!!!!!===== batch delete addFile undo log for id=c63452f7-7303-4a9b-b532-0f813e39f23c
=====!!!!!!===== batch delete expireFile undo log for id=c63452f7-7303-4a9b-b532-0f813e39f23c
=====!!!!!!===== batch delete partition undo log for id=c63452f7-7303-4a9b-b532-0f813e39f23c
=====!!!!!!===== batch delete commit undo log for id=c63452f7-7303-4a9b-b532-0f813e39f23c
{{{{{{commit: c63452f7-7303-4a9b-b532-0f813e39f23c success!!!}}}}}}
========***** file partition map *****=======: Map(range_col -> 0)
========***** file partition map *****=======: Map(range_col -> 1)
========***** file partition map *****=======: Map(range_col -> 2)
[GC (Allocation Failure) [ParNew: 82238K->1923K(97792K), 0.0050526 secs] 238101K->157791K(327400K), 0.0051435 secs] [Times: user=0.01 sys=0.00, real=0.00 secs] 
java.lang.Thread.getStackTrace(Thread.java:1559)
org.apache.spark.sql.engineplus.Transaction.$anonfun$commit$1(TransactionCommit.scala:170)
scala.runtime.java8.JFunction0$mcV$sp.apply(JFunction0$mcV$sp.java:23)
org.apache.spark.sql.engineplus.SnapshotManagement.lockInterruptibly(SnapshotManagement.scala:163)
org.apache.spark.sql.engineplus.Transaction.commit(TransactionCommit.scala:166)
org.apache.spark.sql.engineplus.Transaction.commit$(TransactionCommit.scala:164)
org.apache.spark.sql.engineplus.TransactionCommit.commit(TransactionCommit.scala:19)
org.apache.spark.sql.engineplus.commands.UpdateCommand.performUpdate(UpdateCommand.scala:156)
org.apache.spark.sql.engineplus.commands.UpdateCommand.$anonfun$run$1(UpdateCommand.scala:60)
org.apache.spark.sql.engineplus.commands.UpdateCommand.$anonfun$run$1$adapted(UpdateCommand.scala:59)
org.apache.spark.sql.engineplus.SnapshotManagement.withNewTransaction(SnapshotManagement.scala:105)
org.apache.spark.sql.engineplus.commands.UpdateCommand.run(UpdateCommand.scala:59)
org.apache.spark.sql.execution.command.ExecutedCommandExec.sideEffectResult$lzycompute(commands.scala:70)
org.apache.spark.sql.execution.command.ExecutedCommandExec.sideEffectResult(commands.scala:68)
org.apache.spark.sql.execution.command.ExecutedCommandExec.executeCollect(commands.scala:79)
org.apache.spark.sql.Dataset.$anonfun$logicalPlan$1(Dataset.scala:229)
org.apache.spark.sql.Dataset.$anonfun$withAction$1(Dataset.scala:3644)
org.apache.spark.sql.execution.SQLExecution$.$anonfun$withNewExecutionId$5(SQLExecution.scala:103)
org.apache.spark.sql.execution.SQLExecution$.withSQLConfPropagated(SQLExecution.scala:163)
org.apache.spark.sql.execution.SQLExecution$.$anonfun$withNewExecutionId$1(SQLExecution.scala:90)
org.apache.spark.sql.SparkSession.withActive(SparkSession.scala:764)
org.apache.spark.sql.execution.SQLExecution$.withNewExecutionId(SQLExecution.scala:64)
org.apache.spark.sql.Dataset.withAction(Dataset.scala:3642)
org.apache.spark.sql.Dataset.<init>(Dataset.scala:229)
org.apache.spark.sql.Dataset$.$anonfun$ofRows$1(Dataset.scala:92)
org.apache.spark.sql.SparkSession.withActive(SparkSession.scala:764)
org.apache.spark.sql.Dataset$.ofRows(Dataset.scala:89)
org.apache.spark.sql.engineplus.utils.AnalysisHelper.toDataset(AnalysisHelper.scala:28)
org.apache.spark.sql.engineplus.utils.AnalysisHelper.toDataset$(AnalysisHelper.scala:27)
io.engineplus.tables.EnginePlusTable.toDataset(EnginePlusTable.scala:15)
io.engineplus.tables.execution.EnginePlusTableOperations.executeUpdate(EnginePlusTableOperations.scala:80)
io.engineplus.tables.execution.EnginePlusTableOperations.executeUpdate$(EnginePlusTableOperations.scala:61)
io.engineplus.tables.EnginePlusTable.executeUpdate(EnginePlusTable.scala:15)
io.engineplus.tables.EnginePlusTable.update(EnginePlusTable.scala:162)
com.mobvista.dataplatform.test.ConcurrentTest$.commit_merge(ConcurrentTest.scala:119)
com.mobvista.dataplatform.test.ConcurrentTest$.commit(ConcurrentTest.scala:86)
com.mobvista.dataplatform.test.ConcurrentTest$$anon$1.run(ConcurrentTest.scala:45)
java.util.concurrent.ThreadPoolExecutor.runWorker(ThreadPoolExecutor.java:1142)
java.util.concurrent.ThreadPoolExecutor$Worker.run(ThreadPoolExecutor.java:617)
java.lang.Thread.run(Thread.java:748)
=========**** depend_partitions ****========: Set(range_col=0)
=========**** depend_partitions cycle range_key ****========: range_col=0
=========**** final partitions ****========: range_col=0
=========== configuration before commit: Map()
{{{{{{commit: 149d9823-701b-4fc5-8a12-74ef822738c8 begin!!!}}}}}}
===================add commit undo log ~~~~~
===================add partition undo log ~~~~~
!!!!!!!!!!!!!!!!! new file added err, read files: DataFileInfo(s3://mob-emr-test/dataplatform/DataWareHouse/offline/xihe/test1/range_col=0/part-00000-782e1566-0d65-418a-a551-96b9f12ebbe9.c000.snappy.parquet,Map(range_col -> 0),905,1591355922000,,,),DataFileInfo(s3://mob-emr-test/dataplatform/DataWareHouse/offline/xihe/test1/range_col=0/part-00000-99f0e17f-657b-46ad-9aaa-74f4b505e9b4.c000.snappy.parquet,Map(range_col -> 0),1152,1591355923000,,,), commit id: 149d9823-701b-4fc5-8a12-74ef822738c8
============commit failed, commit id=149d9823-701b-4fc5-8a12-74ef822738c8
=====!!!!!!===== batch delete addFile undo log for id=149d9823-701b-4fc5-8a12-74ef822738c8
=====!!!!!!===== batch delete expireFile undo log for id=149d9823-701b-4fc5-8a12-74ef822738c8
=====!!!!!!===== batch delete partition undo log for id=149d9823-701b-4fc5-8a12-74ef822738c8
=====!!!!!!===== batch delete commit undo log for id=149d9823-701b-4fc5-8a12-74ef822738c8
!!!!!!!err Rerun commit id: 149d9823-701b-4fc5-8a12-74ef822738c8
(((((((((( time cost: 34 )))))))))))
[GC (Allocation Failure) [ParNew: 88899K->1367K(97792K), 0.0056471 secs] 244767K->157531K(327400K), 0.0057386 secs] [Times: user=0.01 sys=0.00, real=0.00 secs] 
Heap
 par new generation   total 97792K, used 34106K [0x00000000c0000000, 0x00000000c6a10000, 0x00000000d5550000)
  eden space 86976K,  37% used [0x00000000c0000000, 0x00000000c1ff8c30, 0x00000000c54f0000)
  from space 10816K,  12% used [0x00000000c54f0000, 0x00000000c5645cc8, 0x00000000c5f80000)
  to   space 10816K,   0% used [0x00000000c5f80000, 0x00000000c5f80000, 0x00000000c6a10000)
 concurrent mark-sweep generation total 229608K, used 156164K [0x00000000d5550000, 0x00000000e358a000, 0x0000000100000000)
 Metaspace       used 142766K, capacity 157020K, committed 157232K, reserved 1185792K
  class space    used 18950K, capacity 20241K, committed 20396K, reserved 1048576K
